Component: ARM Compiler 5.06 update 6 (build 750) Tool: armlink [4d35ed]

==============================================================================

Section Cross References

    main.o(.text) refers to dflt_clz.o(x$fpl$dflt) for __aeabi_i2d
    main.o(.text) refers to ddiv.o(x$fpl$ddiv) for __aeabi_ddiv
    main.o(.text) refers to daddsub_clz.o(x$fpl$dsub) for __aeabi_dsub
    main.o(.text) refers to dmul.o(x$fpl$dmul) for __aeabi_dmul
    main.o(.text) refers to dflt_clz.o(x$fpl$dfltu) for __aeabi_ui2d
    main.o(.text) refers to lcd.o(.text) for LCD_ShowxFloat
    main.o(.text) refers to dfixu.o(x$fpl$dfixu) for __aeabi_d2uiz
    main.o(.text) refers to dfix.o(x$fpl$dfix) for __aeabi_d2iz
    main.o(.text) refers to gt9147.o(.text) for GT9147_Scan
    main.o(.text) refers to daddsub_clz.o(x$fpl$dadd) for __aeabi_dadd
    main.o(.text) refers to dleqf.o(x$fpl$dleqf) for __aeabi_cdcmple
    main.o(.text) refers to drleqf.o(x$fpl$drleqf) for __aeabi_cdrcmple
    main.o(.text) refers to main.o(.data) for data
    main.o(.text) refers to lcd.o(.data) for POINT_COLOR
    main.o(.text) refers to daddsub_clz.o(x$fpl$drsb) for __aeabi_drsub
    main.o(.text) refers to delay.o(.text) for mydelay
    main.o(.text) refers to misc.o(.text) for NVIC_PriorityGroupConfig
    main.o(.text) refers to usart.o(.text) for uart_init
    main.o(.text) refers to adc.o(.text) for Adc_Init
    main.o(.text) refers to spi.o(.text) for SPI1_Init
    main.o(.text) refers to exti.o(.text) for EXTIX_Init
    main.o(.text) refers to touch.o(.data) for tp_dev
    system_stm32f4xx.o(.text) refers to system_stm32f4xx.o(.data) for SystemCoreClock
    led.o(.text) refers to stm32f4xx_rcc.o(.text) for RCC_AHB1PeriphClockCmd
    led.o(.text) refers to stm32f4xx_gpio.o(.text) for GPIO_Init
    lcd.o(.text) refers to _printf_percent.o(.ARM.Collect$$_printf_percent$$00000000) for _printf_percent
    lcd.o(.text) refers to _printf_x.o(.ARM.Collect$$_printf_percent$$0000000C) for _printf_x
    lcd.o(.text) refers to _printf_hex_int.o(.text) for _printf_longlong_hex
    lcd.o(.text) refers to stm32f4xx_rcc.o(.text) for RCC_AHB1PeriphClockCmd
    lcd.o(.text) refers to stm32f4xx_gpio.o(.text) for GPIO_Init
    lcd.o(.text) refers to delay.o(.text) for delay_us
    lcd.o(.text) refers to lcd.o(.bss) for lcddev
    lcd.o(.text) refers to lcd.o(.data) for POINT_COLOR
    lcd.o(.text) refers to dflt_clz.o(x$fpl$dfltu) for __aeabi_ui2d
    lcd.o(.text) refers to dmul.o(x$fpl$dmul) for __aeabi_dmul
    lcd.o(.text) refers to dfixu.o(x$fpl$dfixu) for __aeabi_d2uiz
    lcd.o(.text) refers to stm32f4xx_fsmc.o(.text) for FSMC_NORSRAMInit
    lcd.o(.text) refers to noretval__2printf.o(.text) for __2printf
    lcd.o(.text) refers to lcd.o(.constdata) for asc2_1206
    lcd.o(.text) refers to dleqf.o(x$fpl$dleqf) for __aeabi_cdcmple
    lcd.o(.text) refers to basic.o(x$fpl$basic) for __aeabi_dneg
    lcd.o(.text) refers to dfixull.o(x$fpl$llufromd) for __aeabi_d2ulz
    lcd.o(.text) refers to dfltll_clz.o(x$fpl$dfltull) for __aeabi_ul2d
    lcd.o(.text) refers to daddsub_clz.o(x$fpl$dsub) for __aeabi_dsub
    lcd.o(.text) refers to daddsub_clz.o(x$fpl$drsb) for __aeabi_drsub
    lcd.o(.text) refers to lludivv7m.o(.text) for __aeabi_uldivmod
    lcd.o(.text) refers to dflt_clz.o(x$fpl$dflt) for __aeabi_i2d
    lcd.o(.text) refers to daddsub_clz.o(x$fpl$dadd) for __aeabi_dadd
    key.o(.text) refers to stm32f4xx_rcc.o(.text) for RCC_AHB1PeriphClockCmd
    key.o(.text) refers to stm32f4xx_gpio.o(.text) for GPIO_Init
    key.o(.text) refers to delay.o(.text) for delay_ms
    key.o(.text) refers to key.o(.data) for key_up
    lcd12864.o(.text) refers to stm32f4xx_rcc.o(.text) for RCC_AHB1PeriphClockCmd
    lcd12864.o(.text) refers to stm32f4xx_gpio.o(.text) for GPIO_Init
    lcd12864.o(.text) refers to delay.o(.text) for delay_us
    lcd12864.o(.text) refers to dfixll.o(x$fpl$llsfromd) for __aeabi_d2lz
    lcd12864.o(.text) refers to llsdiv.o(.text) for __aeabi_ldivmod
    lcd12864.o(.text) refers to dmul.o(x$fpl$dmul) for __aeabi_dmul
    lcd12864.o(.text) refers to dflt_clz.o(x$fpl$dflt) for __aeabi_i2d
    lcd12864.o(.text) refers to ddiv.o(x$fpl$ddiv) for __aeabi_ddiv
    lcd12864.o(.text) refers to d2f.o(x$fpl$d2f) for __aeabi_d2f
    lcd12864.o(.text) refers to f2d.o(x$fpl$f2d) for __aeabi_f2d
    lcd12864.o(.text) refers to daddsub_clz.o(x$fpl$dadd) for __aeabi_dadd
    lcd12864.o(.text) refers to dfix.o(x$fpl$dfix) for __aeabi_d2iz
    lcd12864.o(.text) refers to lcd12864.o(.bss) for LCD_GD
    keyboard.o(.text) refers to delay.o(.text) for delay_us
    keyboard.o(.text) refers to stm32f4xx_exti.o(.text) for EXTI_GetITStatus
    keyboard.o(.text) refers to stm32f4xx_gpio.o(.text) for GPIO_Init
    keyboard.o(.text) refers to keyboard.o(.data) for KBCode
    keyboard.o(.text) refers to lcd.o(.text) for LCD_ShowString
    keyboard.o(.text) refers to dfltll_clz.o(x$fpl$dfltll) for __aeabi_l2d
[...]
    .constdata                               0x08010440   Section       10  ft5206.o(.constdata)
    .constdata                               0x0801044a   Section      194  gt9147.o(.constdata)
    .constdata                               0x0801050c   Section       10  ott2001a.o(.constdata)
    .constdata                               0x08010518   Section        4  touch.o(.constdata)
    .constdata                               0x0801051c   Section       28  stm32f4xx_fsmc.o(.constdata)
    .constdata                               0x08010538   Section       40  _printf_hex_int.o(.constdata)
    uc_hextab                                0x08010538   Data          20  _printf_hex_int.o(.constdata)
    lc_hextab                                0x0801054c   Data          20  _printf_hex_int.o(.constdata)
    .conststring                             0x08010560   Section      121  touch.o(.conststring)
    .data                                    0x20000000   Section     1473  main.o(.data)
    .data                                    0x200005c4   Section       20  system_stm32f4xx.o(.data)
    .data                                    0x200005d8   Section        4  lcd.o(.data)
    .data                                    0x200005e0   Section       44  keyboard.o(.data)
    temp_int_s                               0x200005f8   Data           4  keyboard.o(.data)
    i                                        0x200005fc   Data           4  keyboard.o(.data)
    i                                        0x20000600   Data           4  keyboard.o(.data)
    i                                        0x20000604   Data           4  keyboard.o(.data)
    i                                        0x20000608   Data           4  keyboard.o(.data)
    .data                                    0x2000060c   Section        1  ft5206.o(.data)
    t                                        0x2000060c   Data           1  ft5206.o(.data)
    .data                                    0x2000060d   Section        1  gt9147.o(.data)
    t                                        0x2000060d   Data           1  gt9147.o(.data)
    .data                                    0x2000060e   Section        1  ott2001a.o(.data)
    t                                        0x2000060e   Data           1  ott2001a.o(.data)
    .data                                    0x20000610   Section       54  touch.o(.data)
    .data                                    0x20000648   Section       16  exti.o(.data)
    .data                                    0x20000658   Section        4  delay.o(.data)
    fac_us                                   0x20000658   Data           1  delay.o(.data)
    fac_ms                                   0x2000065a   Data           2  delay.o(.data)
    .data                                    0x2000065c   Section        6  usart.o(.data)
    .data                                    0x20000662   Section       16  stm32f4xx_rcc.o(.data)
    APBAHBPrescTable                         0x20000662   Data          16  stm32f4xx_rcc.o(.data)
    .bss                                     0x20000674   Section       14  lcd.o(.bss)
    .bss                                     0x20000682   Section       68  keyboard.o(.bss)
    CHAR_temp                                0x20000682   Data          17  keyboard.o(.bss)
    CHAR_temp                                0x20000693   Data          17  keyboard.o(.bss)
    CHAR_temp                                0x200006a4   Data          17  keyboard.o(.bss)
    CHAR_temp                                0x200006b5   Data          17  keyboard.o(.bss)
    .bss                                     0x200006c6   Section      200  usart.o(.bss)
    .bss                                     0x20000790   Section       96  libspace.o(.bss)
    HEAP                                     0x200007f0   Section      512  startup_stm32f40_41xxx.o(HEAP)
    Heap_Mem                                 0x200007f0   Data         512  startup_stm32f40_41xxx.o(HEAP)
    STACK                                    0x200009f0   Section     1024  startup_stm32f40_41xxx.o(STACK)
    Stack_Mem                                0x200009f0   Data        1024  startup_stm32f40_41xxx.o(STACK)
    __initial_sp                             0x20000df0   Data           0  startup_stm32f40_41xxx.o(STACK)

    Global Symbols

    Symbol Name                              Value     Ov Type        Size  Object(Section)

    BuildAttributes$$THM_ISAv4$E$P$D$K$B$S$7EM$VFPi3$EXTD16$VFPS$VFMA$PE$A:L22UL41UL21$X:L11$S22US41US21$IEEE1$IW$USESV6$~STKCKD$USESV7$~SHL$OTIME$ROPI$IEEEJ$EBA8$UX$STANDARDLIB$REQ8$PRES8$EABIv2 0x00000000   Number         0  anon$$obj.o ABSOLUTE
    __ARM_use_no_argv                        0x00000000   Number         0  main.o ABSOLUTE
    __ARM_exceptions_init                     - Undefined Weak Reference
    __alloca_initialize                       - Undefined Weak Reference
    __arm_preinit_                            - Undefined Weak Reference
    __cpp_initialize__aeabi_                  - Undefined Weak Reference
    __cxa_finalize                            - Undefined Weak Reference
    __rt_locale                               - Undefined Weak Reference
    __sigvec_lookup                           - Undefined Weak Reference
    _atexit_init                              - Undefined Weak Reference
    _call_atexit_fns                          - Undefined Weak Reference
    _clock_init                               - Undefined Weak Reference
    _fp_trap_init                             - Undefined Weak Reference
    _fp_trap_shutdown                         - Undefined Weak Reference
    _get_lc_collate                           - Undefined Weak Reference
    _get_lc_ctype                             - Undefined Weak Reference
    _get_lc_monetary                          - Undefined Weak Reference
    _get_lc_numeric                           - Undefined Weak Reference
    _get_lc_time                              - Undefined Weak Reference
    _getenv_init                              - Undefined Weak Reference
    _handle_redirection                       - Undefined Weak Reference
    _init_alloc                               - Undefined Weak Reference
    _init_user_alloc                          - Undefined Weak Reference
    _initio                                   - Undefined Weak Reference
    _mutex_acquire                            - Undefined Weak Reference
    _mutex_release                            - Undefined Weak Reference
    _printf_mbtowc                            - Undefined Weak Reference
    _printf_post_padding                      - Undefined Weak Reference
    _printf_pre_padding                       - Undefined Weak Reference
    _printf_truncate_signed                   - Undefined Weak Reference
    _printf_truncate_unsigned                 - Undefined Weak Reference
    _rand_init                                - Undefined Weak Reference
    _signal_finish                            - Undefined Weak Reference
    _signal_init                              - Undefined Weak Reference
    _terminate_alloc                          - Undefined Weak Reference
    _terminate_user_alloc                     - Undefined Weak Reference
    _terminateio                              - Undefined Weak Reference
    __Vectors_Size                           0x00000188   Number         0  startup_stm32f40_41xxx.o ABSOLUTE
    __Vectors                                0x08000000   Data           4  startup_stm32f40_41xxx.o(RESET)
    __Vectors_End                            0x08000188   Data           0  startup_stm32f40_41xxx.o(RESET)
    __main                                   0x08000189   Thumb Code     8  __main.o(!!!main)
    __scatterload                            0x08000191   Thumb Code     0  __scatter.o(!!!scatter)
    __scatterload_rt2                        0x08000191   Thumb Code    44  __scatter.o(!!!scatter)
    __scatterload_rt2_thumb_only             0x08000191   Thumb Code     0  __scatter.o(!!!scatter)
    __scatterload_null                       0x0800019f   Thumb Code     0  __scatter.o(!!!scatter)
    __decompress                             0x080001c5   Thumb Code    90  __dczerorl2.o(!!dczerorl2)
    __decompress1                            0x080001c5   Thumb Code     0  __dczerorl2.o(!!dczerorl2)
    __scatterload_zeroinit                   0x08000221   Thumb Code    28  __scatter_zi.o(!!handler_zi)
    _printf_d                                0x0800023d   Thumb Code     0  _printf_d.o(.ARM.Collect$$_printf_percent$$00000009)
    _printf_percent                          0x0800023d   Thumb Code     0  _printf_percent.o(.ARM.Collect$$_printf_percent$$00000000)
    _printf_x                                0x08000243   Thumb Code     0  _printf_x.o(.ARM.Collect$$_printf_percent$$0000000C)
    _printf_s                                0x08000249   Thumb Code     0  _printf_s.o(.ARM.Collect$$_printf_percent$$00000014)
    _printf_percent_end                      0x0800024f   Thumb Code     0  _printf_percent_end.o(.ARM.Collect$$_printf_percent$$00000017)
    __rt_lib_init                            0x08000253   Thumb Code     0  libinit.o(.ARM.Collect$$libinit$$00000000)
    __rt_lib_init_fp_1                       0x08000255   Thumb Code     0  libinit2.o(.ARM.Collect$$libinit$$00000001)
    __rt_lib_init_alloca_1                   0x08000259   Thumb Code     0  libinit2.o(.ARM.Collect$$libinit$$0000002E)
    __rt_lib_init_argv_1                     0x08000259   Thumb Code     0  libinit2.o(.ARM.Collect$$libinit$$0000002C)
    __rt_lib_init_atexit_1                   0x08000259   Thumb Code     0  libinit2.o(.ARM.Collect$$libinit$$0000001B)
    __rt_lib_init_clock_1                    0x08000259   Thumb Code     0  libinit2.o(.ARM.Collect$$libinit$$00000021)
    __rt_lib_init_cpp_1                      0x08000259   Thumb Code     0  libinit2.o(.ARM.Collect$$libinit$$00000032)
    __rt_lib_init_exceptions_1               0x08000259   Thumb Code     0  libinit2.o(.ARM.Collect$$libinit$$00000030)
    __rt_lib_init_fp_trap_1                  0x08000259   Thumb Code     0  libinit2.o(.ARM.Collect$$libinit$$0000001F)
    __rt_lib_init_getenv_1                   0x08000259   Thumb Code     0  libinit2.o(.ARM.Collect$$libinit$$00000023)
    __rt_lib_init_heap_1                     0x08000259   Thumb Code     0  libinit2.o(.ARM.Collect$$libinit$$0000000A)
    __rt_lib_init_lc_collate_1               0x08000259   Thumb Code     0  libinit2.o(.ARM.Collect$$libinit$$00000011)
    __rt_lib_init_lc_ctype_1                 0x08000259   Thumb Code     0  libinit2.o(.ARM.Collect$$libinit$$00000013)
    __rt_lib_init_lc_monetary_1              0x08000259   Thumb Code     0  libinit2.o(.ARM.Collect$$libinit$$00000015)
    __rt_lib_init_lc_numeric_1               0x08000259   Thumb Code     0  libinit2.o(.ARM.Collect$$libinit$$00000017)
    __rt_lib_init_lc_time_1                  0x08000259   Thumb Code     0  libinit2.o(.ARM.Collect$$libinit$$00000019)
    __rt_lib_init_preinit_1                  0x08000259   Thumb Code     0  libinit2.o(.ARM.Collect$$libinit$$00000004)
    __rt_lib_init_rand_1                     0x08000259   Thumb Code     0  libinit2.o(.ARM.Collect$$libinit$$0000000E)
    __rt_lib_init_return                     0x08000259   Thumb Code     0  libinit2.o(.ARM.Collect$$libinit$$00000033)
    __rt_lib_init_signal_1                   0x08000259   Thumb Code     0  libinit2.o(.ARM.Collect$$libinit$$0000001D)
    __rt_lib_init_stdio_1                    0x08000259   Thumb Code     0  libinit2.o(.ARM.Collect$$libinit$$00000025)
    __rt_lib_init_user_alloc_1               0x08000259   Thumb Code     0  libinit2.o(.ARM.Collect$$libinit$$0000000C)
    __rt_lib_shutdown                        0x0800025b   Thumb Code     0  libshutdown.o(.ARM.Collect$$libshutdown$$00000000)
    __rt_lib_shutdown_cpp_1                  0x0800025d   Thumb Code     0  libshutdown2.o(.ARM.Collect$$libshutdown$$00000002)
    __rt_lib_shutdown_fp_trap_1              0x0800025d   Thumb Code     0  libshutdown2.o(.ARM.Collect$$libshutdown$$00000007)
    __rt_lib_shutdown_heap_1                 0x0800025d   Thumb Code     0  libshutdown2.o(.ARM.Collect$$libshutdown$$0000000F)
    __rt_lib_shutdown_return                 0x0800025d   Thumb Code     0  libshutdown2.o(.ARM.Collect$$libshutdown$$00000010)
    __rt_lib_shutdown_signal_1               0x0800025d   Thumb Code     0  libshutdown2.o(.ARM.Collect$$libshutdown$$0000000A)
    __rt_lib_shutdown_stdio_1                0x0800025d   Thumb Code     0  libshutdown2.o(.ARM.Collect$$libshutdown$$00000004)
    __rt_lib_shutdown_user_alloc_1           0x0800025d   Thumb Code     0  libshutdown2.o(.ARM.Collect$$libshutdown$$0000000C)
    __rt_entry                               0x0800025f   Thumb Code     0  __rtentry.o(.ARM.Collect$$rtentry$$00000000)
    __rt_entry_presh_1                       0x0800025f   Thumb Code     0  __rtentry2.o(.ARM.Collect$$rtentry$$00000002)
    __rt_entry_sh                            0x0800025f   Thumb Code     0  __rtentry4.o(.ARM.Collect$$rtentry$$00000004)
    __rt_entry_li                            0x08000265   Thumb Code     0  __rtentry2.o(.ARM.Collect$$rtentry$$0000000A)
    __rt_entry_postsh_1                      0x08000265   Thumb Code     0  __rtentry2.o(.ARM.Collect$$rtentry$$00000009)
    __rt_entry_main                          0x08000269   Thumb Code     0  __rtentry2.o(.ARM.Collect$$rtentry$$0000000D)
    __rt_entry_postli_1                      0x08000269   Thumb Code     0  __rtentry2.o(.ARM.Collect$$rtentry$$0000000C)
    __rt_exit                                0x08000271   Thumb Code     0  rtexit.o(.ARM.Collect$$rtexit$$00000000)
    __rt_exit_ls                             0x08000273   Thumb Code     0  rtexit2.o(.ARM.Collect$$rtexit$$00000003)
    __rt_exit_prels_1                        0x08000273   Thumb Code     0  rtexit2.o(.ARM.Collect$$rtexit$$00000002)
    __rt_exit_exit                           0x08000277   Thumb Code     0  rtexit2.o(.ARM.Collect$$rtexit$$00000004)
    Display_Wave                             0x0800027d   Thumb Code  1856  main.o(.text)
    Filter_Menu                              0x080009bd   Thumb Code   794  main.o(.text)
    main                                     0x08000cd7   Thumb Code  1060  main.o(.text)
    NMI_Handler                              0x08001111   Thumb Code     2  stm32f4xx_it.o(.text)
    HardFault_Handler                        0x08001113   Thumb Code     4  stm32f4xx_it.o(.text)
    MemManage_Handler                        0x08001117   Thumb Code     4  stm32f4xx_it.o(.text)
    BusFault_Handler                         0x0800111b   Thumb Code     4  stm32f4xx_it.o(.text)
    UsageFault_Handler                       0x0800111f   Thumb Code     4  stm32f4xx_it.o(.text)
    SVC_Handler                              0x08001123   Thumb Code     2  stm32f4xx_it.o(.text)
    DebugMon_Handler                         0x08001125   Thumb Code     2  stm32f4xx_it.o(.text)
    PendSV_Handler                           0x08001127   Thumb Code     2  stm32f4xx_it.o(.text)
    SysTick_Handler                          0x08001129   Thumb Code     2  stm32f4xx_it.o(.text)
    SystemInit                               0x08001209   Thumb Code    88  system_stm32f4xx.o(.text)
    SystemCoreClockUpdate                    0x08001261   Thumb Code   174  system_stm32f4xx.o(.text)
    reset_init                               0x0800133d   Thumb Code    48  lcd.o(.text)
    LCD_WR_REG                               0x0800136d   Thumb Code    18  lcd.o(.text)
    LCD_WR_DATA                              0x0800137f   Thumb Code    20  lcd.o(.text)
    LCD_RD_DATA                              0x08001393   Thumb Code    16  lcd.o(.text)
    LCD_WriteReg                             0x080013a3   Thumb Code    14  lcd.o(.text)
    LCD_ReadReg                              0x080013b1   Thumb Code    22  lcd.o(.text)
    LCD_WriteRAM_Prepare                     0x080013c7   Thumb Code    10  lcd.o(.text)
    LCD_WriteRAM                             0x080013d1   Thumb Code     8  lcd.o(.text)
    LCD_BGR2RGB                              0x080013d9   Thumb Code    26  lcd.o(.text)
    opt_delay                                0x080013f3   Thumb Code    14  lcd.o(.text)
    LCD_SetCursor                            0x08001401   Thumb Code   418  lcd.o(.text)
    LCD_ReadPoint                            0x080015a3   Thumb Code   360  lcd.o(.text)
    LCD_DisplayOn                            0x0800170b   Thumb Code   104  lcd.o(.text)
    LCD_DisplayOff                           0x08001773   Thumb Code    90  lcd.o(.text)
    LCD_Scan_Dir                             0x080017cd   Thumb Code   744  lcd.o(.text)
    LCD_DrawPoint                            0x08001ab5   Thumb Code    28  lcd.o(.text)
    LCD_Fast_DrawPoint                       0x08001ad1   Thumb Code   388  lcd.o(.text)
    LCD_SSD_BackLightSet                     0x08001c55   Thumb Code    88  lcd.o(.text)
    LCD_Display_Dir                          0x08001cad   Thumb Code   444  lcd.o(.text)
    LCD_Set_Window                           0x08001e69   Thumb Code   546  lcd.o(.text)
    LCD_Clear                                0x0800208b   Thumb Code   100  lcd.o(.text)
    LCD_Init                                 0x080020ef   Thumb Code 14730  lcd.o(.text)
    LCD_Fill                                 0x08005a79   Thumb Code   180  lcd.o(.text)
    LCD_Color_Fill                           0x08005b2d   Thumb Code   100  lcd.o(.text)
    LCD_DrawLine                             0x08005b91   Thumb Code   176  lcd.o(.text)
    LCD_DrawRectangle                        0x08005c41   Thumb Code    60  lcd.o(.text)
    LCD_Draw_Circle                          0x08005c7d   Thumb Code   152  lcd.o(.text)
    LCD_ShowChar                             0x08005d15   Thumb Code   288  lcd.o(.text)
    LCD_Pow                                  0x08005e35   Thumb Code    22  lcd.o(.text)
    LCD_ShowNum                              0x08005e4b   Thumb Code   148  lcd.o(.text)
    LCD_ShowxNum                             0x08005edf   Thumb Code   224  lcd.o(.text)
    LCD_ShowString                           0x08005fbf   Thumb Code   102  lcd.o(.text)
    LCD_ShowxString                          0x08006025   Thumb Code   104  lcd.o(.text)
    LCD_ShowFloat                            0x0800608d   Thumb Code   556  lcd.o(.text)
    LCD_ShowxFloat                           0x080062b9   Thumb Code   574  lcd.o(.text)
    LCD_Showcoordinatesystem                 0x080064f7   Thumb Code   394  lcd.o(.text)
    RGB                                      0x08006681   Thumb Code    44  lcd.o(.text)
    EXTI9_5_IRQHandler                       0x080066c5   Thumb Code    28  keyboard.o(.text)
    COL_OUT_L                                0x080066e1   Thumb Code   146  keyboard.o(.text)
    ROW_IN_PULL_UP                           0x08006773   Thumb Code    98  keyboard.o(.text)
    ROW_H_COL_L                              0x080067d5   Thumb Code    12  keyboard.o(.text)
    TestCol                                  0x080067e1   Thumb Code    80  keyboard.o(.text)
    ROW_OUT_L                                0x08006831   Thumb Code   140  keyboard.o(.text)
    COL_IN_PULL_UP                           0x080068bd   Thumb Code    98  keyboard.o(.text)
    ROW_L_COL_H                              0x0800691f   Thumb Code    12  keyboard.o(.text)
    TestRow                                  0x0800692b   Thumb Code    74  keyboard.o(.text)
    ReadKeyBoard                             0x08006975   Thumb Code   416  keyboard.o(.text)
    input_int                                0x08006b15   Thumb Code   294  keyboard.o(.text)
    Char_2_Double                            0x08006c3b   Thumb Code   162  keyboard.o(.text)
    input_double                             0x08006cdd   Thumb Code   316  keyboard.o(.text)
    input_double_s                           0x08006e19   Thumb Code   534  keyboard.o(.text)
    input_string_s                           0x0800702f   Thumb Code   558  keyboard.o(.text)
    input_char                               0x0800725d   Thumb Code    14  keyboard.o(.text)
    KeyBoard_Interrupt_Init                  0x0800726b   Thumb Code    78  keyboard.o(.text)
    ENABLE_KeyBoard_CLK                      0x080072b9   Thumb Code    20  keyboard.o(.text)
    InitRowColValue                          0x080072cd   Thumb Code    78  keyboard.o(.text)
    Init_KeyBoard_Port                       0x0800731b   Thumb Code    54  keyboard.o(.text)
    Adc_Init                                 0x08007371   Thumb Code   124  adc.o(.text)
    Get_Adc                                  0x080073ed   Thumb Code    44  adc.o(.text)
    Get_Adc_Average                          0x08007419   Thumb Code    76  adc.o(.text)
    SPI1_ReadWriteByte                       0x0800746d   Thumb Code    48  spi.o(.text)
    SPI1_Init                                0x0800749d   Thumb Code   224  spi.o(.text)
    SPI1_SetSpeed                            0x0800757d   Thumb Code    36  spi.o(.text)
    IIC_Init                                 0x080075a9   Thumb Code    62  myiic.o(.text)
    IIC_Start                                0x080075e7   Thumb Code    68  myiic.o(.text)
    IIC_Stop                                 0x0800762b   Thumb Code    62  myiic.o(.text)
    IIC_Wait_Ack                             0x08007669   Thumb Code    82  myiic.o(.text)
    IIC_Ack                                  0x080076bb   Thumb Code    66  myiic.o(.text)
    IIC_NAck                                 0x080076fd   Thumb Code    66  myiic.o(.text)
    IIC_Send_Byte                            0x0800773f   Thumb Code    90  myiic.o(.text)
    IIC_Read_Byte                            0x08007799   Thumb Code    94  myiic.o(.text)
    AT24CXX_Init                             0x08007805   Thumb Code     8  24cxx.o(.text)
    AT24CXX_ReadOneByte                      0x0800780d   Thumb Code    88  24cxx.o(.text)
    AT24CXX_WriteOneByte                     0x08007865   Thumb Code    80  24cxx.o(.text)
    AT24CXX_WriteLenByte                     0x080078b5   Thumb Code    42  24cxx.o(.text)
    AT24CXX_ReadLenByte                      0x080078df   Thumb Code    44  24cxx.o(.text)
    AT24CXX_Check                            0x0800790b   Thumb Code    46  24cxx.o(.text)
    AT24CXX_Read                             0x08007939   Thumb Code    34  24cxx.o(.text)
    AT24CXX_Write                            0x0800795b   Thumb Code    36  24cxx.o(.text)
    CT_Delay                                 0x08007981   Thumb Code    10  ctiic.o(.text)
    CT_IIC_Init                              0x0800798b   Thumb Code    60  ctiic.o(.text)
    CT_IIC_Start                             0x080079c7   Thumb Code    62  ctiic.o(.text)
    CT_IIC_Stop                              0x08007a05   Thumb Code    56  ctiic.o(.text)
    CT_IIC_Wait_Ack                          0x08007a3d   Thumb Code    78  ctiic.o(.text)
    CT_IIC_Ack                               0x08007a8b   Thumb Code    66  ctiic.o(.text)
    CT_IIC_NAck                              0x08007acd   Thumb Code    66  ctiic.o(.text)
    CT_IIC_Send_Byte                         0x08007b0f   Thumb Code    82  ctiic.o(.text)
    CT_IIC_Read_Byte                         0x08007b61   Thumb Code    92  ctiic.o(.text)
    FT5206_WR_Reg                            0x08007bd5   Thumb Code    82  ft5206.o(.text)
    FT5206_RD_Reg                            0x08007c27   Thumb Code    88  ft5206.o(.text)
    FT5206_Init                              0x08007c7f   Thumb Code   202  ft5206.o(.text)
    FT5206_Scan                              0x08007d49   Thumb Code   400  ft5206.o(.text)
    GT9147_WR_Reg                            0x08007f01   Thumb Code    92  gt9147.o(.text)
    GT9147_Send_Cfg                          0x08007f5d   Thumb Code    86  gt9147.o(.text)
    GT9147_RD_Reg                            0x08007fb3   Thumb Code    98  gt9147.o(.text)
    GT9147_Init                              0x08008015   Thumb Code   248  gt9147.o(.text)
    GT9147_Scan                              0x0800810d   Thumb Code   504  gt9147.o(.text)
    OTT2001A_WR_Reg                          0x08008355   Thumb Code    92  ott2001a.o(.text)
    OTT2001A_RD_Reg                          0x080083b1   Thumb Code    98  ott2001a.o(.text)
    OTT2001A_SensorControl                   0x08008413   Thumb Code    28  ott2001a.o(.text)
    OTT2001A_Init                            0x0800842f   Thumb Code   142  ott2001a.o(.text)
    OTT2001A_Scan                            0x080084bd   Thumb Code   478  ott2001a.o(.text)
    TP_Write_Byte                            0x080086dd   Thumb Code    64  touch.o(.text)
    TP_Read_AD                               0x0800871d   Thumb Code   132  touch.o(.text)
    TP_Read_XOY                              0x080087a1   Thumb Code   120  touch.o(.text)
    TP_Read_XY                               0x08008819   Thumb Code    38  touch.o(.text)
    TP_Read_XY2                              0x0800883f   Thumb Code   192  touch.o(.text)
    TP_Drow_Touch_Point                      0x080088ff   Thumb Code   108  touch.o(.text)
    TP_Draw_Big_Point                        0x0800896b   Thumb Code    54  touch.o(.text)
    TP_Scan                                  0x080089a1   Thumb Code   244  touch.o(.text)
    TP_Save_Adjdata                          0x08008a95   Thumb Code   166  touch.o(.text)
    TP_Get_Adjdata                           0x08008b3b   Thumb Code   160  touch.o(.text)
    TP_Adj_Info_Show                         0x08008bdb   Thumb Code   374  touch.o(.text)
    TP_Adjust                                0x08008d51   Thumb Code  2290  touch.o(.text)
    TP_Init                                  0x08009643   Thumb Code   290  touch.o(.text)
    EXTI0_IRQHandler                         0x080097bd   Thumb Code  1916  exti.o(.text)
    EXTIX_Init                               0x08009f39   Thumb Code   160  exti.o(.text)
    delay_init                               0x08009ff1   Thumb Code    52  delay.o(.text)
    delay_us                                 0x0800a025   Thumb Code    72  delay.o(.text)
    delay_xms                                0x0800a06d   Thumb Code    72  delay.o(.text)
    delay_ms                                 0x0800a0b5   Thumb Code    56  delay.o(.text)
    mydelay                                  0x0800a0ed   Thumb Code    56  delay.o(.text)
    _sys_exit                                0x0800a12d   Thumb Code     2  usart.o(.text)
    fputc                                    0x0800a12f   Thumb Code    22  usart.o(.text)
    uart_init                                0x0800a145   Thumb Code   164  usart.o(.text)
    USART1_IRQHandler                        0x0800a1e9   Thumb Code   122  usart.o(.text)
    Reset_Handler                            0x0800a275   Thumb Code     8  startup_stm32f40_41xxx.o(.text)
    ADC_IRQHandler                           0x0800a28f   Thumb Code     0  startup_stm32f40_41xxx.o(.text)
    CAN1_RX0_IRQHandler                      0x0800a28f   Thumb Code     0  startup_stm32f40_41xxx.o(.text)
    CAN1_RX1_IRQHandler                      0x0800a28f   Thumb Code     0  startup_stm32f40_41xxx.o(.text)
    CAN1_SCE_IRQHandler                      0x0800a28f   Thumb Code     0  startup_stm32f40_41xxx.o(.text)
    CAN1_TX_IRQHandler                       0x0800a28f   Thumb Code     0  startup_stm32f40_41xxx.o(.text)
    CAN2_RX0_IRQHandler                      0x0800a28f   Thumb Code     0  startup_stm32f40_41xxx.o(.text)
    CAN2_RX1_IRQHandler                      0x0800a28f   Thumb Code     0  startup_stm32f40_41xxx.o(.text)
    CAN2_SCE_IRQHandler                      0x0800a28f   Thumb Code     0  startup_stm32f40_41xxx.o(.text)
    CAN2_TX_IRQHandler                       0x0800a28f   Thumb Code     0  startup_stm32f40_41xxx.o(.text)
    CRYP_IRQHandler                          0x0800a28f   Thumb Code     0  startup_stm32f40_41xxx.o(.text)
    DCMI_IRQHandler                          0x0800a28f   Thumb Code     0  startup_stm32f40_41xxx.o(.text)
    DMA1_Stream0_IRQHandler                  0x0800a28f   Thumb Code     0  startup_stm32f40_41xxx.o(.text)
    DMA1_Stream1_IRQHandler                  0x0800a28f   Thumb Code     0  startup_stm32f40_41xxx.o(.text)
    DMA1_Stream2_IRQHandler                  0x0800a28f   Thumb Code     0  startup_stm32f40_41xxx.o(.text)
    DMA1_Stream3_IRQHandler                  0x0800a28f   Thumb Code     0  startup_stm32f40_41xxx.o(.text)
    DMA1_Stream4_IRQHandler                  0x0800a28f   Thumb Code     0  startup_stm32f40_41xxx.o(.text)
    DMA1_Stream5_IRQHandler                  0x0800a28f   Thumb Code     0  startup_stm32f40_41xxx.o(.text)
    DMA1_Stream6_IRQHandler                  0x0800a28f   Thumb Code     0  startup_stm32f40_41xxx.o(.text)
    DMA1_Stream7_IRQHandler                  0x0800a28f   Thumb Code     0  startup_stm32f40_41xxx.o(.text)
    DMA2_Stream0_IRQHandler                  0x0800a28f   Thumb Code     0  startup_stm32f40_41xxx.o(.text)
    DMA2_Stream1_IRQHandler                  0x0800a28f   Thumb Code     0  startup_stm32f40_41xxx.o(.text)
    DMA2_Stream2_IRQHandler                  0x0800a28f   Thumb Code     0  startup_stm32f40_41xxx.o(.text)
    DMA2_Stream3_IRQHandler                  0x0800a28f   Thumb Code     0  startup_stm32f40_41xxx.o(.text)
    DMA2_Stream4_IRQHandler                  0x0800a28f   Thumb Code     0  startup_stm32f40_41xxx.o(.text)
    DMA2_Stream5_IRQHandler                  0x0800a28f   Thumb Code     0  startup_stm32f40_41xxx.o(.text)
    DMA2_Stream6_IRQHandler                  0x0800a28f   Thumb Code     0  startup_stm32f40_41xxx.o(.text)
    DMA2_Stream7_IRQHandler                  0x0800a28f   Thumb Code     0  startup_stm32f40_41xxx.o(.text)
    ETH_IRQHandler                           0x0800a28f   Thumb Code     0  startup_stm32f40_41xxx.o(.text)
    ETH_WKUP_IRQHandler                      0x0800a28f   Thumb Code     0  startup_stm32f40_41xxx.o(.text)
    EXTI15_10_IRQHandler                     0x0800a28f   Thumb Code     0  startup_stm32f40_41xxx.o(.text)
    EXTI1_IRQHandler                         0x0800a28f   Thumb Code     0  startup_stm32f40_41xxx.o(.text)
    EXTI2_IRQHandler                         0x0800a28f   Thumb Code     0  startup_stm32f40_41xxx.o(.text)
    EXTI3_IRQHandler                         0x0800a28f   Thumb Code     0  startup_stm32f40_41xxx.o(.text)
    EXTI4_IRQHandler                         0x0800a28f   Thumb Code     0  startup_stm32f40_41xxx.o(.text)
    FLASH_IRQHandler                         0x0800a28f   Thumb Code     0  startup_stm32f40_41xxx.o(.text)
    FPU_IRQHandler                           0x0800a28f   Thumb Code     0  startup_stm32f40_41xxx.o(.text)
    FSMC_IRQHandler                          0x0800a28f   Thumb Code     0  startup_stm32f40_41xxx.o(.text)
    HASH_RNG_IRQHandler                      0x0800a28f   Thumb Code     0  startup_stm32f40_41xxx.o(.text)
    I2C1_ER_IRQHandler                       0x0800a28f   Thumb Code     0  startup_stm32f40_41xxx.o(.text)
    I2C1_EV_IRQHandler                       0x0800a28f   Thumb Code     0  startup_stm32f40_41xxx.o(.text)
    I2C2_ER_IRQHandler                       0x0800a28f   Thumb Code     0  startup_stm32f40_41xxx.o(.text)
    I2C2_EV_IRQHandler                       0x0800a28f   Thumb Code     0  startup_stm32f40_41xxx.o(.text)
    I2C3_ER_IRQHandler                       0x0800a28f   Thumb Code     0  startup_stm32f40_41xxx.o(.text)
    I2C3_EV_IRQHandler                       0x0800a28f   Thumb Code     0  startup_stm32f40_41xxx.o(.text)
    OTG_FS_IRQHandler                        0x0800a28f   Thumb Code     0  startup_stm32f40_41xxx.o(.text)
    OTG_FS_WKUP_IRQHandler                   0x0800a28f   Thumb Code     0  startup_stm32f40_41xxx.o(.text)
    OTG_HS_EP1_IN_IRQHandler                 0x0800a28f   Thumb Code     0  startup_stm32f40_41xxx.o(.text)
    OTG_HS_EP1_OUT_IRQHandler                0x0800a28f   Thumb Code     0  startup_stm32f40_41xxx.o(.text)
    OTG_HS_IRQHandler                        0x0800a28f   Thumb Code     0  startup_stm32f40_41xxx.o(.text)
    OTG_HS_WKUP_IRQHandler                   0x0800a28f   Thumb Code     0  startup_stm32f40_41xxx.o(.text)
    PVD_IRQHandler                           0x0800a28f   Thumb Code     0  startup_stm32f40_41xxx.o(.text)
    RCC_IRQHandler                           0x0800a28f   Thumb Code     0  startup_stm32f40_41xxx.o(.text)
    RTC_Alarm_IRQHandler                     0x0800a28f   Thumb Code     0  startup_stm32f40_41xxx.o(.text)
    RTC_WKUP_IRQHandler                      0x0800a28f   Thumb Code     0  startup_stm32f40_41xxx.o(.text)
    SDIO_IRQHandler                          0x0800a28f   Thumb Code     0  startup_stm32f40_41xxx.o(.text)
    SPI1_IRQHandler                          0x0800a28f   Thumb Code     0  startup_stm32f40_41xxx.o(.text)
    SPI2_IRQHandler                          0x0800a28f   Thumb Code     0  startup_stm32f40_41xxx.o(.text)
    SPI3_IRQHandler                          0x0800a28f   Thumb Code     0  startup_stm32f40_41xxx.o(.text)
    TAMP_STAMP_IRQHandler                    0x0800a28f   Thumb Code     0  startup_stm32f40_41xxx.o(.text)
    TIM1_BRK_TIM9_IRQHandler                 0x0800a28f   Thumb Code     0  startup_stm32f40_41xxx.o(.text)
    TIM1_CC_IRQHandler                       0x0800a28f   Thumb Code     0  startup_stm32f40_41xxx.o(.text)
    TIM1_TRG_COM_TIM11_IRQHandler            0x0800a28f   Thumb Code     0  startup_stm32f40_41xxx.o(.text)
    TIM1_UP_TIM10_IRQHandler                 0x0800a28f   Thumb Code     0  startup_stm32f40_41xxx.o(.text)
    TIM2_IRQHandler                          0x0800a28f   Thumb Code     0  startup_stm32f40_41xxx.o(.text)
    TIM3_IRQHandler                          0x0800a28f   Thumb Code     0  startup_stm32f40_41xxx.o(.text)
    TIM4_IRQHandler                          0x0800a28f   Thumb Code     0  startup_stm32f40_41xxx.o(.text)
    TIM5_IRQHandler                          0x0800a28f   Thumb Code     0  startup_stm32f40_41xxx.o(.text)
    TIM6_DAC_IRQHandler                      0x0800a28f   Thumb Code     0  startup_stm32f40_41xxx.o(.text)
    TIM7_IRQHandler                          0x0800a28f   Thumb Code     0  startup_stm32f40_41xxx.o(.text)
    TIM8_BRK_TIM12_IRQHandler                0x0800a28f   Thumb Code     0  startup_stm32f40_41xxx.o(.text)
    TIM8_CC_IRQHandler                       0x0800a28f   Thumb Code     0  startup_stm32f40_41xxx.o(.text)
    TIM8_TRG_COM_TIM14_IRQHandler            0x0800a28f   Thumb Code     0  startup_stm32f40_41xxx.o(.text)
    TIM8_UP_TIM13_IRQHandler                 0x0800a28f   Thumb Code     0  startup_stm32f40_41xxx.o(.text)
    UART4_IRQHandler                         0x0800a28f   Thumb Code     0  startup_stm32f40_41xxx.o(.text)
    UART5_IRQHandler                         0x0800a28f   Thumb Code     0  startup_stm32f40_41xxx.o(.text)
    USART2_IRQHandler                        0x0800a28f   Thumb Code     0  startup_stm32f40_41xxx.o(.text)
    USART3_IRQHandler                        0x0800a28f   Thumb Code     0  startup_stm32f40_41xxx.o(.text)
    USART6_IRQHandler                        0x0800a28f   Thumb Code     0  startup_stm32f40_41xxx.o(.text)
    WWDG_IRQHandler                          0x0800a28f   Thumb Code     0  startup_stm32f40_41xxx.o(.text)
    __user_initial_stackheap                 0x0800a291   Thumb Code     0  startup_stm32f40_41xxx.o(.text)
    NVIC_PriorityGroupConfig                 0x0800a2b5   Thumb Code    10  misc.o(.text)
    NVIC_Init                                0x0800a2bf   Thumb Code   106  misc.o(.text)
    NVIC_SetVectorTable                      0x0800a329   Thumb Code    14  misc.o(.text)
    NVIC_SystemLPConfig                      0x0800a337   Thumb Code    34  misc.o(.text)
    SysTick_CLKSourceConfig                  0x0800a359   Thumb Code    40  misc.o(.text)
    GPIO_DeInit                              0x0800a395   Thumb Code   268  stm32f4xx_gpio.o(.text)
    GPIO_Init                                0x0800a4a1   Thumb Code   144  stm32f4xx_gpio.o(.text)
    GPIO_StructInit                          0x0800a531   Thumb Code    18  stm32f4xx_gpio.o(.text)
    GPIO_PinLockConfig                       0x0800a543   Thumb Code    34  stm32f4xx_gpio.o(.text)
    GPIO_ReadInputDataBit                    0x0800a565   Thumb Code    18  stm32f4xx_gpio.o(.text)
    GPIO_ReadInputData                       0x0800a577   Thumb Code     8  stm32f4xx_gpio.o(.text)
    GPIO_ReadOutputDataBit                   0x0800a57f   Thumb Code    18  stm32f4xx_gpio.o(.text)
    GPIO_ReadOutputData                      0x0800a591   Thumb Code     8  stm32f4xx_gpio.o(.text)
    GPIO_SetBits                             0x0800a599   Thumb Code     4  stm32f4xx_gpio.o(.text)
    GPIO_ResetBits                           0x0800a59d   Thumb Code     4  stm32f4xx_gpio.o(.text)
    GPIO_WriteBit                            0x0800a5a1   Thumb Code    10  stm32f4xx_gpio.o(.text)
    GPIO_Write                               0x0800a5ab   Thumb Code     4  stm32f4xx_gpio.o(.text)
    GPIO_ToggleBits                          0x0800a5af   Thumb Code     8  stm32f4xx_gpio.o(.text)
    GPIO_PinAFConfig                         0x0800a5b7   Thumb Code    70  stm32f4xx_gpio.o(.text)
    FSMC_NORSRAMDeInit                       0x0800a629   Thumb Code    54  stm32f4xx_fsmc.o(.text)
    FSMC_NORSRAMInit                         0x0800a65f   Thumb Code   230  stm32f4xx_fsmc.o(.text)
    FSMC_NORSRAMStructInit                   0x0800a745   Thumb Code    48  stm32f4xx_fsmc.o(.text)
    FSMC_NORSRAMCmd                          0x0800a775   Thumb Code    46  stm32f4xx_fsmc.o(.text)
    FSMC_NANDDeInit                          0x0800a7a3   Thumb Code    62  stm32f4xx_fsmc.o(.text)
    FSMC_NANDInit                            0x0800a7e1   Thumb Code   132  stm32f4xx_fsmc.o(.text)
    FSMC_NANDStructInit                      0x0800a865   Thumb Code    54  stm32f4xx_fsmc.o(.text)
    FSMC_NANDCmd                             0x0800a89b   Thumb Code    86  stm32f4xx_fsmc.o(.text)
    FSMC_NANDECCCmd                          0x0800a8f1   Thumb Code    86  stm32f4xx_fsmc.o(.text)
    FSMC_GetECC                              0x0800a947   Thumb Code    24  stm32f4xx_fsmc.o(.text)
    FSMC_PCCARDDeInit                        0x0800a95f   Thumb Code    36  stm32f4xx_fsmc.o(.text)
    FSMC_PCCARDInit                          0x0800a983   Thumb Code   130  stm32f4xx_fsmc.o(.text)
    FSMC_PCCARDStructInit                    0x0800aa05   Thumb Code    60  stm32f4xx_fsmc.o(.text)
    FSMC_PCCARDCmd                           0x0800aa41   Thumb Code    44  stm32f4xx_fsmc.o(.text)
    FSMC_ITConfig                            0x0800aa6d   Thumb Code   128  stm32f4xx_fsmc.o(.text)
    FSMC_GetFlagStatus                       0x0800aaed   Thumb Code    54  stm32f4xx_fsmc.o(.text)
    FSMC_ClearFlag                           0x0800ab23   Thumb Code    74  stm32f4xx_fsmc.o(.text)
    FSMC_GetITStatus                         0x0800ab6d   Thumb Code    62  stm32f4xx_fsmc.o(.text)
    FSMC_ClearITPendingBit                   0x0800abab   Thumb Code    66  stm32f4xx_fsmc.o(.text)
    RCC_DeInit                               0x0800abf1   Thumb Code    82  stm32f4xx_rcc.o(.text)
    RCC_HSEConfig                            0x0800ac43   Thumb Code    14  stm32f4xx_rcc.o(.text)
    RCC_GetFlagStatus                        0x0800ac51   Thumb Code    60  stm32f4xx_rcc.o(.text)
    RCC_WaitForHSEStartUp                    0x0800ac8d   Thumb Code    56  stm32f4xx_rcc.o(.text)
    RCC_AdjustHSICalibrationValue            0x0800acc5   Thumb Code    20  stm32f4xx_rcc.o(.text)
    RCC_HSICmd                               0x0800acd9   Thumb Code     6  stm32f4xx_rcc.o(.text)
    RCC_LSEConfig                            0x0800acdf   Thumb Code    46  stm32f4xx_rcc.o(.text)
    RCC_LSICmd                               0x0800ad0d   Thumb Code     6  stm32f4xx_rcc.o(.text)
    RCC_PLLConfig                            0x0800ad13   Thumb Code    32  stm32f4xx_rcc.o(.text)
    RCC_PLLCmd                               0x0800ad33   Thumb Code     6  stm32f4xx_rcc.o(.text)
    RCC_PLLI2SConfig                         0x0800ad39   Thumb Code    14  stm32f4xx_rcc.o(.text)
    RCC_PLLI2SCmd                            0x0800ad47   Thumb Code     6  stm32f4xx_rcc.o(.text)
    RCC_PLLSAIConfig                         0x0800ad4d   Thumb Code    20  stm32f4xx_rcc.o(.text)
    RCC_PLLSAICmd                            0x0800ad61   Thumb Code     6  stm32f4xx_rcc.o(.text)
    RCC_ClockSecuritySystemCmd               0x0800ad67   Thumb Code     6  stm32f4xx_rcc.o(.text)
    RCC_MCO1Config                           0x0800ad6d   Thumb Code    28  stm32f4xx_rcc.o(.text)
    RCC_MCO2Config                           0x0800ad89   Thumb Code    28  stm32f4xx_rcc.o(.text)
    RCC_SYSCLKConfig                         0x0800ada5   Thumb Code    20  stm32f4xx_rcc.o(.text)
    RCC_GetSYSCLKSource                      0x0800adb9   Thumb Code    12  stm32f4xx_rcc.o(.text)
    RCC_HCLKConfig                           0x0800adc5   Thumb Code    20  stm32f4xx_rcc.o(.text)
    RCC_PCLK1Config                          0x0800add9   Thumb Code    20  stm32f4xx_rcc.o(.text)
    RCC_PCLK2Config                          0x0800aded   Thumb Code    22  stm32f4xx_rcc.o(.text)
    RCC_GetClocksFreq                        0x0800ae03   Thumb Code   222  stm32f4xx_rcc.o(.text)
    RCC_RTCCLKConfig                         0x0800aee1   Thumb Code    54  stm32f4xx_rcc.o(.text)
    RCC_RTCCLKCmd                            0x0800af17   Thumb Code     8  stm32f4xx_rcc.o(.text)
    RCC_BackupResetCmd                       0x0800af1f   Thumb Code     8  stm32f4xx_rcc.o(.text)
    RCC_I2SCLKConfig                         0x0800af27   Thumb Code     6  stm32f4xx_rcc.o(.text)
    RCC_SAIPLLI2SClkDivConfig                0x0800af2d   Thumb Code    26  stm32f4xx_rcc.o(.text)
    RCC_SAIPLLSAIClkDivConfig                0x0800af47   Thumb Code    28  stm32f4xx_rcc.o(.text)
    RCC_SAIBlockACLKConfig                   0x0800af63   Thumb Code    20  stm32f4xx_rcc.o(.text)
    RCC_SAIBlockBCLKConfig                   0x0800af77   Thumb Code    20  stm32f4xx_rcc.o(.text)
    RCC_LTDCCLKDivConfig                     0x0800af8b   Thumb Code    20  stm32f4xx_rcc.o(.text)
    RCC_TIMCLKPresConfig                     0x0800af9f   Thumb Code     6  stm32f4xx_rcc.o(.text)
    RCC_AHB1PeriphClockCmd                   0x0800afa5   Thumb Code    34  stm32f4xx_rcc.o(.text)
    RCC_AHB2PeriphClockCmd                   0x0800afc7   Thumb Code    78  stm32f4xx_rcc.o(.text)
    RCC_AHB3PeriphClockCmd                   0x0800b015   Thumb Code    34  stm32f4xx_rcc.o(.text)
    RCC_APB1PeriphClockCmd                   0x0800b037   Thumb Code    34  stm32f4xx_rcc.o(.text)
    RCC_APB2PeriphClockCmd                   0x0800b059   Thumb Code    34  stm32f4xx_rcc.o(.text)
    RCC_AHB1PeriphResetCmd                   0x0800b07b   Thumb Code    34  stm32f4xx_rcc.o(.text)
    RCC_AHB2PeriphResetCmd                   0x0800b09d   Thumb Code    34  stm32f4xx_rcc.o(.text)
    RCC_AHB3PeriphResetCmd                   0x0800b0bf   Thumb Code    34  stm32f4xx_rcc.o(.text)
    RCC_APB1PeriphResetCmd                   0x0800b0e1   Thumb Code    34  stm32f4xx_rcc.o(.text)
    RCC_APB2PeriphResetCmd                   0x0800b103   Thumb Code    34  stm32f4xx_rcc.o(.text)
    RCC_AHB1PeriphClockLPModeCmd             0x0800b125   Thumb Code    34  stm32f4xx_rcc.o(.text)
    RCC_AHB2PeriphClockLPModeCmd             0x0800b147   Thumb Code    34  stm32f4xx_rcc.o(.text)
    RCC_AHB3PeriphClockLPModeCmd             0x0800b169   Thumb Code    34  stm32f4xx_rcc.o(.text)
    RCC_APB1PeriphClockLPModeCmd             0x0800b18b   Thumb Code    34  stm32f4xx_rcc.o(.text)
    RCC_APB2PeriphClockLPModeCmd             0x0800b1ad   Thumb Code    34  stm32f4xx_rcc.o(.text)
    RCC_LSEModeConfig                        0x0800b1cf   Thumb Code    40  stm32f4xx_rcc.o(.text)
    RCC_ITConfig                             0x0800b1f7   Thumb Code    34  stm32f4xx_rcc.o(.text)
    RCC_ClearFlag                            0x0800b219   Thumb Code    18  stm32f4xx_rcc.o(.text)
    RCC_GetITStatus                          0x0800b22b   Thumb Code    22  stm32f4xx_rcc.o(.text)
    RCC_ClearITPendingBit                    0x0800b241   Thumb Code     8  stm32f4xx_rcc.o(.text)
    SYSCFG_DeInit                            0x0800b24d   Thumb Code    22  stm32f4xx_syscfg.o(.text)
    SYSCFG_MemoryRemapConfig                 0x0800b263   Thumb Code     6  stm32f4xx_syscfg.o(.text)
    SYSCFG_MemorySwappingBank                0x0800b269   Thumb Code     6  stm32f4xx_syscfg.o(.text)
    SYSCFG_EXTILineConfig                    0x0800b26f   Thumb Code    66  stm32f4xx_syscfg.o(.text)
    SYSCFG_ETH_MediaInterfaceConfig          0x0800b2b1   Thumb Code     8  stm32f4xx_syscfg.o(.text)
    SYSCFG_CompensationCellCmd               0x0800b2b9   Thumb Code     6  stm32f4xx_syscfg.o(.text)
    SYSCFG_GetCompensationCellStatus         0x0800b2bf   Thumb Code    22  stm32f4xx_syscfg.o(.text)
    USART_DeInit                             0x0800b2e1   Thumb Code   206  stm32f4xx_usart.o(.text)
    USART_Init                               0x0800b3af   Thumb Code   204  stm32f4xx_usart.o(.text)
    USART_StructInit                         0x0800b47b   Thumb Code    24  stm32f4xx_usart.o(.text)
    USART_ClockInit                          0x0800b493   Thumb Code    32  stm32f4xx_usart.o(.text)
    USART_ClockStructInit                    0x0800b4b3   Thumb Code    12  stm32f4xx_usart.o(.text)
    USART_Cmd                                0x0800b4bf   Thumb Code    24  stm32f4xx_usart.o(.text)
    USART_SetPrescaler                       0x0800b4d7   Thumb Code    16  stm32f4xx_usart.o(.text)
    USART_OverSampling8Cmd                   0x0800b4e7   Thumb Code    22  stm32f4xx_usart.o(.text)
    USART_OneBitMethodCmd                    0x0800b4fd   Thumb Code    24  stm32f4xx_usart.o(.text)
    USART_SendData                           0x0800b515   Thumb Code     8  stm32f4xx_usart.o(.text)
    USART_ReceiveData                        0x0800b51d   Thumb Code    10  stm32f4xx_usart.o(.text)
    USART_SetAddress                         0x0800b527   Thumb Code    18  stm32f4xx_usart.o(.text)
    USART_ReceiverWakeUpCmd                  0x0800b539   Thumb Code    24  stm32f4xx_usart.o(.text)
    USART_WakeUpConfig                       0x0800b551   Thumb Code    18  stm32f4xx_usart.o(.text)
    USART_LINBreakDetectLengthConfig         0x0800b563   Thumb Code    18  stm32f4xx_usart.o(.text)
    USART_LINCmd                             0x0800b575   Thumb Code    24  stm32f4xx_usart.o(.text)
    USART_SendBreak                          0x0800b58d   Thumb Code    10  stm32f4xx_usart.o(.text)
    USART_HalfDuplexCmd                      0x0800b597   Thumb Code    24  stm32f4xx_usart.o(.text)
    USART_SetGuardTime                       0x0800b5af   Thumb Code    16  stm32f4xx_usart.o(.text)
    USART_SmartCardCmd                       0x0800b5bf   Thumb Code    24  stm32f4xx_usart.o(.text)
    USART_SmartCardNACKCmd                   0x0800b5d7   Thumb Code    24  stm32f4xx_usart.o(.text)
    USART_IrDAConfig                         0x0800b5ef   Thumb Code    18  stm32f4xx_usart.o(.text)
    USART_IrDACmd                            0x0800b601   Thumb Code    24  stm32f4xx_usart.o(.text)
    USART_DMACmd                             0x0800b619   Thumb Code    18  stm32f4xx_usart.o(.text)
    USART_ITConfig                           0x0800b62b   Thumb Code    74  stm32f4xx_usart.o(.text)
    USART_GetFlagStatus                      0x0800b675   Thumb Code    26  stm32f4xx_usart.o(.text)
    USART_ClearFlag                          0x0800b68f   Thumb Code    18  stm32f4xx_usart.o(.text)
    USART_GetITStatus                        0x0800b6a1   Thumb Code   118  stm32f4xx_usart.o(.text)
    USART_ClearITPendingBit                  0x0800b717   Thumb Code    30  stm32f4xx_usart.o(.text)
    EXTI_DeInit                              0x0800b735   Thumb Code    28  stm32f4xx_exti.o(.text)
    EXTI_Init                                0x0800b751   Thumb Code   142  stm32f4xx_exti.o(.text)
    EXTI_StructInit                          0x0800b7df   Thumb Code    16  stm32f4xx_exti.o(.text)
    EXTI_GenerateSWInterrupt                 0x0800b7ef   Thumb Code    16  stm32f4xx_exti.o(.text)
    EXTI_GetFlagStatus                       0x0800b7ff   Thumb Code    22  stm32f4xx_exti.o(.text)
    EXTI_ClearFlag                           0x0800b815   Thumb Code     8  stm32f4xx_exti.o(.text)
    EXTI_GetITStatus                         0x0800b81d   Thumb Code    22  stm32f4xx_exti.o(.text)
    EXTI_ClearITPendingBit                   0x0800b833   Thumb Code     8  stm32f4xx_exti.o(.text)
    ADC_DeInit                               0x0800b845   Thumb Code    22  stm32f4xx_adc.o(.text)
    ADC_Init                                 0x0800b85b   Thumb Code    74  stm32f4xx_adc.o(.text)
    ADC_StructInit                           0x0800b8a5   Thumb Code    20  stm32f4xx_adc.o(.text)
    ADC_CommonInit                           0x0800b8b9   Thumb Code    34  stm32f4xx_adc.o(.text)
    ADC_CommonStructInit                     0x0800b8db   Thumb Code    12  stm32f4xx_adc.o(.text)
    ADC_Cmd                                  0x0800b8e7   Thumb Code    22  stm32f4xx_adc.o(.text)
    ADC_AnalogWatchdogCmd                    0x0800b8fd   Thumb Code    16  stm32f4xx_adc.o(.text)
    ADC_AnalogWatchdogThresholdsConfig       0x0800b90d   Thumb Code     6  stm32f4xx_adc.o(.text)
    ADC_AnalogWatchdogSingleChannelConfig    0x0800b913   Thumb Code    16  stm32f4xx_adc.o(.text)
    ADC_TempSensorVrefintCmd                 0x0800b923   Thumb Code    34  stm32f4xx_adc.o(.text)
    ADC_VBATCmd                              0x0800b945   Thumb Code    34  stm32f4xx_adc.o(.text)
    ADC_RegularChannelConfig                 0x0800b967   Thumb Code   184  stm32f4xx_adc.o(.text)
    ADC_SoftwareStartConv                    0x0800ba1f   Thumb Code    10  stm32f4xx_adc.o(.text)
    ADC_GetSoftwareStartConvStatus           0x0800ba29   Thumb Code    20  stm32f4xx_adc.o(.text)
    ADC_EOCOnEachRegularChannelCmd           0x0800ba3d   Thumb Code    22  stm32f4xx_adc.o(.text)
    ADC_ContinuousModeCmd                    0x0800ba53   Thumb Code    22  stm32f4xx_adc.o(.text)
    ADC_DiscModeChannelCountConfig           0x0800ba69   Thumb Code    24  stm32f4xx_adc.o(.text)
    ADC_DiscModeCmd                          0x0800ba81   Thumb Code    22  stm32f4xx_adc.o(.text)
    ADC_GetConversionValue                   0x0800ba97   Thumb Code     8  stm32f4xx_adc.o(.text)
    ADC_GetMultiModeConversionValue          0x0800ba9f   Thumb Code     8  stm32f4xx_adc.o(.text)
    ADC_DMACmd                               0x0800baa7   Thumb Code    22  stm32f4xx_adc.o(.text)
    ADC_DMARequestAfterLastTransferCmd       0x0800babd   Thumb Code    22  stm32f4xx_adc.o(.text)
    ADC_MultiModeDMARequestAfterLastTransferCmd 0x0800bad3   Thumb Code    34  stm32f4xx_adc.o(.text)
    ADC_InjectedChannelConfig                0x0800baf5   Thumb Code   130  stm32f4xx_adc.o(.text)
    ADC_InjectedSequencerLengthConfig        0x0800bb77   Thumb Code    24  stm32f4xx_adc.o(.text)
    ADC_SetInjectedOffset                    0x0800bb8f   Thumb Code    20  stm32f4xx_adc.o(.text)
    ADC_ExternalTrigInjectedConvConfig       0x0800bba3   Thumb Code    16  stm32f4xx_adc.o(.text)
    ADC_ExternalTrigInjectedConvEdgeConfig   0x0800bbb3   Thumb Code    16  stm32f4xx_adc.o(.text)
    ADC_SoftwareStartInjectedConv            0x0800bbc3   Thumb Code    10  stm32f4xx_adc.o(.text)
    ADC_GetSoftwareStartInjectedConvCmdStatus 0x0800bbcd   Thumb Code    20  stm32f4xx_adc.o(.text)
    ADC_AutoInjectedConvCmd                  0x0800bbe1   Thumb Code    22  stm32f4xx_adc.o(.text)
    ADC_InjectedDiscModeCmd                  0x0800bbf7   Thumb Code    22  stm32f4xx_adc.o(.text)
    ADC_GetInjectedConversionValue           0x0800bc0d   Thumb Code    28  stm32f4xx_adc.o(.text)
    ADC_ITConfig                             0x0800bc29   Thumb Code    56  stm32f4xx_adc.o(.text)
    ADC_GetFlagStatus                        0x0800bc61   Thumb Code    18  stm32f4xx_adc.o(.text)
    ADC_ClearFlag                            0x0800bc73   Thumb Code     6  stm32f4xx_adc.o(.text)
    ADC_GetITStatus                          0x0800bc79   Thumb Code    38  stm32f4xx_adc.o(.text)
    ADC_ClearITPendingBit                    0x0800bc9f   Thumb Code    10  stm32f4xx_adc.o(.text)
    SPI_I2S_DeInit                           0x0800bca9   Thumb Code   152  stm32f4xx_spi.o(.text)
    SPI_Init                                 0x0800bd41   Thumb Code    60  stm32f4xx_spi.o(.text)
    I2S_Init                                 0x0800bd7d   Thumb Code   396  stm32f4xx_spi.o(.text)
    SPI_StructInit                           0x0800bf09   Thumb Code    24  stm32f4xx_spi.o(.text)
    I2S_StructInit                           0x0800bf21   Thumb Code    20  stm32f4xx_spi.o(.text)
    SPI_Cmd                                  0x0800bf35   Thumb Code    24  stm32f4xx_spi.o(.text)
    I2S_Cmd                                  0x0800bf4d   Thumb Code    24  stm32f4xx_spi.o(.text)
    SPI_DataSizeConfig                       0x0800bf65   Thumb Code    18  stm32f4xx_spi.o(.text)
    SPI_BiDirectionalLineConfig              0x0800bf77   Thumb Code    28  stm32f4xx_spi.o(.text)
    SPI_NSSInternalSoftwareConfig            0x0800bf93   Thumb Code    30  stm32f4xx_spi.o(.text)
    SPI_SSOutputCmd                          0x0800bfb1   Thumb Code    24  stm32f4xx_spi.o(.text)
    SPI_TIModeCmd                            0x0800bfc9   Thumb Code    24  stm32f4xx_spi.o(.text)
    I2S_FullDuplexConfig                     0x0800bfe1   Thumb Code    80  stm32f4xx_spi.o(.text)
    SPI_I2S_ReceiveData                      0x0800c031   Thumb Code     6  stm32f4xx_spi.o(.text)
    SPI_I2S_SendData                         0x0800c037   Thumb Code     4  stm32f4xx_spi.o(.text)
    SPI_CalculateCRC                         0x0800c03b   Thumb Code    24  stm32f4xx_spi.o(.text)
    SPI_TransmitCRC                          0x0800c053   Thumb Code    10  stm32f4xx_spi.o(.text)
    SPI_GetCRC                               0x0800c05d   Thumb Code    16  stm32f4xx_spi.o(.text)
    SPI_GetCRCPolynomial                     0x0800c06d   Thumb Code     6  stm32f4xx_spi.o(.text)
    SPI_I2S_DMACmd                           0x0800c073   Thumb Code    18  stm32f4xx_spi.o(.text)
    SPI_I2S_ITConfig                         0x0800c085   Thumb Code    68  stm32f4xx_spi.o(.text)
    SPI_I2S_GetFlagStatus                    0x0800c0c9   Thumb Code    18  stm32f4xx_spi.o(.text)
    SPI_I2S_ClearFlag                        0x0800c0db   Thumb Code     6  stm32f4xx_spi.o(.text)
    SPI_I2S_GetITStatus                      0x0800c0e1   Thumb Code    52  stm32f4xx_spi.o(.text)
    SPI_I2S_ClearITPendingBit                0x0800c115   Thumb Code    20  stm32f4xx_spi.o(.text)
    __use_no_semihosting                     0x0800c129   Thumb Code     2  use_no_semi_2.o(.text)
    __aeabi_uldivmod                         0x0800c12b   Thumb Code     0  lludivv7m.o(.text)
    _ll_udiv                                 0x0800c12b   Thumb Code   238  lludivv7m.o(.text)
    __2printf                                0x0800c219   Thumb Code    20  noretval__2printf.o(.text)
    __printf                                 0x0800c231   Thumb Code   104  __printf.o(.text)
    _printf_str                              0x0800c299   Thumb Code    82  _printf_str.o(.text)
    _printf_int_dec                          0x0800c2ed   Thumb Code   104  _printf_dec.o(.text)
    _printf_int_hex                          0x0800c365   Thumb Code    84  _printf_hex_int.o(.text)
    _printf_longlong_hex                     0x0800c365   Thumb Code     0  _printf_hex_int.o(.text)
    strcmp                                   0x0800c3bd   Thumb Code   128  strcmpv7m.o(.text)
    __use_two_region_memory                  0x0800c43d   Thumb Code     2  heapauxi.o(.text)
    __rt_heap_escrow$2region                 0x0800c43f   Thumb Code     2  heapauxi.o(.text)
    __rt_heap_expand$2region                 0x0800c441   Thumb Code     2  heapauxi.o(.text)
    __I$use$semihosting                      0x0800c443   Thumb Code     0  use_no_semi.o(.text)
    __use_no_semihosting_swi                 0x0800c443   Thumb Code     2  use_no_semi.o(.text)
    __read_errno                             0x0800c445   Thumb Code    10  _rserrno.o(.text)
    __set_errno                              0x0800c44f   Thumb Code    12  _rserrno.o(.text)
    _printf_int_common                       0x0800c45b   Thumb Code   178  _printf_intcommon.o(.text)
    _printf_cs_common                        0x0800c50d   Thumb Code    20  _printf_char.o(.text)
    _printf_char                             0x0800c521   Thumb Code    16  _printf_char.o(.text)
    _printf_string                           0x0800c531   Thumb Code     8  _printf_char.o(.text)
    _printf_char_file                        0x0800c539   Thumb Code    32  _printf_char_file.o(.text)
    __aeabi_errno_addr                       0x0800c55d   Thumb Code     8  rt_errno_addr_intlibspace.o(.text)
    __errno$intlibspace                      0x0800c55d   Thumb Code     0  rt_errno_addr_intlibspace.o(.text)
    __rt_errno_addr$intlibspace              0x0800c55d   Thumb Code     0  rt_errno_addr_intlibspace.o(.text)
    _printf_char_common                      0x0800c56f   Thumb Code    32  _printf_char_common.o(.text)
    ferror                                   0x0800c595   Thumb Code     8  ferror.o(.text)
    __user_libspace                          0x0800c59d   Thumb Code     8  libspace.o(.text)
    __user_perproc_libspace                  0x0800c59d   Thumb Code     0  libspace.o(.text)
    __user_perthread_libspace                0x0800c59d   Thumb Code     0  libspace.o(.text)
    __user_setup_stackheap                   0x0800c5a5   Thumb Code    74  sys_stackheap_outer.o(.text)
    exit                                     0x0800c5ef   Thumb Code    18  exit.o(.text)
    __hardfp_sqrt                            0x0800c601   Thumb Code   122  sqrt.o(i.__hardfp_sqrt)
    __aeabi_dneg                             0x0800c67b   Thumb Code     0  basic.o(x$fpl$basic)
    _dneg                                    0x0800c67b   Thumb Code     6  basic.o(x$fpl$basic)
    __aeabi_fneg                             0x0800c681   Thumb Code     0  basic.o(x$fpl$basic)
    _fneg                                    0x0800c681   Thumb Code     6  basic.o(x$fpl$basic)
    _dabs                                    0x0800c687   Thumb Code     6  basic.o(x$fpl$basic)
    _fabs                                    0x0800c68d   Thumb Code     6  basic.o(x$fpl$basic)
    __aeabi_dadd                             0x0800c695   Thumb Code     0  daddsub_clz.o(x$fpl$dadd)
    _dadd                                    0x0800c695   Thumb Code   332  daddsub_clz.o(x$fpl$dadd)
    __fpl_dcmp_Inf                           0x0800c7e5   Thumb Code    24  dcmpi.o(x$fpl$dcmpinf)
    __aeabi_ddiv                             0x0800c7fd   Thumb Code     0  ddiv.o(x$fpl$ddiv)
    _ddiv                                    0x0800c7fd   Thumb Code   552  ddiv.o(x$fpl$ddiv)
    __aeabi_d2iz                             0x0800caad   Thumb Code     0  dfix.o(x$fpl$dfix)
    _dfix                                    0x0800caad   Thumb Code    94  dfix.o(x$fpl$dfix)
    __aeabi_d2uiz                            0x0800cb0d   Thumb Code     0  dfixu.o(x$fpl$dfixu)
    _dfixu                                   0x0800cb0d   Thumb Code    90  dfixu.o(x$fpl$dfixu)
    __aeabi_i2d                              0x0800cb67   Thumb Code     0  dflt_clz.o(x$fpl$dflt)
    _dflt                                    0x0800cb67   Thumb Code    46  dflt_clz.o(x$fpl$dflt)
    __aeabi_l2d                              0x0800cb95   Thumb Code     0  dfltll_clz.o(x$fpl$dfltll)
    _ll_sto_d                                0x0800cb95   Thumb Code   162  dfltll_clz.o(x$fpl$dfltll)
    __aeabi_ui2d                             0x0800cc37   Thumb Code     0  dflt_clz.o(x$fpl$dfltu)
    _dfltu                                   0x0800cc37   Thumb Code    38  dflt_clz.o(x$fpl$dfltu)
    __aeabi_ul2d                             0x0800cc5d   Thumb Code     0  dfltll_clz.o(x$fpl$dfltull)
    _ll_uto_d                                0x0800cc5d   Thumb Code   138  dfltll_clz.o(x$fpl$dfltull)
    __aeabi_cdcmple                          0x0800cce9   Thumb Code     0  dleqf.o(x$fpl$dleqf)
    _dcmple                                  0x0800cce9   Thumb Code   120  dleqf.o(x$fpl$dleqf)
    __fpl_dcmple_InfNaN                      0x0800cd4b   Thumb Code     0  dleqf.o(x$fpl$dleqf)
    __aeabi_dmul                             0x0800cd61   Thumb Code     0  dmul.o(x$fpl$dmul)
    _dmul                                    0x0800cd61   Thumb Code   332  dmul.o(x$fpl$dmul)
    __fpl_dnaninf                            0x0800ceb5   Thumb Code   156  dnaninf.o(x$fpl$dnaninf)
    __fpl_dretinf                            0x0800cf51   Thumb Code    12  dretinf.o(x$fpl$dretinf)
    __aeabi_cdrcmple                         0x0800cf5d   Thumb Code     0  drleqf.o(x$fpl$drleqf)
    _drcmple                                 0x0800cf5d   Thumb Code   108  drleqf.o(x$fpl$drleqf)
    __aeabi_drsub                            0x0800cfc9   Thumb Code     0  daddsub_clz.o(x$fpl$drsb)
    _drsb                                    0x0800cfc9   Thumb Code    22  daddsub_clz.o(x$fpl$drsb)
    _dsqrt                                   0x0800cfe1   Thumb Code   404  dsqrt_umaal.o(x$fpl$dsqrt)
    __aeabi_dsub                             0x0800d179   Thumb Code     0  daddsub_clz.o(x$fpl$dsub)
    _dsub                                    0x0800d179   Thumb Code   464  daddsub_clz.o(x$fpl$dsub)
    __aeabi_f2d                              0x0800d34d   Thumb Code     0  f2d.o(x$fpl$f2d)
    _f2d                                     0x0800d34d   Thumb Code    86  f2d.o(x$fpl$f2d)
    __fpl_fnaninf                            0x0800d3a3   Thumb Code   140  fnaninf.o(x$fpl$fnaninf)
    _fp_init                                 0x0800d42f   Thumb Code    10  fpinit.o(x$fpl$fpinit)
    __fplib_config_fpu_vfp                   0x0800d437   Thumb Code     0  fpinit.o(x$fpl$fpinit)
    __fplib_config_pureend_doubles           0x0800d437   Thumb Code     0  fpinit.o(x$fpl$fpinit)
    __aeabi_d2ulz                            0x0800d439   Thumb Code     0  dfixull.o(x$fpl$llufromd)
    _ll_ufrom_d                              0x0800d439   Thumb Code   120  dfixull.o(x$fpl$llufromd)
    __I$use$fp                               0x0800d4b0   Number         0  usenofp.o(x$fpl$usenofp)
    asc2_1206                                0x0800d4b0   Data        1140  lcd.o(.constdata)
    asc2_1608                                0x0800d924   Data        1520  lcd.o(.constdata)
    asc2_2412                                0x0800df14   Data        3420  lcd.o(.constdata)
    asc2_3216                                0x0800ec70   Data        6080  lcd.o(.constdata)
    array_CHAR                               0x08010430   Data          16  keyboard.o(.constdata)
    FT5206_TPX_TBL                           0x08010440   Data          10  ft5206.o(.constdata)
    GT9147_CFG_TBL                           0x0801044a   Data         184  gt9147.o(.constdata)
    GT9147_TPX_TBL                           0x08010502   Data          10  gt9147.o(.constdata)
    OTT_TPX_TBL                              0x0801050c   Data          10  ott2001a.o(.constdata)
    TP_REMIND_MSG_TBL                        0x08010518   Data           4  touch.o(.constdata)
    FSMC_DefaultTimingStruct                 0x0801051c   Data          28  stm32f4xx_fsmc.o(.constdata)
    Region$$Table$$Base                      0x080105dc   Number         0  anon$$obj.o(Region$$Table)
    Region$$Table$$Limit                     0x080105fc   Number         0  anon$$obj.o(Region$$Table)
    menu_flag                                0x20000000   Data           4  main.o(.data)
    Draw_finish_flag                         0x20000004   Data           4  main.o(.data)
    i                                        0x20000008   Data           4  main.o(.data)
    j                                        0x2000000c   Data           4  main.o(.data)
    a                                        0x20000010   Data           4  main.o(.data)
    X_pos                                    0x20000014   Data           4  main.o(.data)
    hori_div                                 0x20000018   Data           4  main.o(.data)
    Y_to_draw                                0x2000001c   Data           4  main.o(.data)
    Y_last                                   0x20000020   Data           4  main.o(.data)
    data_f                                   0x20000028   Data           8  main.o(.data)
    new_signal_flag                          0x20000030   Data           1  main.o(.data)
    Freq_cnt_1                               0x20000034   Data           4  main.o(.data)
    Freq_cnt_2                               0x20000038   Data           4  main.o(.data)
    Freq                                     0x20000040   Data           8  main.o(.data)
    data                                     0x20000048   Data        1400  main.o(.data)
    sample_mode                              0x200005c0   Data           1  main.o(.data)
    SystemCoreClock                          0x200005c4   Data           4  system_stm32f4xx.o(.data)
    AHBPrescTable                            0x200005c8   Data          16  system_stm32f4xx.o(.data)
    POINT_COLOR                              0x200005d8   Data           2  lcd.o(.data)
    BACK_COLOR                               0x200005da   Data           2  lcd.o(.data)
    Enter_flag                               0x200005e0   Data           4  keyboard.o(.data)
    KBCode                                   0x200005e4   Data           8  keyboard.o(.data)
    KeyValue                                 0x200005ec   Data           1  keyboard.o(.data)
    KeyChange_Flag                           0x200005ed   Data           1  keyboard.o(.data)
    freq                                     0x200005f0   Data           8  keyboard.o(.data)
    tp_dev                                   0x20000610   Data          52  touch.o(.data)
    CMD_RDX                                  0x20000644   Data           1  touch.o(.data)
    CMD_RDY                                  0x20000645   Data           1  touch.o(.data)
    SPI_NULL                                 0x20000648   Data           8  exti.o(.data)
    Data_R                                   0x20000650   Data           8  exti.o(.data)
    __stdout                                 0x2000065c   Data           4  usart.o(.data)
    USART_RX_STA                             0x20000660   Data           2  usart.o(.data)
    lcddev                                   0x20000674   Data          14  lcd.o(.bss)
    USART_RX_BUF                             0x200006c6   Data         200  usart.o(.bss)
    __libspace_start                         0x20000790   Data          96  libspace.o(.bss)
    __temporary_stack_top$libspace           0x200007f0   Data           0  libspace.o(.bss)



==============================================================================

Memory Map of the image

  Image Entry point : 0x08000189

  Load Region LR_IROM1 (Base: 0x08000000, Size: 0x00010c70, Max: 0x00100000, ABSOLUTE, COMPRESSED[0x00010668])

    Execution Region ER_IROM1 (Exec base: 0x08000000, Load base: 0x08000000, Size: 0x000105fc, Max: 0x00100000, ABSOLUTE)

    Exec Addr    Load Addr    Size         Type   Attr      Idx    E Section Name        Object

    0x08000000   0x08000000   0x00000188   Data   RO          755    RESET               startup_stm32f40_41xxx.o
    0x08000188   0x08000188   0x00000008   Code   RO         1012  * !!!main             c_w.l(__main.o)
    0x08000190   0x08000190   0x00000034   Code   RO         1274    !!!scatter          c_w.l(__scatter.o)
    0x080001c4   0x080001c4   0x0000005a   Code   RO         1272    !!dczerorl2         c_w.l(__dczerorl2.o)
    0x0800021e   0x0800021e   0x00000002   PAD
    0x08000220   0x08000220   0x0000001c   Code   RO         1276    !!handler_zi        c_w.l(__scatter_zi.o)
    0x0800023c   0x0800023c   0x00000000   Code   RO         1007    .ARM.Collect$$_printf_percent$$00000000  c_w.l(_printf_percent.o)
    0x0800023c   0x0800023c   0x00000006   Code   RO         1006    .ARM.Collect$$_printf_percent$$00000009  c_w.l(_printf_d.o)
    0x08000242   0x08000242   0x00000006   Code   RO         1005    .ARM.Collect$$_printf_percent$$0000000C  c_w.l(_printf_x.o)
    0x08000248   0x08000248   0x00000006   Code   RO         1004    .ARM.Collect$$_printf_percent$$00000014  c_w.l(_printf_s.o)
    0x0800024e   0x0800024e   0x00000004   Code   RO         1089    .ARM.Collect$$_printf_percent$$00000017  c_w.l(_printf_percent_end.o)
    0x08000252   0x08000252   0x00000002   Code   RO         1149    .ARM.Collect$$libinit$$00000000  c_w.l(libinit.o)
    0x08000254   0x08000254   0x00000004   Code   RO         1158    .ARM.Collect$$libinit$$00000001  c_w.l(libinit2.o)
    0x08000258   0x08000258   0x00000000   Code   RO         1161    .ARM.Collect$$libinit$$00000004  c_w.l(libinit2.o)
    0x08000258   0x08000258   0x00000000   Code   RO         1164    .ARM.Collect$$libinit$$0000000A  c_w.l(libinit2.o)
    0x08000258   0x08000258   0x00000000   Code   RO         1166    .ARM.Collect$$libinit$$0000000C  c_w.l(libinit2.o)
    0x08000258   0x08000258   0x00000000   Code   RO         1168    .ARM.Collect$$libinit$$0000000E  c_w.l(libinit2.o)
    0x08000258   0x08000258   0x00000000   Code   RO         1171    .ARM.Collect$$libinit$$00000011  c_w.l(libinit2.o)
    0x08000258   0x08000258   0x00000000   Code   RO         1173    .ARM.Collect$$libinit$$00000013  c_w.l(libinit2.o)
    0x08000258   0x08000258   0x00000000   Code   RO         1175    .ARM.Collect$$libinit$$00000015  c_w.l(libinit2.o)
    0x08000258   0x08000258   0x00000000   Code   RO         1177    .ARM.Collect$$libinit$$00000017  c_w.l(libinit2.o)
    0x08000258   0x08000258   0x00000000   Code   RO         1179    .ARM.Collect$$libinit$$00000019  c_w.l(libinit2.o)
    0x08000258   0x08000258   0x00000000   Code   RO         1181    .ARM.Collect$$libinit$$0000001B  c_w.l(libinit2.o)
    0x08000258   0x08000258   0x00000000   Code   RO         1183    .ARM.Collect$$libinit$$0000001D  c_w.l(libinit2.o)
    0x08000258   0x08000258   0x00000000   Code   RO         1185    .ARM.Collect$$libinit$$0000001F  c_w.l(libinit2.o)
    0x08000258   0x08000258   0x00000000   Code   RO         1187    .ARM.Collect$$libinit$$00000021  c_w.l(libinit2.o)
    0x08000258   0x08000258   0x00000000   Code   RO         1189    .ARM.Collect$$libinit$$00000023  c_w.l(libinit2.o)
    0x08000258   0x08000258   0x00000000   Code   RO         1191    .ARM.Collect$$libinit$$00000025  c_w.l(libinit2.o)
    0x08000258   0x08000258   0x00000000   Code   RO         1195    .ARM.Collect$$libinit$$0000002C  c_w.l(libinit2.o)
    0x08000258   0x08000258   0x00000000   Code   RO         1197    .ARM.Collect$$libinit$$0000002E  c_w.l(libinit2.o)
    0x08000258   0x08000258   0x00000000   Code   RO         1199    .ARM.Collect$$libinit$$00000030  c_w.l(libinit2.o)
    0x08000258   0x08000258   0x00000000   Code   RO         1201    .ARM.Collect$$libinit$$00000032  c_w.l(libinit2.o)
    0x08000258   0x08000258   0x00000002   Code   RO         1202    .ARM.Collect$$libinit$$00000033  c_w.l(libinit2.o)
    0x0800025a   0x0800025a   0x00000002   Code   RO         1228    .ARM.Collect$$libshutdown$$00000000  c_w.l(libshutdown.o)
    0x0800025c   0x0800025c   0x00000000   Code   RO         1255    .ARM.Collect$$libshutdown$$00000002  c_w.l(libshutdown2.o)
    0x0800025c   0x0800025c   0x00000000   Code   RO         1257    .ARM.Collect$$libshutdown$$00000004  c_w.l(libshutdown2.o)
    0x0800025c   0x0800025c   0x00000000   Code   RO         1260    .ARM.Collect$$libshutdown$$00000007  c_w.l(libshutdown2.o)
    0x0800025c   0x0800025c   0x00000000   Code   RO         1263    .ARM.Collect$$libshutdown$$0000000A  c_w.l(libshutdown2.o)
    0x0800025c   0x0800025c   0x00000000   Code   RO         1265    .ARM.Collect$$libshutdown$$0000000C  c_w.l(libshutdown2.o)
    0x0800025c   0x0800025c   0x00000000   Code   RO         1268    .ARM.Collect$$libshutdown$$0000000F  c_w.l(libshutdown2.o)
    0x0800025c   0x0800025c   0x00000002   Code   RO         1269    .ARM.Collect$$libshutdown$$00000010  c_w.l(libshutdown2.o)
    0x0800025e   0x0800025e   0x00000000   Code   RO         1076    .ARM.Collect$$rtentry$$00000000  c_w.l(__rtentry.o)
    0x0800025e   0x0800025e   0x00000000   Code   RO         1104    .ARM.Collect$$rtentry$$00000002  c_w.l(__rtentry2.o)
    0x0800025e   0x0800025e   0x00000006   Code   RO         1116    .ARM.Collect$$rtentry$$00000004  c_w.l(__rtentry4.o)
    0x08000264   0x08000264   0x00000000   Code   RO         1106    .ARM.Collect$$rtentry$$00000009  c_w.l(__rtentry2.o)
    0x08000264   0x08000264   0x00000004   Code   RO         1107    .ARM.Collect$$rtentry$$0000000A  c_w.l(__rtentry2.o)
    0x08000268   0x08000268   0x00000000   Code   RO         1109    .ARM.Collect$$rtentry$$0000000C  c_w.l(__rtentry2.o)
    0x08000268   0x08000268   0x00000008   Code   RO         1110    .ARM.Collect$$rtentry$$0000000D  c_w.l(__rtentry2.o)
    0x08000270   0x08000270   0x00000002   Code   RO         1150    .ARM.Collect$$rtexit$$00000000  c_w.l(rtexit.o)
    0x08000272   0x08000272   0x00000000   Code   RO         1204    .ARM.Collect$$rtexit$$00000002  c_w.l(rtexit2.o)
    0x08000272   0x08000272   0x00000004   Code   RO         1205    .ARM.Collect$$rtexit$$00000003  c_w.l(rtexit2.o)
    0x08000276   0x08000276   0x00000006   Code   RO         1206    .ARM.Collect$$rtexit$$00000004  c_w.l(rtexit2.o)
    0x0800027c   0x0800027c   0x00000e94   Code   RO            3    .text               main.o
    0x08001110   0x08001110   0x0000001a   Code   RO          197    .text               stm32f4xx_it.o
    0x0800112a   0x0800112a   0x00000002   PAD
    0x0800112c   0x0800112c   0x00000210   Code   RO          246    .text               system_stm32f4xx.o
    0x0800133c   0x0800133c   0x00005388   Code   RO          292    .text               lcd.o
    0x080066c4   0x080066c4   0x00000cac   Code   RO          374    .text               keyboard.o
    0x08007370   0x08007370   0x000000fc   Code   RO          428    .text               adc.o
    0x0800746c   0x0800746c   0x0000013c   Code   RO          448    .text               spi.o
    0x080075a8   0x080075a8   0x0000025c   Code   RO          491    .text               myiic.o
    0x08007804   0x08007804   0x0000017a   Code   RO          514    .text               24cxx.o
    0x0800797e   0x0800797e   0x00000002   PAD
    0x08007980   0x08007980   0x00000254   Code   RO          537    .text               ctiic.o
    0x08007bd4   0x08007bd4   0x0000032c   Code   RO          557    .text               ft5206.o
    0x08007f00   0x08007f00   0x00000454   Code   RO          581    .text               gt9147.o
    0x08008354   0x08008354   0x00000388   Code   RO          605    .text               ott2001a.o
    0x080086dc   0x080086dc   0x000010e0   Code   RO          629    .text               touch.o
    0x080097bc   0x080097bc   0x00000834   Code   RO          657    .text               exti.o
    0x08009ff0   0x08009ff0   0x0000013c   Code   RO          684    .text               delay.o
    0x0800a12c   0x0800a12c   0x00000148   Code   RO          724    .text               usart.o
    0x0800a274   0x0800a274   0x00000040   Code   RO          756    .text               startup_stm32f40_41xxx.o
    0x0800a2b4   0x0800a2b4   0x000000e0   Code   RO          762    .text               misc.o
    0x0800a394   0x0800a394   0x00000294   Code   RO          782    .text               stm32f4xx_gpio.o
    0x0800a628   0x0800a628   0x000005c8   Code   RO          802    .text               stm32f4xx_fsmc.o
    0x0800abf0   0x0800abf0   0x0000065c   Code   RO          825    .text               stm32f4xx_rcc.o
    0x0800b24c   0x0800b24c   0x00000094   Code   RO          847    .text               stm32f4xx_syscfg.o
    0x0800b2e0   0x0800b2e0   0x00000454   Code   RO          867    .text               stm32f4xx_usart.o
    0x0800b734   0x0800b734   0x00000110   Code   RO          887    .text               stm32f4xx_exti.o
    0x0800b844   0x0800b844   0x00000464   Code   RO          907    .text               stm32f4xx_adc.o
    0x0800bca8   0x0800bca8   0x00000480   Code   RO          927    .text               stm32f4xx_spi.o
    0x0800c128   0x0800c128   0x00000002   Code   RO          947    .text               c_w.l(use_no_semi_2.o)
    0x0800c12a   0x0800c12a   0x000000ee   Code   RO          949    .text               c_w.l(lludivv7m.o)
    0x0800c218   0x0800c218   0x00000018   Code   RO          955    .text               c_w.l(noretval__2printf.o)
    0x0800c230   0x0800c230   0x00000068   Code   RO          957    .text               c_w.l(__printf.o)
    0x0800c298   0x0800c298   0x00000052   Code   RO          959    .text               c_w.l(_printf_str.o)
    0x0800c2ea   0x0800c2ea   0x00000002   PAD
    0x0800c2ec   0x0800c2ec   0x00000078   Code   RO          961    .text               c_w.l(_printf_dec.o)
    0x0800c364   0x0800c364   0x00000058   Code   RO          966    .text               c_w.l(_printf_hex_int.o)
    0x0800c3bc   0x0800c3bc   0x00000080   Code   RO         1008    .text               c_w.l(strcmpv7m.o)
    0x0800c43c   0x0800c43c   0x00000006   Code   RO         1010    .text               c_w.l(heapauxi.o)
    0x0800c442   0x0800c442   0x00000002   Code   RO         1074    .text               c_w.l(use_no_semi.o)
    0x0800c444   0x0800c444   0x00000016   Code   RO         1081    .text               c_w.l(_rserrno.o)
    0x0800c45a   0x0800c45a   0x000000b2   Code   RO         1083    .text               c_w.l(_printf_intcommon.o)
    0x0800c50c   0x0800c50c   0x0000002c   Code   RO         1085    .text               c_w.l(_printf_char.o)
    0x0800c538   0x0800c538   0x00000024   Code   RO         1087    .text               c_w.l(_printf_char_file.o)
    0x0800c55c   0x0800c55c   0x00000008   Code   RO         1123    .text               c_w.l(rt_errno_addr_intlibspace.o)
    0x0800c564   0x0800c564   0x00000030   Code   RO         1125    .text               c_w.l(_printf_char_common.o)
    0x0800c594   0x0800c594   0x00000008   Code   RO         1127    .text               c_w.l(ferror.o)
    0x0800c59c   0x0800c59c   0x00000008   Code   RO         1131    .text               c_w.l(libspace.o)
    0x0800c5a4   0x0800c5a4   0x0000004a   Code   RO         1134    .text               c_w.l(sys_stackheap_outer.o)
    0x0800c5ee   0x0800c5ee   0x00000012   Code   RO         1138    .text               c_w.l(exit.o)
    0x0800c600   0x0800c600   0x0000007a   Code   RO         1062    i.__hardfp_sqrt     m_wm.l(sqrt.o)
    0x0800c67a   0x0800c67a   0x00000018   Code   RO         1014    x$fpl$basic         fz_wm.l(basic.o)
    0x0800c692   0x0800c692   0x00000002   PAD
    0x0800c694   0x0800c694   0x00000150   Code   RO         1018    x$fpl$dadd          fz_wm.l(daddsub_clz.o)
    0x0800c7e4   0x0800c7e4   0x00000018   Code   RO         1090    x$fpl$dcmpinf       fz_wm.l(dcmpi.o)
    0x0800c7fc   0x0800c7fc   0x000002b0   Code   RO         1025    x$fpl$ddiv          fz_wm.l(ddiv.o)
    0x0800caac   0x0800caac   0x0000005e   Code   RO         1028    x$fpl$dfix          fz_wm.l(dfix.o)
    0x0800cb0a   0x0800cb0a   0x00000002   PAD
    0x0800cb0c   0x0800cb0c   0x0000005a   Code   RO         1036    x$fpl$dfixu         fz_wm.l(dfixu.o)
    0x0800cb66   0x0800cb66   0x0000002e   Code   RO         1045    x$fpl$dflt          fz_wm.l(dflt_clz.o)
    0x0800cb94   0x0800cb94   0x000000a2   Code   RO         1050    x$fpl$dfltll        fz_wm.l(dfltll_clz.o)
    0x0800cc36   0x0800cc36   0x00000026   Code   RO         1044    x$fpl$dfltu         fz_wm.l(dflt_clz.o)
    0x0800cc5c   0x0800cc5c   0x0000008a   Code   RO         1051    x$fpl$dfltull       fz_wm.l(dfltll_clz.o)
    0x0800cce6   0x0800cce6   0x00000002   PAD
    0x0800cce8   0x0800cce8   0x00000078   Code   RO         1054    x$fpl$dleqf         fz_wm.l(dleqf.o)
    0x0800cd60   0x0800cd60   0x00000154   Code   RO         1056    x$fpl$dmul          fz_wm.l(dmul.o)
    0x0800ceb4   0x0800ceb4   0x0000009c   Code   RO         1092    x$fpl$dnaninf       fz_wm.l(dnaninf.o)
    0x0800cf50   0x0800cf50   0x0000000c   Code   RO         1094    x$fpl$dretinf       fz_wm.l(dretinf.o)
    0x0800cf5c   0x0800cf5c   0x0000006c   Code   RO         1058    x$fpl$drleqf        fz_wm.l(drleqf.o)
    0x0800cfc8   0x0800cfc8   0x00000016   Code   RO         1019    x$fpl$drsb          fz_wm.l(daddsub_clz.o)
    0x0800cfde   0x0800cfde   0x00000002   PAD
    0x0800cfe0   0x0800cfe0   0x00000198   Code   RO         1096    x$fpl$dsqrt         fz_wm.l(dsqrt_umaal.o)
    0x0800d178   0x0800d178   0x000001d4   Code   RO         1020    x$fpl$dsub          fz_wm.l(daddsub_clz.o)
    0x0800d34c   0x0800d34c   0x00000056   Code   RO         1060    x$fpl$f2d           fz_wm.l(f2d.o)
    0x0800d3a2   0x0800d3a2   0x0000008c   Code   RO         1098    x$fpl$fnaninf       fz_wm.l(fnaninf.o)
    0x0800d42e   0x0800d42e   0x0000000a   Code   RO         1216    x$fpl$fpinit        fz_wm.l(fpinit.o)
    0x0800d438   0x0800d438   0x00000078   Code   RO         1040    x$fpl$llufromd      fz_wm.l(dfixull.o)
    0x0800d4b0   0x0800d4b0   0x00000000   Code   RO         1102    x$fpl$usenofp       fz_wm.l(usenofp.o)
    0x0800d4b0   0x0800d4b0   0x00002f80   Data   RO          294    .constdata          lcd.o
    0x08010430   0x08010430   0x00000010   Data   RO          376    .constdata          keyboard.o
    0x08010440   0x08010440   0x0000000a   Data   RO          558    .constdata          ft5206.o
    0x0801044a   0x0801044a   0x000000c2   Data   RO          582    .constdata          gt9147.o
    0x0801050c   0x0801050c   0x0000000a   Data   RO          606    .constdata          ott2001a.o
    0x08010516   0x08010516   0x00000002   PAD
    0x08010518   0x08010518   0x00000004   Data   RO          630    .constdata          touch.o
    0x0801051c   0x0801051c   0x0000001c   Data   RO          803    .constdata          stm32f4xx_fsmc.o
    0x08010538   0x08010538   0x00000028   Data   RO          967    .constdata          c_w.l(_printf_hex_int.o)
    0x08010560   0x08010560   0x00000079   Data   RO          631    .conststring        touch.o
    0x080105d9   0x080105d9   0x00000003   PAD
    0x080105dc   0x080105dc   0x00000020   Data   RO         1270    Region$$Table       anon$$obj.o


    Execution Region RW_IRAM1 (Exec base: 0x20000000, Load base: 0x080105fc, Size: 0x00000df0, Max: 0x00020000, ABSOLUTE, COMPRESSED[0x0000006c])

    Exec Addr    Load Addr    Size         Type   Attr      Idx    E Section Name        Object

    0x20000000   COMPRESSED   0x000005c1   Data   RW            4    .data               main.o
    0x200005c1   COMPRESSED   0x00000003   PAD
    0x200005c4   COMPRESSED   0x00000014   Data   RW          247    .data               system_stm32f4xx.o
    0x200005d8   COMPRESSED   0x00000004   Data   RW          295    .data               lcd.o
    0x200005dc   COMPRESSED   0x00000004   PAD
    0x200005e0   COMPRESSED   0x0000002c   Data   RW          377    .data               keyboard.o
    0x2000060c   COMPRESSED   0x00000001   Data   RW          559    .data               ft5206.o
    0x2000060d   COMPRESSED   0x00000001   Data   RW          583    .data               gt9147.o
    0x2000060e   COMPRESSED   0x00000001   Data   RW          607    .data               ott2001a.o
    0x2000060f   COMPRESSED   0x00000001   PAD
    0x20000610   COMPRESSED   0x00000036   Data   RW          632    .data               touch.o
    0x20000646   COMPRESSED   0x00000002   PAD
    0x20000648   COMPRESSED   0x00000010   Data   RW          658    .data               exti.o
    0x20000658   COMPRESSED   0x00000004   Data   RW          685    .data               delay.o
    0x2000065c   COMPRESSED   0x00000006   Data   RW          726    .data               usart.o
    0x20000662   COMPRESSED   0x00000010   Data   RW          826    .data               stm32f4xx_rcc.o
    0x20000672   COMPRESSED   0x00000002   PAD
    0x20000674        -       0x0000000e   Zero   RW          293    .bss                lcd.o
    0x20000682        -       0x00000044   Zero   RW          375    .bss                keyboard.o
    0x200006c6        -       0x000000c8   Zero   RW          725    .bss                usart.o
    0x2000078e   COMPRESSED   0x00000002   PAD
    0x20000790        -       0x00000060   Zero   RW         1132    .bss                c_w.l(libspace.o)
    0x200007f0        -       0x00000200   Zero   RW          754    HEAP                startup_stm32f40_41xxx.o
    0x200009f0        -       0x00000400   Zero   RW          753    STACK               startup_stm32f40_41xxx.o


==============================================================================

Image component sizes


      Code (inc. data)   RO Data    RW Data    ZI Data      Debug   Object Name

       378          0          0          0          0       2902   24cxx.o
       252          8          0          0          0       1291   adc.o
       596         24          0          0          0       2125   ctiic.o
       316          8          0          4          0       1837   delay.o
      2100         48          0         16          0       1912   exti.o
       812         40         10          1          0       2663   ft5206.o
      1108         80        194          1          0       3242   gt9147.o
      3244        156         16         44         68      10121   keyboard.o
     21384        216      12160          4         14      26629   lcd.o
      3732        252          0       1473          0     298775   main.o
       224         20          0          0          0       1901   misc.o
       604         14          0          0          0       1960   myiic.o
       904         66         10          1          0       2875   ott2001a.o
       316          8          0          0          0       1141   spi.o
        64         26        392          0       1536        876   startup_stm32f40_41xxx.o
      1124         24          0          0          0      10770   stm32f4xx_adc.o
       272         10          0          0          0       2367   stm32f4xx_exti.o
      1480         18         28          0          0       5774   stm32f4xx_fsmc.o
       660         44          0          0          0       4241   stm32f4xx_gpio.o
        26          0          0          0          0       1262   stm32f4xx_it.o
      1628         52          0         16          0      13160   stm32f4xx_rcc.o
      1152         36          0          0          0       6989   stm32f4xx_spi.o
       148         12          0          0          0       1885   stm32f4xx_syscfg.o
      1108         34          0          0          0       7964   stm32f4xx_usart.o
       528         46          0         20          0       1907   system_stm32f4xx.o
      4320        228        125         54          0       7005   touch.o
       328         18          0          6        200       3442   usart.o

    ----------------------------------------------------------------------
     48812       1488      12972       1652       1820     427016   Object Totals
         0          0         32          0          0          0   (incl. Generated)
         4          0          5         12          2          0   (incl. Padding)

    ----------------------------------------------------------------------

      Code (inc. data)   RO Data    RW Data    ZI Data      Debug   Library Member Name

        90          0          0          0          0          0   __dczerorl2.o
         8          0          0          0          0         68   __main.o
       104          0          0          0          0         84   __printf.o
         0          0          0          0          0          0   __rtentry.o
        12          0          0          0          0          0   __rtentry2.o
         6          0          0          0          0          0   __rtentry4.o
        52          8          0          0          0          0   __scatter.o
        28          0          0          0          0          0   __scatter_zi.o
        44          0          0          0          0        108   _printf_char.o
        48          6          0          0          0         96   _printf_char_common.o
        36          4          0          0          0         80   _printf_char_file.o
         6          0          0          0          0          0   _printf_d.o
       120         16          0          0          0         92   _printf_dec.o
        88          4         40          0          0         88   _printf_hex_int.o
       178          0          0          0          0         88   _printf_intcommon.o
         0          0          0          0          0          0   _printf_percent.o
         4          0          0          0          0          0   _printf_percent_end.o
         6          0          0          0          0          0   _printf_s.o
        82          0          0          0          0         80   _printf_str.o
         6          0          0          0          0          0   _printf_x.o
        22          0          0          0          0        100   _rserrno.o
        18          0          0          0          0         80   exit.o
         8          0          0          0          0         68   ferror.o
         6          0          0          0          0        152   heapauxi.o
         2          0          0          0          0          0   libinit.o
         6          0          0          0          0          0   libinit2.o
         2          0          0          0          0          0   libshutdown.o
         2          0          0          0          0          0   libshutdown2.o
         8          4          0          0         96         68   libspace.o
       238          0          0          0          0        100   lludivv7m.o
        24          4          0          0          0         84   noretval__2printf.o
         8          4          0          0          0         68   rt_errno_addr_intlibspace.o
         2          0          0          0          0          0   rtexit.o
        10          0          0          0          0          0   rtexit2.o
       128          0          0          0          0         68   strcmpv7m.o
        74          0          0          0          0         80   sys_stackheap_outer.o
         2          0          0          0          0         68   use_no_semi.o
         2          0          0          0          0         68   use_no_semi_2.o
        24          0          0          0          0        164   basic.o
       826         16          0          0          0        492   daddsub_clz.o
        24          0          0          0          0        116   dcmpi.o
       688        140          0          0          0        256   ddiv.o
        94          4          0          0          0        140   dfix.o
        90          4          0          0          0        140   dfixu.o
       120          4          0          0          0        152   dfixull.o
        84          0          0          0          0        232   dflt_clz.o
       300          0          0          0          0        264   dfltll_clz.o
       120          4          0          0          0        140   dleqf.o
       340         12          0          0          0        152   dmul.o
       156          4          0          0          0        140   dnaninf.o
        12          0          0          0          0        116   dretinf.o
       108          0          0          0          0        128   drleqf.o
       408         56          0          0          0        168   dsqrt_umaal.o
        86          4          0          0          0        132   f2d.o
       140          4          0          0          0        132   fnaninf.o
        10          0          0          0          0        116   fpinit.o
         0          0          0          0          0          0   usenofp.o
       122          0          0          0          0        148   sqrt.o

    ----------------------------------------------------------------------
      5244        302         40          0         96       5116   Library Totals
        12          0          0          0          0          0   (incl. Padding)

    ----------------------------------------------------------------------

      Code (inc. data)   RO Data    RW Data    ZI Data      Debug   Library Name

      1480         50         40          0         96       1788   c_w.l
      3630        252          0          0          0       3180   fz_wm.l
       122          0          0          0          0        148   m_wm.l

    ----------------------------------------------------------------------
      5244        302         40          0         96       5116   Library Totals

    ----------------------------------------------------------------------

==============================================================================


      Code (inc. data)   RO Data    RW Data    ZI Data      Debug   

     54056       1790      13012       1652       1916     423948   Grand Totals
     54056       1790      13012        108       1916     423948   ELF Image Totals (compressed)
     54056       1790      13012        108          0          0   ROM Totals

==============================================================================

    Total RO  Size (Code + RO Data)                67068 (  65.50kB)
    Total RW  Size (RW Data + ZI Data)              3568 (   3.48kB)
    Total ROM Size (Code + RO Data + RW Data)      67176 (  65.60kB)

==============================================================================

