<html>
<body>
<pre>
<h1>µVision Build Log</h1>
<h2>Tool Versions:</h2>
IDE-Version: ¦ÌVision V5.28.0.0
Copyright (C) 2019 ARM Ltd and ARM Germany GmbH. All rights reserved.
License Information: Shigure Minaduki, Nanjing University, LIC=UJWMM-XV6GZ-PBCEG-VBCWC-C8LHT-IAF3T
 
Tool Versions:
Toolchain:       MDK-ARM Plus  Version: 5.28.0.0
Toolchain Path:  C:\Keil_v5\ARM\ARMCC\Bin
C Compiler:      Armcc.exe V5.06 update 6 (build 750)
Assembler:       Armasm.exe V5.06 update 6 (build 750)
Linker/Locator:  ArmLink.exe V5.06 update 6 (build 750)
Library Manager: ArmAr.exe V5.06 update 6 (build 750)
Hex Converter:   FromElf.exe V5.06 update 6 (build 750)
CPU DLL:         SARMCM3.DLL V5.28.0.0
Dialog DLL:      DCM.DLL V1.17.3.0
Target DLL:      Segger\JL2CM3.dll V2.99.36.0
Dialog DLL:      TCM.DLL V1.36.2.0
 
<h2>Project:</h2>
C:\Users\Player\Desktop\SPI_Send_Test\ADF4351DEMO\USER\LCD.uvprojx
Project File Date:  08/04/2019

<h2>Output:</h2>
*** Using Compiler 'V5.06 update 6 (build 750)', folder: 'C:\Keil_v5\ARM\ARMCC\Bin'
Rebuild target 'LCD'
compiling key.c...
compiling led.c...
compiling stm32f4xx_it.c...
compiling system_stm32f4xx.c...
compiling LCD12864.c...
..\HARDWARE\LCD12864\LCD12864.c(332): warning:  #1035-D: single-precision operand implicitly converted to double-precision
  			LCD_GDot(i+x1, i*a+y1+0.5);
..\HARDWARE\LCD12864\LCD12864.c(345): warning:  #1035-D: single-precision operand implicitly converted to double-precision
  			LCD_GDot(i*a+x1+0.5, i+y1);
..\HARDWARE\LCD12864\LCD12864.c: 2 warnings, 0 errors
compiling main.c...
main.c(52): warning:  #177-D: variable "key"  was declared but never referenced
  	u8 key;
main.c(54): warning:  #177-D: variable "t"  was declared but never referenced
  	u8 t=0;
main.c(58): warning:  #177-D: variable "msg"  was declared but never referenced
  	char msg[50]="Hello from Minaduki Shigure, have a nice day!";
main.c: 3 warnings, 0 errors
compiling lcd.c...
compiling spi.c...
compiling adc.c...
compiling ADF4351.c...
compiling PE4302.C...
compiling myiic.c...
compiling KeyBoard.c...
compiling 24cxx.c...
compiling ctiic.c...
compiling exti.c...
compiling ft5206.c...
compiling ott2001a.c...
compiling gt9147.c...
compiling touch.c...
compiling sdio_sdcard.c...
assembling startup_stm32f40_41xxx.s...
compiling dac.c...
compiling sys.c...
compiling timer.c...
compiling delay.c...
compiling usart.c...
compiling w25qxx.c...
compiling misc.c...
compiling stm32f4xx_gpio.c...
compiling stm32f4xx_syscfg.c...
compiling stm32f4xx_exti.c...
compiling stm32f4xx_usart.c...
compiling stm32f4xx_fsmc.c...
compiling stm32f4xx_rcc.c...
compiling stm32f4xx_adc.c...
compiling ff.c...
compiling stm32f4xx_sdio.c...
compiling stm32f4xx_dma.c...
compiling stm32f4xx_dac.c...
compiling stm32f4xx_spi.c...
compiling malloc.c...
compiling stm32f4xx_tim.c...
compiling cc936.c...
compiling exfuns.c...
compiling diskio.c...
linking...
Program Size: Code=78404 RO-data=188640 RW-data=328 ZI-data=1225400  
FromELF: creating hex file...
"..\OBJ\LCD.axf" - 0 Error(s), 5 Warning(s).

<h2>Software Packages used:</h2>

Package Vendor: Keil
                http://www.keil.com/pack/Keil.STM32F4xx_DFP.2.13.0.pack
                Keil.STM32F4xx_DFP.2.13.0
                STMicroelectronics STM32F4 Series Device Support, Drivers and Examples

<h2>Collection of Component include folders:</h2>
  .\RTE\_LCD
  C:\Users\Player\AppData\Local\Arm\Packs\Keil\STM32F4xx_DFP\2.13.0\Drivers\CMSIS\Device\ST\STM32F4xx\Include

<h2>Collection of Component Files used:</h2>
Build Time Elapsed:  00:00:10
</pre>
</body>
</html>
