Component: ARM Compiler 5.06 update 6 (build 750) Tool: armlink [4d35ed]

==============================================================================

Section Cross References

    main.o(.text) refers to rt_memcpy_w.o(.text) for __aeabi_memcpy4
    main.o(.text) refers to misc.o(.text) for NVIC_PriorityGroupConfig
    main.o(.text) refers to delay.o(.text) for delay_init
    main.o(.text) refers to usart.o(.text) for uart_init
    main.o(.text) refers to lcd.o(.text) for reset_init
    main.o(.text) refers to gt9147.o(.text) for GT9147_Init
    main.o(.text) refers to spi.o(.text) for SPI1_Init
    main.o(.text) refers to exti.o(.text) for EXTIX_Init
    main.o(.text) refers to dac.o(.text) for Dac1_Init
    main.o(.text) refers to malloc.o(.text) for my_mem_init
    main.o(.text) refers to sdio_sdcard.o(.text) for SD_Init
    main.o(.text) refers to exfuns.o(.text) for exfuns_init
    main.o(.text) refers to ff.o(.text) for f_mount
    main.o(.text) refers to main.o(.constdata) for .constdata
    main.o(.text) refers to lcd.o(.data) for POINT_COLOR
    main.o(.text) refers to sdio_sdcard.o(.bss) for SDCardInfo
    main.o(.text) refers to exfuns.o(.bss) for fs
    main.o(.text) refers to aeabi_memset.o(.text) for __aeabi_memset
    main.o(.text) refers to timer.o(.text) for TIM3_Int_Init
    main.o(.text) refers to main.o(.data) for fp
    system_stm32f4xx.o(.text) refers to system_stm32f4xx.o(.data) for SystemCoreClock
    led.o(.text) refers to stm32f4xx_rcc.o(.text) for RCC_AHB1PeriphClockCmd
    led.o(.text) refers to stm32f4xx_gpio.o(.text) for GPIO_Init
    lcd.o(.text) refers to _printf_percent.o(.ARM.Collect$$_printf_percent$$00000000) for _printf_percent
    lcd.o(.text) refers to _printf_x.o(.ARM.Collect$$_printf_percent$$0000000C) for _printf_x
    lcd.o(.text) refers to _printf_hex_int.o(.text) for _printf_longlong_hex
    lcd.o(.text) refers to stm32f4xx_rcc.o(.text) for RCC_AHB1PeriphClockCmd
    lcd.o(.text) refers to stm32f4xx_gpio.o(.text) for GPIO_Init
    lcd.o(.text) refers to delay.o(.text) for delay_us
    lcd.o(.text) refers to lcd.o(.bss) for lcddev
    lcd.o(.text) refers to lcd.o(.data) for POINT_COLOR
    lcd.o(.text) refers to dflt_clz.o(x$fpl$dfltu) for __aeabi_ui2d
    lcd.o(.text) refers to dmul.o(x$fpl$dmul) for __aeabi_dmul
    lcd.o(.text) refers to dfixu.o(x$fpl$dfixu) for __aeabi_d2uiz
    lcd.o(.text) refers to stm32f4xx_fsmc.o(.text) for FSMC_NORSRAMInit
    lcd.o(.text) refers to noretval__2printf.o(.text) for __2printf
    lcd.o(.text) refers to lcd.o(.constdata) for asc2_1206
    lcd.o(.text) refers to dleqf.o(x$fpl$dleqf) for __aeabi_cdcmple
    lcd.o(.text) refers to basic.o(x$fpl$basic) for __aeabi_dneg
    lcd.o(.text) refers to dfixull.o(x$fpl$llufromd) for __aeabi_d2ulz
    lcd.o(.text) refers to dfltll_clz.o(x$fpl$dfltull) for __aeabi_ul2d
    lcd.o(.text) refers to daddsub_clz.o(x$fpl$dsub) for __aeabi_dsub
    lcd.o(.text) refers to daddsub_clz.o(x$fpl$drsb) for __aeabi_drsub
    lcd.o(.text) refers to lludivv7m.o(.text) for __aeabi_uldivmod
    lcd.o(.text) refers to dflt_clz.o(x$fpl$dflt) for __aeabi_i2d
    lcd.o(.text) refers to daddsub_clz.o(x$fpl$dadd) for __aeabi_dadd
    key.o(.text) refers to stm32f4xx_rcc.o(.text) for RCC_AHB1PeriphClockCmd
    key.o(.text) refers to stm32f4xx_gpio.o(.text) for GPIO_Init
    key.o(.text) refers to delay.o(.text) for delay_ms
    key.o(.text) refers to key.o(.data) for key_up
    lcd12864.o(.text) refers to stm32f4xx_rcc.o(.text) for RCC_AHB1PeriphClockCmd
    lcd12864.o(.text) refers to stm32f4xx_gpio.o(.text) for GPIO_Init
    lcd12864.o(.text) refers to delay.o(.text) for delay_us
    lcd12864.o(.text) refers to dfixll.o(x$fpl$llsfromd) for __aeabi_d2lz
    lcd12864.o(.text) refers to llsdiv.o(.text) for __aeabi_ldivmod
    lcd12864.o(.text) refers to dmul.o(x$fpl$dmul) for __aeabi_dmul
    lcd12864.o(.text) refers to dflt_clz.o(x$fpl$dflt) for __aeabi_i2d
    lcd12864.o(.text) refers to ddiv.o(x$fpl$ddiv) for __aeabi_ddiv
    lcd12864.o(.text) refers to d2f.o(x$fpl$d2f) for __aeabi_d2f
    lcd12864.o(.text) refers to f2d.o(x$fpl$f2d) for __aeabi_f2d
    lcd12864.o(.text) refers to daddsub_clz.o(x$fpl$dadd) for __aeabi_dadd
    lcd12864.o(.text) refers to dfix.o(x$fpl$dfix) for __aeabi_d2iz
    lcd12864.o(.text) refers to lcd12864.o(.bss) for LCD_GD
    keyboard.o(.text) refers to delay.o(.text) for delay_us
    keyboard.o(.text) refers to stm32f4xx_exti.o(.text) for EXTI_GetITStatus
    keyboard.o(.text) refers to stm32f4xx_gpio.o(.text) for GPIO_Init
    keyboard.o(.text) refers to keyboard.o(.data) for KBCode
    keyboard.o(.text) refers to lcd.o(.text) for LCD_ShowString
    keyboard.o(.text) refers to dfltll_clz.o(x$fpl$dfltll) for __aeabi_l2d
    keyboard.o(.text) refers to ddiv.o(x$fpl$ddiv) for __aeabi_ddiv
    keyboard.o(.text) refers to keyboard.o(.constdata) for array_CHAR
    keyboard.o(.text) refers to keyboard.o(.bss) for CHAR_temp
[...]
    uart_init                                0x0800b5b5   Thumb Code   164  usart.o(.text)
    USART1_IRQHandler                        0x0800b659   Thumb Code   122  usart.o(.text)
    Reset_Handler                            0x0800b6e5   Thumb Code     8  startup_stm32f40_41xxx.o(.text)
    ADC_IRQHandler                           0x0800b6ff   Thumb Code     0  startup_stm32f40_41xxx.o(.text)
    CAN1_RX0_IRQHandler                      0x0800b6ff   Thumb Code     0  startup_stm32f40_41xxx.o(.text)
    CAN1_RX1_IRQHandler                      0x0800b6ff   Thumb Code     0  startup_stm32f40_41xxx.o(.text)
    CAN1_SCE_IRQHandler                      0x0800b6ff   Thumb Code     0  startup_stm32f40_41xxx.o(.text)
    CAN1_TX_IRQHandler                       0x0800b6ff   Thumb Code     0  startup_stm32f40_41xxx.o(.text)
    CAN2_RX0_IRQHandler                      0x0800b6ff   Thumb Code     0  startup_stm32f40_41xxx.o(.text)
    CAN2_RX1_IRQHandler                      0x0800b6ff   Thumb Code     0  startup_stm32f40_41xxx.o(.text)
    CAN2_SCE_IRQHandler                      0x0800b6ff   Thumb Code     0  startup_stm32f40_41xxx.o(.text)
    CAN2_TX_IRQHandler                       0x0800b6ff   Thumb Code     0  startup_stm32f40_41xxx.o(.text)
    CRYP_IRQHandler                          0x0800b6ff   Thumb Code     0  startup_stm32f40_41xxx.o(.text)
    DCMI_IRQHandler                          0x0800b6ff   Thumb Code     0  startup_stm32f40_41xxx.o(.text)
    DMA1_Stream0_IRQHandler                  0x0800b6ff   Thumb Code     0  startup_stm32f40_41xxx.o(.text)
    DMA1_Stream1_IRQHandler                  0x0800b6ff   Thumb Code     0  startup_stm32f40_41xxx.o(.text)
    DMA1_Stream2_IRQHandler                  0x0800b6ff   Thumb Code     0  startup_stm32f40_41xxx.o(.text)
    DMA1_Stream3_IRQHandler                  0x0800b6ff   Thumb Code     0  startup_stm32f40_41xxx.o(.text)
    DMA1_Stream4_IRQHandler                  0x0800b6ff   Thumb Code     0  startup_stm32f40_41xxx.o(.text)
    DMA1_Stream5_IRQHandler                  0x0800b6ff   Thumb Code     0  startup_stm32f40_41xxx.o(.text)
    DMA1_Stream6_IRQHandler                  0x0800b6ff   Thumb Code     0  startup_stm32f40_41xxx.o(.text)
    DMA1_Stream7_IRQHandler                  0x0800b6ff   Thumb Code     0  startup_stm32f40_41xxx.o(.text)
    DMA2_Stream0_IRQHandler                  0x0800b6ff   Thumb Code     0  startup_stm32f40_41xxx.o(.text)
    DMA2_Stream1_IRQHandler                  0x0800b6ff   Thumb Code     0  startup_stm32f40_41xxx.o(.text)
    DMA2_Stream2_IRQHandler                  0x0800b6ff   Thumb Code     0  startup_stm32f40_41xxx.o(.text)
    DMA2_Stream3_IRQHandler                  0x0800b6ff   Thumb Code     0  startup_stm32f40_41xxx.o(.text)
    DMA2_Stream4_IRQHandler                  0x0800b6ff   Thumb Code     0  startup_stm32f40_41xxx.o(.text)
    DMA2_Stream5_IRQHandler                  0x0800b6ff   Thumb Code     0  startup_stm32f40_41xxx.o(.text)
    DMA2_Stream6_IRQHandler                  0x0800b6ff   Thumb Code     0  startup_stm32f40_41xxx.o(.text)
    DMA2_Stream7_IRQHandler                  0x0800b6ff   Thumb Code     0  startup_stm32f40_41xxx.o(.text)
    ETH_IRQHandler                           0x0800b6ff   Thumb Code     0  startup_stm32f40_41xxx.o(.text)
    ETH_WKUP_IRQHandler                      0x0800b6ff   Thumb Code     0  startup_stm32f40_41xxx.o(.text)
    EXTI15_10_IRQHandler                     0x0800b6ff   Thumb Code     0  startup_stm32f40_41xxx.o(.text)
    EXTI1_IRQHandler                         0x0800b6ff   Thumb Code     0  startup_stm32f40_41xxx.o(.text)
    EXTI2_IRQHandler                         0x0800b6ff   Thumb Code     0  startup_stm32f40_41xxx.o(.text)
    EXTI3_IRQHandler                         0x0800b6ff   Thumb Code     0  startup_stm32f40_41xxx.o(.text)
    EXTI4_IRQHandler                         0x0800b6ff   Thumb Code     0  startup_stm32f40_41xxx.o(.text)
    FLASH_IRQHandler                         0x0800b6ff   Thumb Code     0  startup_stm32f40_41xxx.o(.text)
    FPU_IRQHandler                           0x0800b6ff   Thumb Code     0  startup_stm32f40_41xxx.o(.text)
    FSMC_IRQHandler                          0x0800b6ff   Thumb Code     0  startup_stm32f40_41xxx.o(.text)
    HASH_RNG_IRQHandler                      0x0800b6ff   Thumb Code     0  startup_stm32f40_41xxx.o(.text)
    I2C1_ER_IRQHandler                       0x0800b6ff   Thumb Code     0  startup_stm32f40_41xxx.o(.text)
    I2C1_EV_IRQHandler                       0x0800b6ff   Thumb Code     0  startup_stm32f40_41xxx.o(.text)
    I2C2_ER_IRQHandler                       0x0800b6ff   Thumb Code     0  startup_stm32f40_41xxx.o(.text)
    I2C2_EV_IRQHandler                       0x0800b6ff   Thumb Code     0  startup_stm32f40_41xxx.o(.text)
    I2C3_ER_IRQHandler                       0x0800b6ff   Thumb Code     0  startup_stm32f40_41xxx.o(.text)
    I2C3_EV_IRQHandler                       0x0800b6ff   Thumb Code     0  startup_stm32f40_41xxx.o(.text)
    OTG_FS_IRQHandler                        0x0800b6ff   Thumb Code     0  startup_stm32f40_41xxx.o(.text)
    OTG_FS_WKUP_IRQHandler                   0x0800b6ff   Thumb Code     0  startup_stm32f40_41xxx.o(.text)
    OTG_HS_EP1_IN_IRQHandler                 0x0800b6ff   Thumb Code     0  startup_stm32f40_41xxx.o(.text)
    OTG_HS_EP1_OUT_IRQHandler                0x0800b6ff   Thumb Code     0  startup_stm32f40_41xxx.o(.text)
    OTG_HS_IRQHandler                        0x0800b6ff   Thumb Code     0  startup_stm32f40_41xxx.o(.text)
    OTG_HS_WKUP_IRQHandler                   0x0800b6ff   Thumb Code     0  startup_stm32f40_41xxx.o(.text)
    PVD_IRQHandler                           0x0800b6ff   Thumb Code     0  startup_stm32f40_41xxx.o(.text)
    RCC_IRQHandler                           0x0800b6ff   Thumb Code     0  startup_stm32f40_41xxx.o(.text)
    RTC_Alarm_IRQHandler                     0x0800b6ff   Thumb Code     0  startup_stm32f40_41xxx.o(.text)
    RTC_WKUP_IRQHandler                      0x0800b6ff   Thumb Code     0  startup_stm32f40_41xxx.o(.text)
    SPI1_IRQHandler                          0x0800b6ff   Thumb Code     0  startup_stm32f40_41xxx.o(.text)
    SPI2_IRQHandler                          0x0800b6ff   Thumb Code     0  startup_stm32f40_41xxx.o(.text)
    SPI3_IRQHandler                          0x0800b6ff   Thumb Code     0  startup_stm32f40_41xxx.o(.text)
    TAMP_STAMP_IRQHandler                    0x0800b6ff   Thumb Code     0  startup_stm32f40_41xxx.o(.text)
    TIM1_BRK_TIM9_IRQHandler                 0x0800b6ff   Thumb Code     0  startup_stm32f40_41xxx.o(.text)
    TIM1_CC_IRQHandler                       0x0800b6ff   Thumb Code     0  startup_stm32f40_41xxx.o(.text)
    TIM1_TRG_COM_TIM11_IRQHandler            0x0800b6ff   Thumb Code     0  startup_stm32f40_41xxx.o(.text)
    TIM1_UP_TIM10_IRQHandler                 0x0800b6ff   Thumb Code     0  startup_stm32f40_41xxx.o(.text)
    TIM2_IRQHandler                          0x0800b6ff   Thumb Code     0  startup_stm32f40_41xxx.o(.text)
    TIM4_IRQHandler                          0x0800b6ff   Thumb Code     0  startup_stm32f40_41xxx.o(.text)
    TIM5_IRQHandler                          0x0800b6ff   Thumb Code     0  startup_stm32f40_41xxx.o(.text)
    TIM6_DAC_IRQHandler                      0x0800b6ff   Thumb Code     0  startup_stm32f40_41xxx.o(.text)
    TIM7_IRQHandler                          0x0800b6ff   Thumb Code     0  startup_stm32f40_41xxx.o(.text)
    TIM8_BRK_TIM12_IRQHandler                0x0800b6ff   Thumb Code     0  startup_stm32f40_41xxx.o(.text)
    TIM8_CC_IRQHandler                       0x0800b6ff   Thumb Code     0  startup_stm32f40_41xxx.o(.text)
    TIM8_TRG_COM_TIM14_IRQHandler            0x0800b6ff   Thumb Code     0  startup_stm32f40_41xxx.o(.text)
    TIM8_UP_TIM13_IRQHandler                 0x0800b6ff   Thumb Code     0  startup_stm32f40_41xxx.o(.text)
    UART4_IRQHandler                         0x0800b6ff   Thumb Code     0  startup_stm32f40_41xxx.o(.text)
    UART5_IRQHandler                         0x0800b6ff   Thumb Code     0  startup_stm32f40_41xxx.o(.text)
    USART2_IRQHandler                        0x0800b6ff   Thumb Code     0  startup_stm32f40_41xxx.o(.text)
    USART3_IRQHandler                        0x0800b6ff   Thumb Code     0  startup_stm32f40_41xxx.o(.text)
    USART6_IRQHandler                        0x0800b6ff   Thumb Code     0  startup_stm32f40_41xxx.o(.text)
    WWDG_IRQHandler                          0x0800b6ff   Thumb Code     0  startup_stm32f40_41xxx.o(.text)
    __user_initial_stackheap                 0x0800b701   Thumb Code     0  startup_stm32f40_41xxx.o(.text)
    NVIC_PriorityGroupConfig                 0x0800b725   Thumb Code    10  misc.o(.text)
    NVIC_Init                                0x0800b72f   Thumb Code   106  misc.o(.text)
    NVIC_SetVectorTable                      0x0800b799   Thumb Code    14  misc.o(.text)
    NVIC_SystemLPConfig                      0x0800b7a7   Thumb Code    34  misc.o(.text)
    SysTick_CLKSourceConfig                  0x0800b7c9   Thumb Code    40  misc.o(.text)
    GPIO_DeInit                              0x0800b805   Thumb Code   268  stm32f4xx_gpio.o(.text)
    GPIO_Init                                0x0800b911   Thumb Code   144  stm32f4xx_gpio.o(.text)
    GPIO_StructInit                          0x0800b9a1   Thumb Code    18  stm32f4xx_gpio.o(.text)
    GPIO_PinLockConfig                       0x0800b9b3   Thumb Code    34  stm32f4xx_gpio.o(.text)
    GPIO_ReadInputDataBit                    0x0800b9d5   Thumb Code    18  stm32f4xx_gpio.o(.text)
    GPIO_ReadInputData                       0x0800b9e7   Thumb Code     8  stm32f4xx_gpio.o(.text)
    GPIO_ReadOutputDataBit                   0x0800b9ef   Thumb Code    18  stm32f4xx_gpio.o(.text)
    GPIO_ReadOutputData                      0x0800ba01   Thumb Code     8  stm32f4xx_gpio.o(.text)
    GPIO_SetBits                             0x0800ba09   Thumb Code     4  stm32f4xx_gpio.o(.text)
    GPIO_ResetBits                           0x0800ba0d   Thumb Code     4  stm32f4xx_gpio.o(.text)
    GPIO_WriteBit                            0x0800ba11   Thumb Code    10  stm32f4xx_gpio.o(.text)
    GPIO_Write                               0x0800ba1b   Thumb Code     4  stm32f4xx_gpio.o(.text)
    GPIO_ToggleBits                          0x0800ba1f   Thumb Code     8  stm32f4xx_gpio.o(.text)
    GPIO_PinAFConfig                         0x0800ba27   Thumb Code    70  stm32f4xx_gpio.o(.text)
    FSMC_NORSRAMDeInit                       0x0800ba99   Thumb Code    54  stm32f4xx_fsmc.o(.text)
    FSMC_NORSRAMInit                         0x0800bacf   Thumb Code   230  stm32f4xx_fsmc.o(.text)
    FSMC_NORSRAMStructInit                   0x0800bbb5   Thumb Code    48  stm32f4xx_fsmc.o(.text)
    FSMC_NORSRAMCmd                          0x0800bbe5   Thumb Code    46  stm32f4xx_fsmc.o(.text)
    FSMC_NANDDeInit                          0x0800bc13   Thumb Code    62  stm32f4xx_fsmc.o(.text)
    FSMC_NANDInit                            0x0800bc51   Thumb Code   132  stm32f4xx_fsmc.o(.text)
    FSMC_NANDStructInit                      0x0800bcd5   Thumb Code    54  stm32f4xx_fsmc.o(.text)
    FSMC_NANDCmd                             0x0800bd0b   Thumb Code    86  stm32f4xx_fsmc.o(.text)
    FSMC_NANDECCCmd                          0x0800bd61   Thumb Code    86  stm32f4xx_fsmc.o(.text)
    FSMC_GetECC                              0x0800bdb7   Thumb Code    24  stm32f4xx_fsmc.o(.text)
    FSMC_PCCARDDeInit                        0x0800bdcf   Thumb Code    36  stm32f4xx_fsmc.o(.text)
    FSMC_PCCARDInit                          0x0800bdf3   Thumb Code   130  stm32f4xx_fsmc.o(.text)
    FSMC_PCCARDStructInit                    0x0800be75   Thumb Code    60  stm32f4xx_fsmc.o(.text)
    FSMC_PCCARDCmd                           0x0800beb1   Thumb Code    44  stm32f4xx_fsmc.o(.text)
    FSMC_ITConfig                            0x0800bedd   Thumb Code   128  stm32f4xx_fsmc.o(.text)
    FSMC_GetFlagStatus                       0x0800bf5d   Thumb Code    54  stm32f4xx_fsmc.o(.text)
    FSMC_ClearFlag                           0x0800bf93   Thumb Code    74  stm32f4xx_fsmc.o(.text)
    FSMC_GetITStatus                         0x0800bfdd   Thumb Code    62  stm32f4xx_fsmc.o(.text)
    FSMC_ClearITPendingBit                   0x0800c01b   Thumb Code    66  stm32f4xx_fsmc.o(.text)
    RCC_DeInit                               0x0800c061   Thumb Code    82  stm32f4xx_rcc.o(.text)
    RCC_HSEConfig                            0x0800c0b3   Thumb Code    14  stm32f4xx_rcc.o(.text)
    RCC_GetFlagStatus                        0x0800c0c1   Thumb Code    60  stm32f4xx_rcc.o(.text)
    RCC_WaitForHSEStartUp                    0x0800c0fd   Thumb Code    56  stm32f4xx_rcc.o(.text)
    RCC_AdjustHSICalibrationValue            0x0800c135   Thumb Code    20  stm32f4xx_rcc.o(.text)
    RCC_HSICmd                               0x0800c149   Thumb Code     6  stm32f4xx_rcc.o(.text)
    RCC_LSEConfig                            0x0800c14f   Thumb Code    46  stm32f4xx_rcc.o(.text)
    RCC_LSICmd                               0x0800c17d   Thumb Code     6  stm32f4xx_rcc.o(.text)
    RCC_PLLConfig                            0x0800c183   Thumb Code    32  stm32f4xx_rcc.o(.text)
    RCC_PLLCmd                               0x0800c1a3   Thumb Code     6  stm32f4xx_rcc.o(.text)
    RCC_PLLI2SConfig                         0x0800c1a9   Thumb Code    14  stm32f4xx_rcc.o(.text)
    RCC_PLLI2SCmd                            0x0800c1b7   Thumb Code     6  stm32f4xx_rcc.o(.text)
    RCC_PLLSAIConfig                         0x0800c1bd   Thumb Code    20  stm32f4xx_rcc.o(.text)
    RCC_PLLSAICmd                            0x0800c1d1   Thumb Code     6  stm32f4xx_rcc.o(.text)
    RCC_ClockSecuritySystemCmd               0x0800c1d7   Thumb Code     6  stm32f4xx_rcc.o(.text)
    RCC_MCO1Config                           0x0800c1dd   Thumb Code    28  stm32f4xx_rcc.o(.text)
    RCC_MCO2Config                           0x0800c1f9   Thumb Code    28  stm32f4xx_rcc.o(.text)
    RCC_SYSCLKConfig                         0x0800c215   Thumb Code    20  stm32f4xx_rcc.o(.text)
    RCC_GetSYSCLKSource                      0x0800c229   Thumb Code    12  stm32f4xx_rcc.o(.text)
    RCC_HCLKConfig                           0x0800c235   Thumb Code    20  stm32f4xx_rcc.o(.text)
    RCC_PCLK1Config                          0x0800c249   Thumb Code    20  stm32f4xx_rcc.o(.text)
    RCC_PCLK2Config                          0x0800c25d   Thumb Code    22  stm32f4xx_rcc.o(.text)
    RCC_GetClocksFreq                        0x0800c273   Thumb Code   222  stm32f4xx_rcc.o(.text)
    RCC_RTCCLKConfig                         0x0800c351   Thumb Code    54  stm32f4xx_rcc.o(.text)
    RCC_RTCCLKCmd                            0x0800c387   Thumb Code     8  stm32f4xx_rcc.o(.text)
    RCC_BackupResetCmd                       0x0800c38f   Thumb Code     8  stm32f4xx_rcc.o(.text)
    RCC_I2SCLKConfig                         0x0800c397   Thumb Code     6  stm32f4xx_rcc.o(.text)
    RCC_SAIPLLI2SClkDivConfig                0x0800c39d   Thumb Code    26  stm32f4xx_rcc.o(.text)
    RCC_SAIPLLSAIClkDivConfig                0x0800c3b7   Thumb Code    28  stm32f4xx_rcc.o(.text)
    RCC_SAIBlockACLKConfig                   0x0800c3d3   Thumb Code    20  stm32f4xx_rcc.o(.text)
    RCC_SAIBlockBCLKConfig                   0x0800c3e7   Thumb Code    20  stm32f4xx_rcc.o(.text)
    RCC_LTDCCLKDivConfig                     0x0800c3fb   Thumb Code    20  stm32f4xx_rcc.o(.text)
    RCC_TIMCLKPresConfig                     0x0800c40f   Thumb Code     6  stm32f4xx_rcc.o(.text)
    RCC_AHB1PeriphClockCmd                   0x0800c415   Thumb Code    34  stm32f4xx_rcc.o(.text)
    RCC_AHB2PeriphClockCmd                   0x0800c437   Thumb Code    78  stm32f4xx_rcc.o(.text)
    RCC_AHB3PeriphClockCmd                   0x0800c485   Thumb Code    34  stm32f4xx_rcc.o(.text)
    RCC_APB1PeriphClockCmd                   0x0800c4a7   Thumb Code    34  stm32f4xx_rcc.o(.text)
    RCC_APB2PeriphClockCmd                   0x0800c4c9   Thumb Code    34  stm32f4xx_rcc.o(.text)
    RCC_AHB1PeriphResetCmd                   0x0800c4eb   Thumb Code    34  stm32f4xx_rcc.o(.text)
    RCC_AHB2PeriphResetCmd                   0x0800c50d   Thumb Code    34  stm32f4xx_rcc.o(.text)
    RCC_AHB3PeriphResetCmd                   0x0800c52f   Thumb Code    34  stm32f4xx_rcc.o(.text)
    RCC_APB1PeriphResetCmd                   0x0800c551   Thumb Code    34  stm32f4xx_rcc.o(.text)
    RCC_APB2PeriphResetCmd                   0x0800c573   Thumb Code    34  stm32f4xx_rcc.o(.text)
    RCC_AHB1PeriphClockLPModeCmd             0x0800c595   Thumb Code    34  stm32f4xx_rcc.o(.text)
    RCC_AHB2PeriphClockLPModeCmd             0x0800c5b7   Thumb Code    34  stm32f4xx_rcc.o(.text)
    RCC_AHB3PeriphClockLPModeCmd             0x0800c5d9   Thumb Code    34  stm32f4xx_rcc.o(.text)
    RCC_APB1PeriphClockLPModeCmd             0x0800c5fb   Thumb Code    34  stm32f4xx_rcc.o(.text)
    RCC_APB2PeriphClockLPModeCmd             0x0800c61d   Thumb Code    34  stm32f4xx_rcc.o(.text)
    RCC_LSEModeConfig                        0x0800c63f   Thumb Code    40  stm32f4xx_rcc.o(.text)
    RCC_ITConfig                             0x0800c667   Thumb Code    34  stm32f4xx_rcc.o(.text)
    RCC_ClearFlag                            0x0800c689   Thumb Code    18  stm32f4xx_rcc.o(.text)
    RCC_GetITStatus                          0x0800c69b   Thumb Code    22  stm32f4xx_rcc.o(.text)
    RCC_ClearITPendingBit                    0x0800c6b1   Thumb Code     8  stm32f4xx_rcc.o(.text)
    SYSCFG_DeInit                            0x0800c6bd   Thumb Code    22  stm32f4xx_syscfg.o(.text)
    SYSCFG_MemoryRemapConfig                 0x0800c6d3   Thumb Code     6  stm32f4xx_syscfg.o(.text)
    SYSCFG_MemorySwappingBank                0x0800c6d9   Thumb Code     6  stm32f4xx_syscfg.o(.text)
    SYSCFG_EXTILineConfig                    0x0800c6df   Thumb Code    66  stm32f4xx_syscfg.o(.text)
    SYSCFG_ETH_MediaInterfaceConfig          0x0800c721   Thumb Code     8  stm32f4xx_syscfg.o(.text)
    SYSCFG_CompensationCellCmd               0x0800c729   Thumb Code     6  stm32f4xx_syscfg.o(.text)
    SYSCFG_GetCompensationCellStatus         0x0800c72f   Thumb Code    22  stm32f4xx_syscfg.o(.text)
    USART_DeInit                             0x0800c751   Thumb Code   206  stm32f4xx_usart.o(.text)
    USART_Init                               0x0800c81f   Thumb Code   204  stm32f4xx_usart.o(.text)
    USART_StructInit                         0x0800c8eb   Thumb Code    24  stm32f4xx_usart.o(.text)
    USART_ClockInit                          0x0800c903   Thumb Code    32  stm32f4xx_usart.o(.text)
    USART_ClockStructInit                    0x0800c923   Thumb Code    12  stm32f4xx_usart.o(.text)
    USART_Cmd                                0x0800c92f   Thumb Code    24  stm32f4xx_usart.o(.text)
    USART_SetPrescaler                       0x0800c947   Thumb Code    16  stm32f4xx_usart.o(.text)
    USART_OverSampling8Cmd                   0x0800c957   Thumb Code    22  stm32f4xx_usart.o(.text)
    USART_OneBitMethodCmd                    0x0800c96d   Thumb Code    24  stm32f4xx_usart.o(.text)
    USART_SendData                           0x0800c985   Thumb Code     8  stm32f4xx_usart.o(.text)
    USART_ReceiveData                        0x0800c98d   Thumb Code    10  stm32f4xx_usart.o(.text)
    USART_SetAddress                         0x0800c997   Thumb Code    18  stm32f4xx_usart.o(.text)
    USART_ReceiverWakeUpCmd                  0x0800c9a9   Thumb Code    24  stm32f4xx_usart.o(.text)
    USART_WakeUpConfig                       0x0800c9c1   Thumb Code    18  stm32f4xx_usart.o(.text)
    USART_LINBreakDetectLengthConfig         0x0800c9d3   Thumb Code    18  stm32f4xx_usart.o(.text)
    USART_LINCmd                             0x0800c9e5   Thumb Code    24  stm32f4xx_usart.o(.text)
    USART_SendBreak                          0x0800c9fd   Thumb Code    10  stm32f4xx_usart.o(.text)
    USART_HalfDuplexCmd                      0x0800ca07   Thumb Code    24  stm32f4xx_usart.o(.text)
    USART_SetGuardTime                       0x0800ca1f   Thumb Code    16  stm32f4xx_usart.o(.text)
    USART_SmartCardCmd                       0x0800ca2f   Thumb Code    24  stm32f4xx_usart.o(.text)
    USART_SmartCardNACKCmd                   0x0800ca47   Thumb Code    24  stm32f4xx_usart.o(.text)
    USART_IrDAConfig                         0x0800ca5f   Thumb Code    18  stm32f4xx_usart.o(.text)
    USART_IrDACmd                            0x0800ca71   Thumb Code    24  stm32f4xx_usart.o(.text)
    USART_DMACmd                             0x0800ca89   Thumb Code    18  stm32f4xx_usart.o(.text)
    USART_ITConfig                           0x0800ca9b   Thumb Code    74  stm32f4xx_usart.o(.text)
    USART_GetFlagStatus                      0x0800cae5   Thumb Code    26  stm32f4xx_usart.o(.text)
    USART_ClearFlag                          0x0800caff   Thumb Code    18  stm32f4xx_usart.o(.text)
    USART_GetITStatus                        0x0800cb11   Thumb Code   118  stm32f4xx_usart.o(.text)
    USART_ClearITPendingBit                  0x0800cb87   Thumb Code    30  stm32f4xx_usart.o(.text)
    EXTI_DeInit                              0x0800cba5   Thumb Code    28  stm32f4xx_exti.o(.text)
    EXTI_Init                                0x0800cbc1   Thumb Code   142  stm32f4xx_exti.o(.text)
    EXTI_StructInit                          0x0800cc4f   Thumb Code    16  stm32f4xx_exti.o(.text)
    EXTI_GenerateSWInterrupt                 0x0800cc5f   Thumb Code    16  stm32f4xx_exti.o(.text)
    EXTI_GetFlagStatus                       0x0800cc6f   Thumb Code    22  stm32f4xx_exti.o(.text)
    EXTI_ClearFlag                           0x0800cc85   Thumb Code     8  stm32f4xx_exti.o(.text)
    EXTI_GetITStatus                         0x0800cc8d   Thumb Code    22  stm32f4xx_exti.o(.text)
    EXTI_ClearITPendingBit                   0x0800cca3   Thumb Code     8  stm32f4xx_exti.o(.text)
    SPI_I2S_DeInit                           0x0800ccb5   Thumb Code   152  stm32f4xx_spi.o(.text)
    SPI_Init                                 0x0800cd4d   Thumb Code    60  stm32f4xx_spi.o(.text)
    I2S_Init                                 0x0800cd89   Thumb Code   396  stm32f4xx_spi.o(.text)
    SPI_StructInit                           0x0800cf15   Thumb Code    24  stm32f4xx_spi.o(.text)
    I2S_StructInit                           0x0800cf2d   Thumb Code    20  stm32f4xx_spi.o(.text)
    SPI_Cmd                                  0x0800cf41   Thumb Code    24  stm32f4xx_spi.o(.text)
    I2S_Cmd                                  0x0800cf59   Thumb Code    24  stm32f4xx_spi.o(.text)
    SPI_DataSizeConfig                       0x0800cf71   Thumb Code    18  stm32f4xx_spi.o(.text)
    SPI_BiDirectionalLineConfig              0x0800cf83   Thumb Code    28  stm32f4xx_spi.o(.text)
    SPI_NSSInternalSoftwareConfig            0x0800cf9f   Thumb Code    30  stm32f4xx_spi.o(.text)
    SPI_SSOutputCmd                          0x0800cfbd   Thumb Code    24  stm32f4xx_spi.o(.text)
    SPI_TIModeCmd                            0x0800cfd5   Thumb Code    24  stm32f4xx_spi.o(.text)
    I2S_FullDuplexConfig                     0x0800cfed   Thumb Code    80  stm32f4xx_spi.o(.text)
    SPI_I2S_ReceiveData                      0x0800d03d   Thumb Code     6  stm32f4xx_spi.o(.text)
    SPI_I2S_SendData                         0x0800d043   Thumb Code     4  stm32f4xx_spi.o(.text)
    SPI_CalculateCRC                         0x0800d047   Thumb Code    24  stm32f4xx_spi.o(.text)
    SPI_TransmitCRC                          0x0800d05f   Thumb Code    10  stm32f4xx_spi.o(.text)
    SPI_GetCRC                               0x0800d069   Thumb Code    16  stm32f4xx_spi.o(.text)
    SPI_GetCRCPolynomial                     0x0800d079   Thumb Code     6  stm32f4xx_spi.o(.text)
    SPI_I2S_DMACmd                           0x0800d07f   Thumb Code    18  stm32f4xx_spi.o(.text)
    SPI_I2S_ITConfig                         0x0800d091   Thumb Code    68  stm32f4xx_spi.o(.text)
    SPI_I2S_GetFlagStatus                    0x0800d0d5   Thumb Code    18  stm32f4xx_spi.o(.text)
    SPI_I2S_ClearFlag                        0x0800d0e7   Thumb Code     6  stm32f4xx_spi.o(.text)
    SPI_I2S_GetITStatus                      0x0800d0ed   Thumb Code    52  stm32f4xx_spi.o(.text)
    SPI_I2S_ClearITPendingBit                0x0800d121   Thumb Code    20  stm32f4xx_spi.o(.text)
    DMA_DeInit                               0x0800d135   Thumb Code   324  stm32f4xx_dma.o(.text)
    DMA_Init                                 0x0800d279   Thumb Code    82  stm32f4xx_dma.o(.text)
    DMA_StructInit                           0x0800d2cb   Thumb Code    34  stm32f4xx_dma.o(.text)
    DMA_Cmd                                  0x0800d2ed   Thumb Code    22  stm32f4xx_dma.o(.text)
    DMA_PeriphIncOffsetSizeConfig            0x0800d303   Thumb Code    22  stm32f4xx_dma.o(.text)
    DMA_FlowControllerConfig                 0x0800d319   Thumb Code    22  stm32f4xx_dma.o(.text)
    DMA_SetCurrDataCounter                   0x0800d32f   Thumb Code     4  stm32f4xx_dma.o(.text)
    DMA_GetCurrDataCounter                   0x0800d333   Thumb Code     8  stm32f4xx_dma.o(.text)
    DMA_DoubleBufferModeConfig               0x0800d33b   Thumb Code    24  stm32f4xx_dma.o(.text)
    DMA_DoubleBufferModeCmd                  0x0800d353   Thumb Code    22  stm32f4xx_dma.o(.text)
    DMA_MemoryTargetConfig                   0x0800d369   Thumb Code    10  stm32f4xx_dma.o(.text)
    DMA_GetCurrentMemoryTarget               0x0800d373   Thumb Code    20  stm32f4xx_dma.o(.text)
    DMA_GetCmdStatus                         0x0800d387   Thumb Code    20  stm32f4xx_dma.o(.text)
    DMA_GetFIFOStatus                        0x0800d39b   Thumb Code    12  stm32f4xx_dma.o(.text)
    DMA_GetFlagStatus                        0x0800d3a7   Thumb Code    56  stm32f4xx_dma.o(.text)
    DMA_ClearFlag                            0x0800d3df   Thumb Code    40  stm32f4xx_dma.o(.text)
    DMA_ITConfig                             0x0800d407   Thumb Code    58  stm32f4xx_dma.o(.text)
    DMA_GetITStatus                          0x0800d441   Thumb Code    84  stm32f4xx_dma.o(.text)
    DMA_ClearITPendingBit                    0x0800d495   Thumb Code    40  stm32f4xx_dma.o(.text)
    SDIO_DeInit                              0x0800d4dd   Thumb Code    22  stm32f4xx_sdio.o(.text)
    SDIO_Init                                0x0800d4f3   Thumb Code    42  stm32f4xx_sdio.o(.text)
    SDIO_StructInit                          0x0800d51d   Thumb Code    16  stm32f4xx_sdio.o(.text)
    SDIO_ClockCmd                            0x0800d52d   Thumb Code     6  stm32f4xx_sdio.o(.text)
    SDIO_SetPowerState                       0x0800d533   Thumb Code     8  stm32f4xx_sdio.o(.text)
    SDIO_GetPowerState                       0x0800d53b   Thumb Code    12  stm32f4xx_sdio.o(.text)
    SDIO_SendCommand                         0x0800d547   Thumb Code    42  stm32f4xx_sdio.o(.text)
    SDIO_CmdStructInit                       0x0800d571   Thumb Code    14  stm32f4xx_sdio.o(.text)
    SDIO_GetCommandResponse                  0x0800d57f   Thumb Code    10  stm32f4xx_sdio.o(.text)
    SDIO_GetResponse                         0x0800d589   Thumb Code    22  stm32f4xx_sdio.o(.text)
    SDIO_DataConfig                          0x0800d59f   Thumb Code    48  stm32f4xx_sdio.o(.text)
    SDIO_DataStructInit                      0x0800d5cf   Thumb Code    20  stm32f4xx_sdio.o(.text)
    SDIO_GetDataCounter                      0x0800d5e3   Thumb Code     8  stm32f4xx_sdio.o(.text)
    SDIO_ReadData                            0x0800d5eb   Thumb Code     8  stm32f4xx_sdio.o(.text)
    SDIO_WriteData                           0x0800d5f3   Thumb Code     8  stm32f4xx_sdio.o(.text)
    SDIO_GetFIFOCount                        0x0800d5fb   Thumb Code     8  stm32f4xx_sdio.o(.text)
    SDIO_StartSDIOReadWait                   0x0800d603   Thumb Code     6  stm32f4xx_sdio.o(.text)
    SDIO_StopSDIOReadWait                    0x0800d609   Thumb Code     8  stm32f4xx_sdio.o(.text)
    SDIO_SetSDIOReadWaitMode                 0x0800d611   Thumb Code     8  stm32f4xx_sdio.o(.text)
    SDIO_SetSDIOOperation                    0x0800d619   Thumb Code     8  stm32f4xx_sdio.o(.text)
    SDIO_SendSDIOSuspendCmd                  0x0800d621   Thumb Code     6  stm32f4xx_sdio.o(.text)
    SDIO_CommandCompletionCmd                0x0800d627   Thumb Code     8  stm32f4xx_sdio.o(.text)
    SDIO_CEATAITCmd                          0x0800d62f   Thumb Code    12  stm32f4xx_sdio.o(.text)
    SDIO_SendCEATACmd                        0x0800d63b   Thumb Code     8  stm32f4xx_sdio.o(.text)
    SDIO_DMACmd                              0x0800d643   Thumb Code     8  stm32f4xx_sdio.o(.text)
    SDIO_ITConfig                            0x0800d64b   Thumb Code    34  stm32f4xx_sdio.o(.text)
    SDIO_GetFlagStatus                       0x0800d66d   Thumb Code    22  stm32f4xx_sdio.o(.text)
    SDIO_ClearFlag                           0x0800d683   Thumb Code     8  stm32f4xx_sdio.o(.text)
    SDIO_GetITStatus                         0x0800d68b   Thumb Code    22  stm32f4xx_sdio.o(.text)
    SDIO_ClearITPendingBit                   0x0800d6a1   Thumb Code     8  stm32f4xx_sdio.o(.text)
    DAC_DeInit                               0x0800d6b9   Thumb Code    22  stm32f4xx_dac.o(.text)
    DAC_Init                                 0x0800d6cf   Thumb Code    46  stm32f4xx_dac.o(.text)
    DAC_StructInit                           0x0800d6fd   Thumb Code    12  stm32f4xx_dac.o(.text)
    DAC_Cmd                                  0x0800d709   Thumb Code    34  stm32f4xx_dac.o(.text)
    DAC_SoftwareTriggerCmd                   0x0800d72b   Thumb Code    48  stm32f4xx_dac.o(.text)
    DAC_DualSoftwareTriggerCmd               0x0800d75b   Thumb Code    38  stm32f4xx_dac.o(.text)
    DAC_WaveGenerationCmd                    0x0800d781   Thumb Code    36  stm32f4xx_dac.o(.text)
    DAC_SetChannel1Data                      0x0800d7a5   Thumb Code    26  stm32f4xx_dac.o(.text)
    DAC_SetChannel2Data                      0x0800d7bf   Thumb Code    26  stm32f4xx_dac.o(.text)
    DAC_SetDualChannelData                   0x0800d7d9   Thumb Code    32  stm32f4xx_dac.o(.text)
    DAC_GetDataOutputValue                   0x0800d7f9   Thumb Code    32  stm32f4xx_dac.o(.text)
    DAC_DMACmd                               0x0800d819   Thumb Code    38  stm32f4xx_dac.o(.text)
    DAC_ITConfig                             0x0800d83f   Thumb Code    36  stm32f4xx_dac.o(.text)
    DAC_GetFlagStatus                        0x0800d863   Thumb Code    28  stm32f4xx_dac.o(.text)
    DAC_ClearFlag                            0x0800d87f   Thumb Code    12  stm32f4xx_dac.o(.text)
    DAC_GetITStatus                          0x0800d88b   Thumb Code    44  stm32f4xx_dac.o(.text)
    DAC_ClearITPendingBit                    0x0800d8b7   Thumb Code    12  stm32f4xx_dac.o(.text)
    TIM_DeInit                               0x0800d8c9   Thumb Code   346  stm32f4xx_tim.o(.text)
    TIM_TimeBaseInit                         0x0800da23   Thumb Code   104  stm32f4xx_tim.o(.text)
    TIM_TimeBaseStructInit                   0x0800da8b   Thumb Code    18  stm32f4xx_tim.o(.text)
    TIM_PrescalerConfig                      0x0800da9d   Thumb Code     6  stm32f4xx_tim.o(.text)
    TIM_CounterModeConfig                    0x0800daa3   Thumb Code    18  stm32f4xx_tim.o(.text)
    TIM_SetCounter                           0x0800dab5   Thumb Code     4  stm32f4xx_tim.o(.text)
    TIM_SetAutoreload                        0x0800dab9   Thumb Code     4  stm32f4xx_tim.o(.text)
    TIM_GetCounter                           0x0800dabd   Thumb Code     6  stm32f4xx_tim.o(.text)
    TIM_GetPrescaler                         0x0800dac3   Thumb Code     6  stm32f4xx_tim.o(.text)
    TIM_UpdateDisableConfig                  0x0800dac9   Thumb Code    24  stm32f4xx_tim.o(.text)
    TIM_UpdateRequestConfig                  0x0800dae1   Thumb Code    24  stm32f4xx_tim.o(.text)
    TIM_ARRPreloadConfig                     0x0800daf9   Thumb Code    24  stm32f4xx_tim.o(.text)
    TIM_SelectOnePulseMode                   0x0800db11   Thumb Code    18  stm32f4xx_tim.o(.text)
    TIM_SetClockDivision                     0x0800db23   Thumb Code    18  stm32f4xx_tim.o(.text)
    TIM_Cmd                                  0x0800db35   Thumb Code    24  stm32f4xx_tim.o(.text)
    TIM_OC1Init                              0x0800db4d   Thumb Code   114  stm32f4xx_tim.o(.text)
    TIM_OC2Init                              0x0800dbbf   Thumb Code   154  stm32f4xx_tim.o(.text)
    TIM_OC3Init                              0x0800dc59   Thumb Code   204  stm32f4xx_tim.o(.text)
    TIM_OC4Init                              0x0800dd25   Thumb Code   112  stm32f4xx_tim.o(.text)
    TIM_OCStructInit                         0x0800dd95   Thumb Code    20  stm32f4xx_tim.o(.text)
    TIM_SelectOCxM                           0x0800dda9   Thumb Code    86  stm32f4xx_tim.o(.text)
    TIM_SetCompare1                          0x0800ddff   Thumb Code     4  stm32f4xx_tim.o(.text)
    TIM_SetCompare2                          0x0800de03   Thumb Code     4  stm32f4xx_tim.o(.text)
    TIM_SetCompare3                          0x0800de07   Thumb Code     4  stm32f4xx_tim.o(.text)
    TIM_SetCompare4                          0x0800de0b   Thumb Code     4  stm32f4xx_tim.o(.text)
    TIM_ForcedOC1Config                      0x0800de0f   Thumb Code    18  stm32f4xx_tim.o(.text)
    TIM_ForcedOC2Config                      0x0800de21   Thumb Code    26  stm32f4xx_tim.o(.text)
    TIM_ForcedOC3Config                      0x0800de3b   Thumb Code    18  stm32f4xx_tim.o(.text)
    TIM_ForcedOC4Config                      0x0800de4d   Thumb Code    26  stm32f4xx_tim.o(.text)
    TIM_OC1PreloadConfig                     0x0800de67   Thumb Code    18  stm32f4xx_tim.o(.text)
    TIM_OC2PreloadConfig                     0x0800de79   Thumb Code    26  stm32f4xx_tim.o(.text)
    TIM_OC3PreloadConfig                     0x0800de93   Thumb Code    18  stm32f4xx_tim.o(.text)
    TIM_OC4PreloadConfig                     0x0800dea5   Thumb Code    26  stm32f4xx_tim.o(.text)
    TIM_OC1FastConfig                        0x0800debf   Thumb Code    18  stm32f4xx_tim.o(.text)
    TIM_OC2FastConfig                        0x0800ded1   Thumb Code    26  stm32f4xx_tim.o(.text)
    TIM_OC3FastConfig                        0x0800deeb   Thumb Code    18  stm32f4xx_tim.o(.text)
    TIM_OC4FastConfig                        0x0800defd   Thumb Code    26  stm32f4xx_tim.o(.text)
    TIM_ClearOC1Ref                          0x0800df17   Thumb Code    18  stm32f4xx_tim.o(.text)
    TIM_ClearOC2Ref                          0x0800df29   Thumb Code    24  stm32f4xx_tim.o(.text)
    TIM_ClearOC3Ref                          0x0800df41   Thumb Code    18  stm32f4xx_tim.o(.text)
    TIM_ClearOC4Ref                          0x0800df53   Thumb Code    24  stm32f4xx_tim.o(.text)
    TIM_OC1PolarityConfig                    0x0800df6b   Thumb Code    18  stm32f4xx_tim.o(.text)
    TIM_OC1NPolarityConfig                   0x0800df7d   Thumb Code    18  stm32f4xx_tim.o(.text)
    TIM_OC2PolarityConfig                    0x0800df8f   Thumb Code    26  stm32f4xx_tim.o(.text)
    TIM_OC2NPolarityConfig                   0x0800dfa9   Thumb Code    26  stm32f4xx_tim.o(.text)
    TIM_OC3PolarityConfig                    0x0800dfc3   Thumb Code    26  stm32f4xx_tim.o(.text)
    TIM_OC3NPolarityConfig                   0x0800dfdd   Thumb Code    26  stm32f4xx_tim.o(.text)
    TIM_OC4PolarityConfig                    0x0800dff7   Thumb Code    26  stm32f4xx_tim.o(.text)
    TIM_CCxCmd                               0x0800e011   Thumb Code    30  stm32f4xx_tim.o(.text)
    TIM_CCxNCmd                              0x0800e02f   Thumb Code    30  stm32f4xx_tim.o(.text)
    TIM_SetIC4Prescaler                      0x0800e04d   Thumb Code    26  stm32f4xx_tim.o(.text)
    TIM_SetIC3Prescaler                      0x0800e0b7   Thumb Code    18  stm32f4xx_tim.o(.text)
    TIM_SetIC2Prescaler                      0x0800e111   Thumb Code    26  stm32f4xx_tim.o(.text)
    TIM_SetIC1Prescaler                      0x0800e185   Thumb Code    18  stm32f4xx_tim.o(.text)
    TIM_ICInit                               0x0800e1d1   Thumb Code   110  stm32f4xx_tim.o(.text)
    TIM_ICStructInit                         0x0800e23f   Thumb Code    18  stm32f4xx_tim.o(.text)
    TIM_PWMIConfig                           0x0800e251   Thumb Code   124  stm32f4xx_tim.o(.text)
    TIM_GetCapture1                          0x0800e2cd   Thumb Code     6  stm32f4xx_tim.o(.text)
    TIM_GetCapture2                          0x0800e2d3   Thumb Code     6  stm32f4xx_tim.o(.text)
    TIM_GetCapture3                          0x0800e2d9   Thumb Code     6  stm32f4xx_tim.o(.text)
    TIM_GetCapture4                          0x0800e2df   Thumb Code     6  stm32f4xx_tim.o(.text)
    TIM_BDTRConfig                           0x0800e2e5   Thumb Code    32  stm32f4xx_tim.o(.text)
    TIM_BDTRStructInit                       0x0800e305   Thumb Code    18  stm32f4xx_tim.o(.text)
    TIM_CtrlPWMOutputs                       0x0800e317   Thumb Code    30  stm32f4xx_tim.o(.text)
    TIM_SelectCOM                            0x0800e335   Thumb Code    24  stm32f4xx_tim.o(.text)
    TIM_CCPreloadControl                     0x0800e34d   Thumb Code    24  stm32f4xx_tim.o(.text)
    TIM_ITConfig                             0x0800e365   Thumb Code    18  stm32f4xx_tim.o(.text)
    TIM_GenerateEvent                        0x0800e377   Thumb Code     4  stm32f4xx_tim.o(.text)
    TIM_GetFlagStatus                        0x0800e37b   Thumb Code    18  stm32f4xx_tim.o(.text)
    TIM_ClearFlag                            0x0800e38d   Thumb Code     6  stm32f4xx_tim.o(.text)
    TIM_GetITStatus                          0x0800e393   Thumb Code    34  stm32f4xx_tim.o(.text)
    TIM_ClearITPendingBit                    0x0800e3b5   Thumb Code     6  stm32f4xx_tim.o(.text)
    TIM_DMAConfig                            0x0800e3bb   Thumb Code    10  stm32f4xx_tim.o(.text)
    TIM_DMACmd                               0x0800e3c5   Thumb Code    18  stm32f4xx_tim.o(.text)
    TIM_SelectCCDMA                          0x0800e3d7   Thumb Code    24  stm32f4xx_tim.o(.text)
    TIM_InternalClockConfig                  0x0800e3ef   Thumb Code    12  stm32f4xx_tim.o(.text)
    TIM_SelectInputTrigger                   0x0800e3fb   Thumb Code    18  stm32f4xx_tim.o(.text)
    TIM_ITRxExternalClockConfig              0x0800e40d   Thumb Code    24  stm32f4xx_tim.o(.text)
    TIM_TIxExternalClockConfig               0x0800e425   Thumb Code    62  stm32f4xx_tim.o(.text)
    TIM_ETRConfig                            0x0800e463   Thumb Code    28  stm32f4xx_tim.o(.text)
    TIM_ETRClockMode1Config                  0x0800e47f   Thumb Code    54  stm32f4xx_tim.o(.text)
    TIM_ETRClockMode2Config                  0x0800e4b5   Thumb Code    32  stm32f4xx_tim.o(.text)
    TIM_SelectOutputTrigger                  0x0800e4d5   Thumb Code    18  stm32f4xx_tim.o(.text)
    TIM_SelectSlaveMode                      0x0800e4e7   Thumb Code    18  stm32f4xx_tim.o(.text)
    TIM_SelectMasterSlaveMode                0x0800e4f9   Thumb Code    18  stm32f4xx_tim.o(.text)
    TIM_EncoderInterfaceConfig               0x0800e50b   Thumb Code    66  stm32f4xx_tim.o(.text)
    TIM_SelectHallSensor                     0x0800e54d   Thumb Code    24  stm32f4xx_tim.o(.text)
    TIM_RemapConfig                          0x0800e565   Thumb Code     6  stm32f4xx_tim.o(.text)
    mymemcpy                                 0x0800e56d   Thumb Code    26  malloc.o(.text)
    mymemset                                 0x0800e587   Thumb Code    20  malloc.o(.text)
    my_mem_init                              0x0800e59b   Thumb Code    54  malloc.o(.text)
    my_mem_perused                           0x0800e5d1   Thumb Code    54  malloc.o(.text)
    my_mem_malloc                            0x0800e607   Thumb Code   154  malloc.o(.text)
    my_mem_free                              0x0800e6a1   Thumb Code    94  malloc.o(.text)
    myfree                                   0x0800e6ff   Thumb Code    32  malloc.o(.text)
    mymalloc                                 0x0800e71f   Thumb Code    36  malloc.o(.text)
    myrealloc                                0x0800e743   Thumb Code    68  malloc.o(.text)
    clust2sect                               0x0800e947   Thumb Code    26  ff.o(.text)
    get_fat                                  0x0800e961   Thumb Code   232  ff.o(.text)
    put_fat                                  0x0800ea49   Thumb Code   310  ff.o(.text)
    dir_sdi                                  0x0800ecf3   Thumb Code   158  ff.o(.text)
    f_mount                                  0x0800fd65   Thumb Code    86  ff.o(.text)
    f_open                                   0x0800fdbb   Thumb Code   384  ff.o(.text)
    f_read                                   0x0800ff3b   Thumb Code   448  ff.o(.text)
    f_write                                  0x080100fb   Thumb Code   490  ff.o(.text)
    f_sync                                   0x080102e5   Thumb Code   176  ff.o(.text)
    f_close                                  0x08010395   Thumb Code    36  ff.o(.text)
    f_lseek                                  0x080103b9   Thumb Code   654  ff.o(.text)
    f_opendir                                0x08010647   Thumb Code   136  ff.o(.text)
    f_closedir                               0x080106cf   Thumb Code    22  ff.o(.text)
    f_readdir                                0x080106e5   Thumb Code   114  ff.o(.text)
    f_stat                                   0x08010757   Thumb Code    84  ff.o(.text)
    f_getfree                                0x080107ab   Thumb Code   258  ff.o(.text)
    f_truncate                               0x080108ad   Thumb Code   184  ff.o(.text)
    f_unlink                                 0x08010965   Thumb Code   194  ff.o(.text)
    f_mkdir                                  0x08010a27   Thumb Code   380  ff.o(.text)
    f_chmod                                  0x08010ba3   Thumb Code   112  ff.o(.text)
    f_utime                                  0x08010c13   Thumb Code   110  ff.o(.text)
    f_rename                                 0x08010c81   Thumb Code   314  ff.o(.text)
    f_getlabel                               0x08010dbb   Thumb Code   190  ff.o(.text)
    f_setlabel                               0x08010e79   Thumb Code   470  ff.o(.text)
    f_mkfs                                   0x0801104f   Thumb Code  1570  ff.o(.text)
    f_gets                                   0x08011671   Thumb Code    82  ff.o(.text)
    f_putc                                   0x08011707   Thumb Code    64  ff.o(.text)
    f_puts                                   0x08011747   Thumb Code    74  ff.o(.text)
    f_printf                                 0x08011791   Thumb Code   674  ff.o(.text)
    exfuns_init                              0x08011a35   Thumb Code   114  exfuns.o(.text)
    char_upper                               0x08011aa7   Thumb Code    26  exfuns.o(.text)
    f_typetell                               0x08011ac1   Thumb Code   172  exfuns.o(.text)
    exf_getfree                              0x08011b6d   Thumb Code    74  exfuns.o(.text)
    disk_initialize                          0x08011bcd   Thumb Code    52  diskio.o(.text)
    disk_status                              0x08011c01   Thumb Code     6  diskio.o(.text)
    disk_read                                0x08011c07   Thumb Code   122  diskio.o(.text)
    disk_write                               0x08011c81   Thumb Code   122  diskio.o(.text)
    disk_ioctl                               0x08011cfb   Thumb Code   170  diskio.o(.text)
    get_fattime                              0x08011da5   Thumb Code     4  diskio.o(.text)
    ff_memalloc                              0x08011da9   Thumb Code    14  diskio.o(.text)
    ff_memfree                               0x08011db7   Thumb Code    14  diskio.o(.text)
    ff_convert                               0x08011dcd   Thumb Code   116  cc936.o(.text)
    ff_wtoupper                              0x08011e41   Thumb Code    46  cc936.o(.text)
    __use_no_semihosting                     0x08011e81   Thumb Code     2  use_no_semi_2.o(.text)
    __aeabi_uldivmod                         0x08011e83   Thumb Code     0  lludivv7m.o(.text)
    _ll_udiv                                 0x08011e83   Thumb Code   238  lludivv7m.o(.text)
    __aeabi_ldivmod                          0x08011f71   Thumb Code     0  llsdiv.o(.text)
    _ll_sdiv                                 0x08011f71   Thumb Code    72  llsdiv.o(.text)
    __2printf                                0x08011fb9   Thumb Code    20  noretval__2printf.o(.text)
    __printf                                 0x08011fd1   Thumb Code   104  __printf.o(.text)
    _printf_str                              0x08012039   Thumb Code    82  _printf_str.o(.text)
    _printf_int_dec                          0x0801208d   Thumb Code   104  _printf_dec.o(.text)
    _printf_int_hex                          0x08012105   Thumb Code    84  _printf_hex_int.o(.text)
    _printf_longlong_hex                     0x08012105   Thumb Code     0  _printf_hex_int.o(.text)
    strcpy                                   0x0801215d   Thumb Code    72  strcpy.o(.text)
    __aeabi_memcpy                           0x080121a5   Thumb Code     0  rt_memcpy_v6.o(.text)
    __rt_memcpy                              0x080121a5   Thumb Code   138  rt_memcpy_v6.o(.text)
    _memcpy_lastbytes                        0x0801220b   Thumb Code     0  rt_memcpy_v6.o(.text)
    __aeabi_memcpy4                          0x0801222f   Thumb Code     0  rt_memcpy_w.o(.text)
    __aeabi_memcpy8                          0x0801222f   Thumb Code     0  rt_memcpy_w.o(.text)
    __rt_memcpy_w                            0x0801222f   Thumb Code   100  rt_memcpy_w.o(.text)
    _memcpy_lastbytes_aligned                0x08012277   Thumb Code     0  rt_memcpy_w.o(.text)
    __aeabi_memset                           0x08012293   Thumb Code    16  aeabi_memset.o(.text)
    strcmp                                   0x080122a5   Thumb Code   128  strcmpv7m.o(.text)
    __use_two_region_memory                  0x08012325   Thumb Code     2  heapauxi.o(.text)
    __rt_heap_escrow$2region                 0x08012327   Thumb Code     2  heapauxi.o(.text)
    __rt_heap_expand$2region                 0x08012329   Thumb Code     2  heapauxi.o(.text)
    __I$use$semihosting                      0x0801232b   Thumb Code     0  use_no_semi.o(.text)
    __use_no_semihosting_swi                 0x0801232b   Thumb Code     2  use_no_semi.o(.text)
    __read_errno                             0x0801232d   Thumb Code    10  _rserrno.o(.text)
    __set_errno                              0x08012337   Thumb Code    12  _rserrno.o(.text)
    _printf_int_common                       0x08012343   Thumb Code   178  _printf_intcommon.o(.text)
    _printf_cs_common                        0x080123f5   Thumb Code    20  _printf_char.o(.text)
    _printf_char                             0x08012409   Thumb Code    16  _printf_char.o(.text)
    _printf_string                           0x08012419   Thumb Code     8  _printf_char.o(.text)
    _printf_char_file                        0x08012421   Thumb Code    32  _printf_char_file.o(.text)
    __aeabi_memclr                           0x08012445   Thumb Code     0  rt_memclr.o(.text)
    __rt_memclr                              0x08012445   Thumb Code    68  rt_memclr.o(.text)
    _memset                                  0x08012449   Thumb Code     0  rt_memclr.o(.text)
    __aeabi_errno_addr                       0x08012489   Thumb Code     8  rt_errno_addr_intlibspace.o(.text)
    __errno$intlibspace                      0x08012489   Thumb Code     0  rt_errno_addr_intlibspace.o(.text)
    __rt_errno_addr$intlibspace              0x08012489   Thumb Code     0  rt_errno_addr_intlibspace.o(.text)
    _printf_char_common                      0x0801249b   Thumb Code    32  _printf_char_common.o(.text)
    ferror                                   0x080124c1   Thumb Code     8  ferror.o(.text)
    __aeabi_memclr4                          0x080124c9   Thumb Code     0  rt_memclr_w.o(.text)
    __aeabi_memclr8                          0x080124c9   Thumb Code     0  rt_memclr_w.o(.text)
    __rt_memclr_w                            0x080124c9   Thumb Code    78  rt_memclr_w.o(.text)
    _memset_w                                0x080124cd   Thumb Code     0  rt_memclr_w.o(.text)
    __user_libspace                          0x08012519   Thumb Code     8  libspace.o(.text)
    __user_perproc_libspace                  0x08012519   Thumb Code     0  libspace.o(.text)
    __user_perthread_libspace                0x08012519   Thumb Code     0  libspace.o(.text)
    __user_setup_stackheap                   0x08012521   Thumb Code    74  sys_stackheap_outer.o(.text)
    exit                                     0x0801256b   Thumb Code    18  exit.o(.text)
    __hardfp_sqrt                            0x0801257d   Thumb Code   122  sqrt.o(i.__hardfp_sqrt)
    __aeabi_dneg                             0x080125f7   Thumb Code     0  basic.o(x$fpl$basic)
    _dneg                                    0x080125f7   Thumb Code     6  basic.o(x$fpl$basic)
    __aeabi_fneg                             0x080125fd   Thumb Code     0  basic.o(x$fpl$basic)
    _fneg                                    0x080125fd   Thumb Code     6  basic.o(x$fpl$basic)
    _dabs                                    0x08012603   Thumb Code     6  basic.o(x$fpl$basic)
    _fabs                                    0x08012609   Thumb Code     6  basic.o(x$fpl$basic)
    __aeabi_dadd                             0x08012611   Thumb Code     0  daddsub_clz.o(x$fpl$dadd)
    _dadd                                    0x08012611   Thumb Code   332  daddsub_clz.o(x$fpl$dadd)
    __fpl_dcmp_Inf                           0x08012761   Thumb Code    24  dcmpi.o(x$fpl$dcmpinf)
    __aeabi_ddiv                             0x08012779   Thumb Code     0  ddiv.o(x$fpl$ddiv)
    _ddiv                                    0x08012779   Thumb Code   552  ddiv.o(x$fpl$ddiv)
    __aeabi_d2uiz                            0x08012a29   Thumb Code     0  dfixu.o(x$fpl$dfixu)
    _dfixu                                   0x08012a29   Thumb Code    90  dfixu.o(x$fpl$dfixu)
    __aeabi_i2d                              0x08012a83   Thumb Code     0  dflt_clz.o(x$fpl$dflt)
    _dflt                                    0x08012a83   Thumb Code    46  dflt_clz.o(x$fpl$dflt)
    __aeabi_l2d                              0x08012ab1   Thumb Code     0  dfltll_clz.o(x$fpl$dfltll)
    _ll_sto_d                                0x08012ab1   Thumb Code   162  dfltll_clz.o(x$fpl$dfltll)
    __aeabi_ui2d                             0x08012b53   Thumb Code     0  dflt_clz.o(x$fpl$dfltu)
    _dfltu                                   0x08012b53   Thumb Code    38  dflt_clz.o(x$fpl$dfltu)
    __aeabi_ul2d                             0x08012b79   Thumb Code     0  dfltll_clz.o(x$fpl$dfltull)
    _ll_uto_d                                0x08012b79   Thumb Code   138  dfltll_clz.o(x$fpl$dfltull)
    __aeabi_cdcmple                          0x08012c05   Thumb Code     0  dleqf.o(x$fpl$dleqf)
    _dcmple                                  0x08012c05   Thumb Code   120  dleqf.o(x$fpl$dleqf)
    __fpl_dcmple_InfNaN                      0x08012c67   Thumb Code     0  dleqf.o(x$fpl$dleqf)
    __aeabi_dmul                             0x08012c7d   Thumb Code     0  dmul.o(x$fpl$dmul)
    _dmul                                    0x08012c7d   Thumb Code   332  dmul.o(x$fpl$dmul)
    __fpl_dnaninf                            0x08012dd1   Thumb Code   156  dnaninf.o(x$fpl$dnaninf)
    __fpl_dretinf                            0x08012e6d   Thumb Code    12  dretinf.o(x$fpl$dretinf)
    __aeabi_cdrcmple                         0x08012e79   Thumb Code     0  drleqf.o(x$fpl$drleqf)
    _drcmple                                 0x08012e79   Thumb Code   108  drleqf.o(x$fpl$drleqf)
    __aeabi_drsub                            0x08012ee5   Thumb Code     0  daddsub_clz.o(x$fpl$drsb)
    _drsb                                    0x08012ee5   Thumb Code    22  daddsub_clz.o(x$fpl$drsb)
    _dsqrt                                   0x08012efd   Thumb Code   404  dsqrt_umaal.o(x$fpl$dsqrt)
    __aeabi_dsub                             0x08013095   Thumb Code     0  daddsub_clz.o(x$fpl$dsub)
    _dsub                                    0x08013095   Thumb Code   464  daddsub_clz.o(x$fpl$dsub)
    __aeabi_f2d                              0x08013269   Thumb Code     0  f2d.o(x$fpl$f2d)
    _f2d                                     0x08013269   Thumb Code    86  f2d.o(x$fpl$f2d)
    __fpl_fnaninf                            0x080132bf   Thumb Code   140  fnaninf.o(x$fpl$fnaninf)
    _fp_init                                 0x0801334b   Thumb Code    10  fpinit.o(x$fpl$fpinit)
    __fplib_config_fpu_vfp                   0x08013353   Thumb Code     0  fpinit.o(x$fpl$fpinit)
    __fplib_config_pureend_doubles           0x08013353   Thumb Code     0  fpinit.o(x$fpl$fpinit)
    __aeabi_d2ulz                            0x08013355   Thumb Code     0  dfixull.o(x$fpl$llufromd)
    _ll_ufrom_d                              0x08013355   Thumb Code   120  dfixull.o(x$fpl$llufromd)
    __I$use$fp                               0x080133cc   Number         0  usenofp.o(x$fpl$usenofp)
    asc2_1206                                0x080133fe   Data        1140  lcd.o(.constdata)
    asc2_1608                                0x08013872   Data        1520  lcd.o(.constdata)
    asc2_2412                                0x08013e62   Data        3420  lcd.o(.constdata)
    asc2_3216                                0x08014bbe   Data        6080  lcd.o(.constdata)
    array_CHAR                               0x0801637e   Data          16  keyboard.o(.constdata)
    FT5206_TPX_TBL                           0x0801638e   Data          10  ft5206.o(.constdata)
    GT9147_CFG_TBL                           0x08016398   Data         184  gt9147.o(.constdata)
    GT9147_TPX_TBL                           0x08016450   Data          10  gt9147.o(.constdata)
    OTT_TPX_TBL                              0x0801645a   Data          10  ott2001a.o(.constdata)
    TP_REMIND_MSG_TBL                        0x08016464   Data           4  touch.o(.constdata)
    FSMC_DefaultTimingStruct                 0x08016468   Data          28  stm32f4xx_fsmc.o(.constdata)
    memtblsize                               0x08016484   Data          12  malloc.o(.constdata)
    memblksize                               0x08016490   Data          12  malloc.o(.constdata)
    memsize                                  0x0801649c   Data          12  malloc.o(.constdata)
    FILE_TYPE_TBL                            0x080164e4   Data         112  exfuns.o(.constdata)
    Region$$Table$$Base                      0x08041304   Number         0  anon$$obj.o(Region$$Table)
    Region$$Table$$Limit                     0x08041324   Number         0  anon$$obj.o(Region$$Table)
    mem3base                                 0x10000000   Data       61440  malloc.o(.ARM.__AT_0x10000000)
    mem3mapbase                              0x1000f000   Data        3840  malloc.o(.ARM.__AT_0x1000F000)
    i                                        0x20000000   Data           4  main.o(.data)
    j                                        0x20000004   Data           4  main.o(.data)
    data_f                                   0x20000008   Data           8  main.o(.data)
    new_signal_flag                          0x20000010   Data           1  main.o(.data)
    data_snd                                 0x20000012   Data          40  main.o(.data)
    fp                                       0x2000003c   Data           4  main.o(.data)
    size                                     0x20000040   Data           4  main.o(.data)
    SystemCoreClock                          0x20000044   Data           4  system_stm32f4xx.o(.data)
    AHBPrescTable                            0x20000048   Data          16  system_stm32f4xx.o(.data)
    POINT_COLOR                              0x20000058   Data           2  lcd.o(.data)
    BACK_COLOR                               0x2000005a   Data           2  lcd.o(.data)
    Enter_flag                               0x20000060   Data           4  keyboard.o(.data)
    KBCode                                   0x20000064   Data           8  keyboard.o(.data)
    KeyValue                                 0x2000006c   Data           1  keyboard.o(.data)
    KeyChange_Flag                           0x2000006d   Data           1  keyboard.o(.data)
    freq                                     0x20000070   Data           8  keyboard.o(.data)
    tp_dev                                   0x20000090   Data          52  touch.o(.data)
    CMD_RDX                                  0x200000c4   Data           1  touch.o(.data)
    CMD_RDY                                  0x200000c5   Data           1  touch.o(.data)
    SPI_NULL                                 0x200000c8   Data           8  exti.o(.data)
    Data_R                                   0x200000d0   Data           8  exti.o(.data)
    TransferError                            0x200000e2   Data           1  sdio_sdcard.o(.data)
    TransferEnd                              0x200000e3   Data           1  sdio_sdcard.o(.data)
    tempbuff                                 0x200000e4   Data           4  sdio_sdcard.o(.data)
    W25QXX_TYPE                              0x200000e8   Data           2  w25qxx.o(.data)
    music                                    0x200000ea   Data           2  timer.o(.data)
    __stdout                                 0x200000f0   Data           4  usart.o(.data)
    USART_RX_STA                             0x200000f4   Data           2  usart.o(.data)
    mallco_dev                               0x20000108   Data          36  malloc.o(.data)
    file                                     0x20000130   Data           4  exfuns.o(.data)
    ftemp                                    0x20000134   Data           4  exfuns.o(.data)
    br                                       0x20000138   Data           4  exfuns.o(.data)
    bw                                       0x2000013c   Data           4  exfuns.o(.data)
    fatbuf                                   0x20000140   Data           4  exfuns.o(.data)
    FLASH_SECTOR_COUNT                       0x20000144   Data           2  diskio.o(.data)
    lcddev                                   0x20000148   Data          14  lcd.o(.bss)
    SDIO_InitStructure                       0x200001a0   Data          24  sdio_sdcard.o(.bss)
    SDIO_CmdInitStructure                    0x200001b8   Data          20  sdio_sdcard.o(.bss)
    SDIO_DataInitStructure                   0x200001cc   Data          24  sdio_sdcard.o(.bss)
    SDCardInfo                               0x20000208   Data          88  sdio_sdcard.o(.bss)
    SDIO_DATA_BUFFER                         0x20000260   Data         512  sdio_sdcard.o(.bss)
    W25QXX_BUFFER                            0x20000460   Data        4096  w25qxx.o(.bss)
    USART_RX_BUF                             0x20001460   Data         200  usart.o(.bss)
    mem1base                                 0x20001540   Data       102400  malloc.o(.bss)
    mem1mapbase                              0x2001a540   Data        6400  malloc.o(.bss)
    fs                                       0x2001be4c   Data          12  exfuns.o(.bss)
    fileinfo                                 0x2001be58   Data          32  exfuns.o(.bss)
    dir                                      0x2001be78   Data          36  exfuns.o(.bss)
    __libspace_start                         0x2001be9c   Data          96  libspace.o(.bss)
    __temporary_stack_top$libspace           0x2001befc   Data           0  libspace.o(.bss)
    mem2base                                 0x68000000   Data       983040  malloc.o(.ARM.__AT_0x68000000)
    mem2mapbase                              0x680f0000   Data       61440  malloc.o(.ARM.__AT_0x680F0000)



==============================================================================

Memory Map of the image

  Image Entry point : 0x08000189

  Load Region LR_IROM1 (Base: 0x08000000, Size: 0x0004146c, Max: 0x00100000, ABSOLUTE, COMPRESSED[0x0004139c])

    Execution Region ER_IROM1 (Exec base: 0x08000000, Load base: 0x08000000, Size: 0x00041324, Max: 0x00100000, ABSOLUTE)

    Exec Addr    Load Addr    Size         Type   Attr      Idx    E Section Name        Object

    0x08000000   0x08000000   0x00000188   Data   RO          894    RESET               startup_stm32f40_41xxx.o
    0x08000188   0x08000188   0x00000008   Code   RO         1360  * !!!main             c_w.l(__main.o)
    0x08000190   0x08000190   0x00000034   Code   RO         1626    !!!scatter          c_w.l(__scatter.o)
    0x080001c4   0x080001c4   0x0000005a   Code   RO         1624    !!dczerorl2         c_w.l(__dczerorl2.o)
    0x0800021e   0x0800021e   0x00000002   PAD
    0x08000220   0x08000220   0x0000001c   Code   RO         1628    !!handler_zi        c_w.l(__scatter_zi.o)
    0x0800023c   0x0800023c   0x00000000   Code   RO         1347    .ARM.Collect$$_printf_percent$$00000000  c_w.l(_printf_percent.o)
    0x0800023c   0x0800023c   0x00000006   Code   RO         1346    .ARM.Collect$$_printf_percent$$00000009  c_w.l(_printf_d.o)
    0x08000242   0x08000242   0x00000006   Code   RO         1345    .ARM.Collect$$_printf_percent$$0000000C  c_w.l(_printf_x.o)
    0x08000248   0x08000248   0x00000006   Code   RO         1344    .ARM.Collect$$_printf_percent$$00000014  c_w.l(_printf_s.o)
    0x0800024e   0x0800024e   0x00000004   Code   RO         1437    .ARM.Collect$$_printf_percent$$00000017  c_w.l(_printf_percent_end.o)
    0x08000252   0x08000252   0x00000002   Code   RO         1501    .ARM.Collect$$libinit$$00000000  c_w.l(libinit.o)
    0x08000254   0x08000254   0x00000004   Code   RO         1510    .ARM.Collect$$libinit$$00000001  c_w.l(libinit2.o)
    0x08000258   0x08000258   0x00000000   Code   RO         1513    .ARM.Collect$$libinit$$00000004  c_w.l(libinit2.o)
    0x08000258   0x08000258   0x00000000   Code   RO         1516    .ARM.Collect$$libinit$$0000000A  c_w.l(libinit2.o)
    0x08000258   0x08000258   0x00000000   Code   RO         1518    .ARM.Collect$$libinit$$0000000C  c_w.l(libinit2.o)
    0x08000258   0x08000258   0x00000000   Code   RO         1520    .ARM.Collect$$libinit$$0000000E  c_w.l(libinit2.o)
    0x08000258   0x08000258   0x00000000   Code   RO         1523    .ARM.Collect$$libinit$$00000011  c_w.l(libinit2.o)
    0x08000258   0x08000258   0x00000000   Code   RO         1525    .ARM.Collect$$libinit$$00000013  c_w.l(libinit2.o)
    0x08000258   0x08000258   0x00000000   Code   RO         1527    .ARM.Collect$$libinit$$00000015  c_w.l(libinit2.o)
    0x08000258   0x08000258   0x00000000   Code   RO         1529    .ARM.Collect$$libinit$$00000017  c_w.l(libinit2.o)
    0x08000258   0x08000258   0x00000000   Code   RO         1531    .ARM.Collect$$libinit$$00000019  c_w.l(libinit2.o)
    0x08000258   0x08000258   0x00000000   Code   RO         1533    .ARM.Collect$$libinit$$0000001B  c_w.l(libinit2.o)
    0x08000258   0x08000258   0x00000000   Code   RO         1535    .ARM.Collect$$libinit$$0000001D  c_w.l(libinit2.o)
    0x08000258   0x08000258   0x00000000   Code   RO         1537    .ARM.Collect$$libinit$$0000001F  c_w.l(libinit2.o)
    0x08000258   0x08000258   0x00000000   Code   RO         1539    .ARM.Collect$$libinit$$00000021  c_w.l(libinit2.o)
    0x08000258   0x08000258   0x00000000   Code   RO         1541    .ARM.Collect$$libinit$$00000023  c_w.l(libinit2.o)
    0x08000258   0x08000258   0x00000000   Code   RO         1543    .ARM.Collect$$libinit$$00000025  c_w.l(libinit2.o)
    0x08000258   0x08000258   0x00000000   Code   RO         1547    .ARM.Collect$$libinit$$0000002C  c_w.l(libinit2.o)
    0x08000258   0x08000258   0x00000000   Code   RO         1549    .ARM.Collect$$libinit$$0000002E  c_w.l(libinit2.o)
    0x08000258   0x08000258   0x00000000   Code   RO         1551    .ARM.Collect$$libinit$$00000030  c_w.l(libinit2.o)
    0x08000258   0x08000258   0x00000000   Code   RO         1553    .ARM.Collect$$libinit$$00000032  c_w.l(libinit2.o)
    0x08000258   0x08000258   0x00000002   Code   RO         1554    .ARM.Collect$$libinit$$00000033  c_w.l(libinit2.o)
    0x0800025a   0x0800025a   0x00000002   Code   RO         1580    .ARM.Collect$$libshutdown$$00000000  c_w.l(libshutdown.o)
    0x0800025c   0x0800025c   0x00000000   Code   RO         1607    .ARM.Collect$$libshutdown$$00000002  c_w.l(libshutdown2.o)
    0x0800025c   0x0800025c   0x00000000   Code   RO         1609    .ARM.Collect$$libshutdown$$00000004  c_w.l(libshutdown2.o)
    0x0800025c   0x0800025c   0x00000000   Code   RO         1612    .ARM.Collect$$libshutdown$$00000007  c_w.l(libshutdown2.o)
    0x0800025c   0x0800025c   0x00000000   Code   RO         1615    .ARM.Collect$$libshutdown$$0000000A  c_w.l(libshutdown2.o)
    0x0800025c   0x0800025c   0x00000000   Code   RO         1617    .ARM.Collect$$libshutdown$$0000000C  c_w.l(libshutdown2.o)
    0x0800025c   0x0800025c   0x00000000   Code   RO         1620    .ARM.Collect$$libshutdown$$0000000F  c_w.l(libshutdown2.o)
    0x0800025c   0x0800025c   0x00000002   Code   RO         1621    .ARM.Collect$$libshutdown$$00000010  c_w.l(libshutdown2.o)
    0x0800025e   0x0800025e   0x00000000   Code   RO         1424    .ARM.Collect$$rtentry$$00000000  c_w.l(__rtentry.o)
    0x0800025e   0x0800025e   0x00000000   Code   RO         1454    .ARM.Collect$$rtentry$$00000002  c_w.l(__rtentry2.o)
    0x0800025e   0x0800025e   0x00000006   Code   RO         1466    .ARM.Collect$$rtentry$$00000004  c_w.l(__rtentry4.o)
    0x08000264   0x08000264   0x00000000   Code   RO         1456    .ARM.Collect$$rtentry$$00000009  c_w.l(__rtentry2.o)
    0x08000264   0x08000264   0x00000004   Code   RO         1457    .ARM.Collect$$rtentry$$0000000A  c_w.l(__rtentry2.o)
    0x08000268   0x08000268   0x00000000   Code   RO         1459    .ARM.Collect$$rtentry$$0000000C  c_w.l(__rtentry2.o)
    0x08000268   0x08000268   0x00000008   Code   RO         1460    .ARM.Collect$$rtentry$$0000000D  c_w.l(__rtentry2.o)
    0x08000270   0x08000270   0x00000002   Code   RO         1502    .ARM.Collect$$rtexit$$00000000  c_w.l(rtexit.o)
    0x08000272   0x08000272   0x00000000   Code   RO         1556    .ARM.Collect$$rtexit$$00000002  c_w.l(rtexit2.o)
    0x08000272   0x08000272   0x00000004   Code   RO         1557    .ARM.Collect$$rtexit$$00000003  c_w.l(rtexit2.o)
    0x08000276   0x08000276   0x00000006   Code   RO         1558    .ARM.Collect$$rtexit$$00000004  c_w.l(rtexit2.o)
    0x0800027c   0x0800027c   0x00000010   Code   RO          845    .emb_text           sys.o
    0x0800028c   0x0800028c   0x000008a0   Code   RO            3    .text               main.o
    0x08000b2c   0x08000b2c   0x0000001a   Code   RO          228    .text               stm32f4xx_it.o
    0x08000b46   0x08000b46   0x00000002   PAD
    0x08000b48   0x08000b48   0x00000210   Code   RO          277    .text               system_stm32f4xx.o
    0x08000d58   0x08000d58   0x00005388   Code   RO          323    .text               lcd.o
    0x080060e0   0x080060e0   0x00000cac   Code   RO          405    .text               keyboard.o
    0x08006d8c   0x08006d8c   0x0000013c   Code   RO          479    .text               spi.o
    0x08006ec8   0x08006ec8   0x0000025c   Code   RO          522    .text               myiic.o
    0x08007124   0x08007124   0x0000017a   Code   RO          545    .text               24cxx.o
    0x0800729e   0x0800729e   0x00000002   PAD
    0x080072a0   0x080072a0   0x00000254   Code   RO          568    .text               ctiic.o
    0x080074f4   0x080074f4   0x0000032c   Code   RO          588    .text               ft5206.o
    0x08007820   0x08007820   0x00000454   Code   RO          612    .text               gt9147.o
    0x08007c74   0x08007c74   0x00000388   Code   RO          636    .text               ott2001a.o
    0x08007ffc   0x08007ffc   0x000010e0   Code   RO          660    .text               touch.o
    0x080090dc   0x080090dc   0x00000124   Code   RO          688    .text               exti.o
    0x08009200   0x08009200   0x00001d60   Code   RO          715    .text               sdio_sdcard.o
    0x0800af60   0x0800af60   0x00000378   Code   RO          749    .text               w25qxx.o
    0x0800b2d8   0x0800b2d8   0x000000d4   Code   RO          776    .text               dac.o
    0x0800b3ac   0x0800b3ac   0x000000b4   Code   RO          796    .text               timer.o
    0x0800b460   0x0800b460   0x0000013c   Code   RO          823    .text               delay.o
    0x0800b59c   0x0800b59c   0x00000148   Code   RO          863    .text               usart.o
    0x0800b6e4   0x0800b6e4   0x00000040   Code   RO          895    .text               startup_stm32f40_41xxx.o
    0x0800b724   0x0800b724   0x000000e0   Code   RO          901    .text               misc.o
    0x0800b804   0x0800b804   0x00000294   Code   RO          921    .text               stm32f4xx_gpio.o
    0x0800ba98   0x0800ba98   0x000005c8   Code   RO          941    .text               stm32f4xx_fsmc.o
    0x0800c060   0x0800c060   0x0000065c   Code   RO          964    .text               stm32f4xx_rcc.o
    0x0800c6bc   0x0800c6bc   0x00000094   Code   RO          986    .text               stm32f4xx_syscfg.o
    0x0800c750   0x0800c750   0x00000454   Code   RO         1006    .text               stm32f4xx_usart.o
    0x0800cba4   0x0800cba4   0x00000110   Code   RO         1026    .text               stm32f4xx_exti.o
    0x0800ccb4   0x0800ccb4   0x00000480   Code   RO         1066    .text               stm32f4xx_spi.o
    0x0800d134   0x0800d134   0x000003a8   Code   RO         1086    .text               stm32f4xx_dma.o
    0x0800d4dc   0x0800d4dc   0x000001dc   Code   RO         1106    .text               stm32f4xx_sdio.o
    0x0800d6b8   0x0800d6b8   0x00000210   Code   RO         1126    .text               stm32f4xx_dac.o
    0x0800d8c8   0x0800d8c8   0x00000ca2   Code   RO         1146    .text               stm32f4xx_tim.o
    0x0800e56a   0x0800e56a   0x00000002   PAD
    0x0800e56c   0x0800e56c   0x0000022c   Code   RO         1166    .text               malloc.o
    0x0800e798   0x0800e798   0x0000329a   Code   RO         1196    .text               ff.o
    0x08011a32   0x08011a32   0x00000002   PAD
    0x08011a34   0x08011a34   0x00000198   Code   RO         1217    .text               exfuns.o
    0x08011bcc   0x08011bcc   0x00000200   Code   RO         1246    .text               diskio.o
    0x08011dcc   0x08011dcc   0x000000b4   Code   RO         1271    .text               cc936.o
    0x08011e80   0x08011e80   0x00000002   Code   RO         1287    .text               c_w.l(use_no_semi_2.o)
    0x08011e82   0x08011e82   0x000000ee   Code   RO         1289    .text               c_w.l(lludivv7m.o)
    0x08011f70   0x08011f70   0x00000048   Code   RO         1291    .text               c_w.l(llsdiv.o)
    0x08011fb8   0x08011fb8   0x00000018   Code   RO         1295    .text               c_w.l(noretval__2printf.o)
    0x08011fd0   0x08011fd0   0x00000068   Code   RO         1297    .text               c_w.l(__printf.o)
    0x08012038   0x08012038   0x00000052   Code   RO         1299    .text               c_w.l(_printf_str.o)
    0x0801208a   0x0801208a   0x00000002   PAD
    0x0801208c   0x0801208c   0x00000078   Code   RO         1301    .text               c_w.l(_printf_dec.o)
    0x08012104   0x08012104   0x00000058   Code   RO         1306    .text               c_w.l(_printf_hex_int.o)
    0x0801215c   0x0801215c   0x00000048   Code   RO         1348    .text               c_w.l(strcpy.o)
    0x080121a4   0x080121a4   0x0000008a   Code   RO         1350    .text               c_w.l(rt_memcpy_v6.o)
    0x0801222e   0x0801222e   0x00000064   Code   RO         1352    .text               c_w.l(rt_memcpy_w.o)
    0x08012292   0x08012292   0x00000010   Code   RO         1354    .text               c_w.l(aeabi_memset.o)
    0x080122a2   0x080122a2   0x00000002   PAD
    0x080122a4   0x080122a4   0x00000080   Code   RO         1356    .text               c_w.l(strcmpv7m.o)
    0x08012324   0x08012324   0x00000006   Code   RO         1358    .text               c_w.l(heapauxi.o)
    0x0801232a   0x0801232a   0x00000002   Code   RO         1422    .text               c_w.l(use_no_semi.o)
    0x0801232c   0x0801232c   0x00000016   Code   RO         1429    .text               c_w.l(_rserrno.o)
    0x08012342   0x08012342   0x000000b2   Code   RO         1431    .text               c_w.l(_printf_intcommon.o)
    0x080123f4   0x080123f4   0x0000002c   Code   RO         1433    .text               c_w.l(_printf_char.o)
    0x08012420   0x08012420   0x00000024   Code   RO         1435    .text               c_w.l(_printf_char_file.o)
    0x08012444   0x08012444   0x00000044   Code   RO         1438    .text               c_w.l(rt_memclr.o)
    0x08012488   0x08012488   0x00000008   Code   RO         1473    .text               c_w.l(rt_errno_addr_intlibspace.o)
    0x08012490   0x08012490   0x00000030   Code   RO         1475    .text               c_w.l(_printf_char_common.o)
    0x080124c0   0x080124c0   0x00000008   Code   RO         1477    .text               c_w.l(ferror.o)
    0x080124c8   0x080124c8   0x0000004e   Code   RO         1481    .text               c_w.l(rt_memclr_w.o)
    0x08012516   0x08012516   0x00000002   PAD
    0x08012518   0x08012518   0x00000008   Code   RO         1483    .text               c_w.l(libspace.o)
    0x08012520   0x08012520   0x0000004a   Code   RO         1486    .text               c_w.l(sys_stackheap_outer.o)
    0x0801256a   0x0801256a   0x00000012   Code   RO         1490    .text               c_w.l(exit.o)
    0x0801257c   0x0801257c   0x0000007a   Code   RO         1410    i.__hardfp_sqrt     m_wm.l(sqrt.o)
    0x080125f6   0x080125f6   0x00000018   Code   RO         1362    x$fpl$basic         fz_wm.l(basic.o)
    0x0801260e   0x0801260e   0x00000002   PAD
    0x08012610   0x08012610   0x00000150   Code   RO         1366    x$fpl$dadd          fz_wm.l(daddsub_clz.o)
    0x08012760   0x08012760   0x00000018   Code   RO         1440    x$fpl$dcmpinf       fz_wm.l(dcmpi.o)
    0x08012778   0x08012778   0x000002b0   Code   RO         1373    x$fpl$ddiv          fz_wm.l(ddiv.o)
    0x08012a28   0x08012a28   0x0000005a   Code   RO         1384    x$fpl$dfixu         fz_wm.l(dfixu.o)
    0x08012a82   0x08012a82   0x0000002e   Code   RO         1393    x$fpl$dflt          fz_wm.l(dflt_clz.o)
    0x08012ab0   0x08012ab0   0x000000a2   Code   RO         1398    x$fpl$dfltll        fz_wm.l(dfltll_clz.o)
    0x08012b52   0x08012b52   0x00000026   Code   RO         1392    x$fpl$dfltu         fz_wm.l(dflt_clz.o)
    0x08012b78   0x08012b78   0x0000008a   Code   RO         1399    x$fpl$dfltull       fz_wm.l(dfltll_clz.o)
    0x08012c02   0x08012c02   0x00000002   PAD
    0x08012c04   0x08012c04   0x00000078   Code   RO         1402    x$fpl$dleqf         fz_wm.l(dleqf.o)
    0x08012c7c   0x08012c7c   0x00000154   Code   RO         1404    x$fpl$dmul          fz_wm.l(dmul.o)
    0x08012dd0   0x08012dd0   0x0000009c   Code   RO         1442    x$fpl$dnaninf       fz_wm.l(dnaninf.o)
    0x08012e6c   0x08012e6c   0x0000000c   Code   RO         1444    x$fpl$dretinf       fz_wm.l(dretinf.o)
    0x08012e78   0x08012e78   0x0000006c   Code   RO         1406    x$fpl$drleqf        fz_wm.l(drleqf.o)
    0x08012ee4   0x08012ee4   0x00000016   Code   RO         1367    x$fpl$drsb          fz_wm.l(daddsub_clz.o)
    0x08012efa   0x08012efa   0x00000002   PAD
    0x08012efc   0x08012efc   0x00000198   Code   RO         1446    x$fpl$dsqrt         fz_wm.l(dsqrt_umaal.o)
    0x08013094   0x08013094   0x000001d4   Code   RO         1368    x$fpl$dsub          fz_wm.l(daddsub_clz.o)
    0x08013268   0x08013268   0x00000056   Code   RO         1408    x$fpl$f2d           fz_wm.l(f2d.o)
    0x080132be   0x080132be   0x0000008c   Code   RO         1448    x$fpl$fnaninf       fz_wm.l(fnaninf.o)
    0x0801334a   0x0801334a   0x0000000a   Code   RO         1568    x$fpl$fpinit        fz_wm.l(fpinit.o)
    0x08013354   0x08013354   0x00000078   Code   RO         1388    x$fpl$llufromd      fz_wm.l(dfixull.o)
    0x080133cc   0x080133cc   0x00000000   Code   RO         1452    x$fpl$usenofp       fz_wm.l(usenofp.o)
    0x080133cc   0x080133cc   0x00000032   Data   RO            4    .constdata          main.o
    0x080133fe   0x080133fe   0x00002f80   Data   RO          325    .constdata          lcd.o
    0x0801637e   0x0801637e   0x00000010   Data   RO          407    .constdata          keyboard.o
    0x0801638e   0x0801638e   0x0000000a   Data   RO          589    .constdata          ft5206.o
    0x08016398   0x08016398   0x000000c2   Data   RO          613    .constdata          gt9147.o
    0x0801645a   0x0801645a   0x0000000a   Data   RO          637    .constdata          ott2001a.o
    0x08016464   0x08016464   0x00000004   Data   RO          661    .constdata          touch.o
    0x08016468   0x08016468   0x0000001c   Data   RO          942    .constdata          stm32f4xx_fsmc.o
    0x08016484   0x08016484   0x00000024   Data   RO         1172    .constdata          malloc.o
    0x080164a8   0x080164a8   0x0000003a   Data   RO         1198    .constdata          ff.o
    0x080164e2   0x080164e2   0x00000002   PAD
    0x080164e4   0x080164e4   0x00000070   Data   RO         1219    .constdata          exfuns.o
    0x08016554   0x08016554   0x0002acc8   Data   RO         1272    .constdata          cc936.o
    0x0804121c   0x0804121c   0x00000028   Data   RO         1307    .constdata          c_w.l(_printf_hex_int.o)
    0x08041244   0x08041244   0x00000079   Data   RO          662    .conststring        touch.o
    0x080412bd   0x080412bd   0x00000003   PAD
    0x080412c0   0x080412c0   0x00000044   Data   RO         1220    .conststring        exfuns.o
    0x08041304   0x08041304   0x00000020   Data   RO         1622    Region$$Table       anon$$obj.o


    Execution Region RW_IRAM1 (Exec base: 0x20000000, Load base: 0x08041324, Size: 0x0001c500, Max: 0x00020000, ABSOLUTE, COMPRESSED[0x00000078])

    Exec Addr    Load Addr    Size         Type   Attr      Idx    E Section Name        Object

    0x20000000   COMPRESSED   0x00000044   Data   RW            5    .data               main.o
    0x20000044   COMPRESSED   0x00000014   Data   RW          278    .data               system_stm32f4xx.o
    0x20000058   COMPRESSED   0x00000004   Data   RW          326    .data               lcd.o
    0x2000005c   COMPRESSED   0x00000004   PAD
    0x20000060   COMPRESSED   0x0000002c   Data   RW          408    .data               keyboard.o
    0x2000008c   COMPRESSED   0x00000001   Data   RW          590    .data               ft5206.o
    0x2000008d   COMPRESSED   0x00000001   Data   RW          614    .data               gt9147.o
    0x2000008e   COMPRESSED   0x00000001   Data   RW          638    .data               ott2001a.o
    0x2000008f   COMPRESSED   0x00000001   PAD
    0x20000090   COMPRESSED   0x00000036   Data   RW          663    .data               touch.o
    0x200000c6   COMPRESSED   0x00000002   PAD
    0x200000c8   COMPRESSED   0x00000010   Data   RW          689    .data               exti.o
    0x200000d8   COMPRESSED   0x00000010   Data   RW          717    .data               sdio_sdcard.o
    0x200000e8   COMPRESSED   0x00000002   Data   RW          751    .data               w25qxx.o
    0x200000ea   COMPRESSED   0x00000002   Data   RW          797    .data               timer.o
    0x200000ec   COMPRESSED   0x00000004   Data   RW          824    .data               delay.o
    0x200000f0   COMPRESSED   0x00000006   Data   RW          865    .data               usart.o
    0x200000f6   COMPRESSED   0x00000010   Data   RW          965    .data               stm32f4xx_rcc.o
    0x20000106   COMPRESSED   0x00000002   PAD
    0x20000108   COMPRESSED   0x00000024   Data   RW         1173    .data               malloc.o
    0x2000012c   COMPRESSED   0x00000002   Data   RW         1199    .data               ff.o
    0x2000012e   COMPRESSED   0x00000002   PAD
    0x20000130   COMPRESSED   0x00000014   Data   RW         1221    .data               exfuns.o
    0x20000144   COMPRESSED   0x00000002   Data   RW         1247    .data               diskio.o
    0x20000146   COMPRESSED   0x00000002   PAD
    0x20000148        -       0x0000000e   Zero   RW          324    .bss                lcd.o
    0x20000156        -       0x00000044   Zero   RW          406    .bss                keyboard.o
    0x2000019a   COMPRESSED   0x00000006   PAD
    0x200001a0        -       0x000002c0   Zero   RW          716    .bss                sdio_sdcard.o
    0x20000460        -       0x00001000   Zero   RW          750    .bss                w25qxx.o
    0x20001460        -       0x000000c8   Zero   RW          864    .bss                usart.o
    0x20001528   COMPRESSED   0x00000018   PAD
    0x20001540        -       0x0001a900   Zero   RW         1171    .bss                malloc.o
    0x2001be40        -       0x0000000c   Zero   RW         1197    .bss                ff.o
    0x2001be4c        -       0x00000050   Zero   RW         1218    .bss                exfuns.o
    0x2001be9c        -       0x00000060   Zero   RW         1484    .bss                c_w.l(libspace.o)
    0x2001befc   COMPRESSED   0x00000004   PAD
    0x2001bf00        -       0x00000200   Zero   RW          893    HEAP                startup_stm32f40_41xxx.o
    0x2001c100        -       0x00000400   Zero   RW          892    STACK               startup_stm32f40_41xxx.o



  Load Region LR$$.ARM.__AT_0x10000000 (Base: 0x10000000, Size: 0x00000000, Max: 0x0000f000, ABSOLUTE)

    Execution Region ER$$.ARM.__AT_0x10000000 (Exec base: 0x10000000, Load base: 0x10000000, Size: 0x0000f000, Max: 0x0000f000, ABSOLUTE, UNINIT)

    Exec Addr    Load Addr    Size         Type   Attr      Idx    E Section Name        Object

    0x10000000        -       0x0000f000   Zero   RW         1167    .ARM.__AT_0x10000000  malloc.o



  Load Region LR$$.ARM.__AT_0x1000F000 (Base: 0x1000f000, Size: 0x00000000, Max: 0x00000f00, ABSOLUTE)

    Execution Region ER$$.ARM.__AT_0x1000F000 (Exec base: 0x1000f000, Load base: 0x1000f000, Size: 0x00000f00, Max: 0x00000f00, ABSOLUTE, UNINIT)

    Exec Addr    Load Addr    Size         Type   Attr      Idx    E Section Name        Object

    0x1000f000        -       0x00000f00   Zero   RW         1168    .ARM.__AT_0x1000F000  malloc.o



  Load Region LR$$.ARM.__AT_0x68000000 (Base: 0x68000000, Size: 0x00000000, Max: 0x000f0000, ABSOLUTE)

    Execution Region ER$$.ARM.__AT_0x68000000 (Exec base: 0x68000000, Load base: 0x68000000, Size: 0x000f0000, Max: 0x000f0000, ABSOLUTE, UNINIT)

    Exec Addr    Load Addr    Size         Type   Attr      Idx    E Section Name        Object

    0x68000000        -       0x000f0000   Zero   RW         1169    .ARM.__AT_0x68000000  malloc.o



  Load Region LR$$.ARM.__AT_0x680F0000 (Base: 0x680f0000, Size: 0x00000000, Max: 0x0000f000, ABSOLUTE)

    Execution Region ER$$.ARM.__AT_0x680F0000 (Exec base: 0x680f0000, Load base: 0x680f0000, Size: 0x0000f000, Max: 0x0000f000, ABSOLUTE, UNINIT)

    Exec Addr    Load Addr    Size         Type   Attr      Idx    E Section Name        Object

    0x680f0000        -       0x0000f000   Zero   RW         1170    .ARM.__AT_0x680F0000  malloc.o


==============================================================================

Image component sizes


      Code (inc. data)   RO Data    RW Data    ZI Data      Debug   Object Name

       378          0          0          0          0       2838   24cxx.o
       180         18     175304          0          0       1793   cc936.o
       596         24          0          0          0       2093   ctiic.o
       212         30          0          0          0        861   dac.o
       316          8          0          4          0       1769   delay.o
       512          8          0          2          0       3702   diskio.o
       408         22        180         20         80       2804   exfuns.o
       292         24          0         16          0       1176   exti.o
     12954        136         58          2         12      35814   ff.o
       812         40         10          1          0       2567   ft5206.o
      1108         80        194          1          0       3146   gt9147.o
      3244        156         16         44         68       9993   keyboard.o
     21384        216      12160          4         14      26465   lcd.o
      2208        698         50         68          0     332861   main.o
       556         18         36         36    1218560       5021   malloc.o
       224         20          0          0          0       1833   misc.o
       604         14          0          0          0       1928   myiic.o
       904         66         10          1          0       2771   ott2001a.o
      7520        282          0         16        704      25297   sdio_sdcard.o
       316          8          0          0          0       1109   spi.o
        64         26        392          0       1536        844   startup_stm32f40_41xxx.o
       528          6          0          0          0       5057   stm32f4xx_dac.o
       936         32          0          0          0       6413   stm32f4xx_dma.o
       272         10          0          0          0       2303   stm32f4xx_exti.o
      1480         18         28          0          0       5670   stm32f4xx_fsmc.o
       660         44          0          0          0       4177   stm32f4xx_gpio.o
        26          0          0          0          0       1230   stm32f4xx_it.o
      1628         52          0         16          0      13056   stm32f4xx_rcc.o
       476         16          0          0          0       7436   stm32f4xx_sdio.o
      1152         36          0          0          0       6925   stm32f4xx_spi.o
       148         12          0          0          0       1853   stm32f4xx_syscfg.o
      3234         60          0          0          0      23032   stm32f4xx_tim.o
      1108         34          0          0          0       7900   stm32f4xx_usart.o
        16          0          0          0          0        500   sys.o
       528         46          0         20          0       1807   system_stm32f4xx.o
       180         12          0          2          0       3724   timer.o
      4320        228        125         54          0       6877   touch.o
       328         18          0          6        200       3338   usart.o
       888         24          0          2       4096       4513   w25qxx.o

    ----------------------------------------------------------------------
     72708       2542     188600        328    1225300     572496   Object Totals
         0          0         32          0          0          0   (incl. Generated)
         8          0          5         13         30          0   (incl. Padding)

    ----------------------------------------------------------------------

      Code (inc. data)   RO Data    RW Data    ZI Data      Debug   Library Member Name

        90          0          0          0          0          0   __dczerorl2.o
         8          0          0          0          0         68   __main.o
       104          0          0          0          0         84   __printf.o
         0          0          0          0          0          0   __rtentry.o
        12          0          0          0          0          0   __rtentry2.o
         6          0          0          0          0          0   __rtentry4.o
        52          8          0          0          0          0   __scatter.o
        28          0          0          0          0          0   __scatter_zi.o
        44          0          0          0          0        108   _printf_char.o
        48          6          0          0          0         96   _printf_char_common.o
        36          4          0          0          0         80   _printf_char_file.o
         6          0          0          0          0          0   _printf_d.o
       120         16          0          0          0         92   _printf_dec.o
        88          4         40          0          0         88   _printf_hex_int.o
       178          0          0          0          0         88   _printf_intcommon.o
         0          0          0          0          0          0   _printf_percent.o
         4          0          0          0          0          0   _printf_percent_end.o
         6          0          0          0          0          0   _printf_s.o
        82          0          0          0          0         80   _printf_str.o
         6          0          0          0          0          0   _printf_x.o
        22          0          0          0          0        100   _rserrno.o
        16          0          0          0          0         68   aeabi_memset.o
        18          0          0          0          0         80   exit.o
         8          0          0          0          0         68   ferror.o
         6          0          0          0          0        152   heapauxi.o
         2          0          0          0          0          0   libinit.o
         6          0          0          0          0          0   libinit2.o
         2          0          0          0          0          0   libshutdown.o
         2          0          0          0          0          0   libshutdown2.o
         8          4          0          0         96         68   libspace.o
        72          0          0          0          0         76   llsdiv.o
       238          0          0          0          0        100   lludivv7m.o
        24          4          0          0          0         84   noretval__2printf.o
         8          4          0          0          0         68   rt_errno_addr_intlibspace.o
        68          0          0          0          0         68   rt_memclr.o
        78          0          0          0          0         80   rt_memclr_w.o
       138          0          0          0          0         68   rt_memcpy_v6.o
       100          0          0          0          0         80   rt_memcpy_w.o
         2          0          0          0          0          0   rtexit.o
        10          0          0          0          0          0   rtexit2.o
       128          0          0          0          0         68   strcmpv7m.o
        72          0          0          0          0         80   strcpy.o
        74          0          0          0          0         80   sys_stackheap_outer.o
         2          0          0          0          0         68   use_no_semi.o
         2          0          0          0          0         68   use_no_semi_2.o
        24          0          0          0          0        164   basic.o
       826         16          0          0          0        492   daddsub_clz.o
        24          0          0          0          0        116   dcmpi.o
       688        140          0          0          0        256   ddiv.o
        90          4          0          0          0        140   dfixu.o
       120          4          0          0          0        152   dfixull.o
        84          0          0          0          0        232   dflt_clz.o
       300          0          0          0          0        264   dfltll_clz.o
       120          4          0          0          0        140   dleqf.o
       340         12          0          0          0        152   dmul.o
       156          4          0          0          0        140   dnaninf.o
        12          0          0          0          0        116   dretinf.o
       108          0          0          0          0        128   drleqf.o
       408         56          0          0          0        168   dsqrt_umaal.o
        86          4          0          0          0        132   f2d.o
       140          4          0          0          0        132   fnaninf.o
        10          0          0          0          0        116   fpinit.o
         0          0          0          0          0          0   usenofp.o
       122          0          0          0          0        148   sqrt.o

    ----------------------------------------------------------------------
      5696        298         40          0        100       5496   Library Totals
        14          0          0          0          4          0   (incl. Padding)

    ----------------------------------------------------------------------

      Code (inc. data)   RO Data    RW Data    ZI Data      Debug   Library Name

      2024         50         40          0         96       2308   c_w.l
      3536        248          0          0          0       3040   fz_wm.l
       122          0          0          0          0        148   m_wm.l

    ----------------------------------------------------------------------
      5696        298         40          0        100       5496   Library Totals

    ----------------------------------------------------------------------

==============================================================================


      Code (inc. data)   RO Data    RW Data    ZI Data      Debug   

     78404       2840     188640        328    1225400     566544   Grand Totals
     78404       2840     188640        120    1225400     566544   ELF Image Totals (compressed)
     78404       2840     188640        120          0          0   ROM Totals

==============================================================================

    Total RO  Size (Code + RO Data)               267044 ( 260.79kB)
    Total RW  Size (RW Data + ZI Data)           1225728 (1197.00kB)
    Total ROM Size (Code + RO Data + RW Data)     267164 ( 260.90kB)

==============================================================================

